74.125.74.193 - - [20/Jul/2009:21:54:32 -0700] "GET /gwidgets/alexa.xml HTTP/1.1" 200 2969 "-" "Mozilla/5.0 (compatible) Feedfetcher-Google; (+http://www.google.com/feedfetcher.html)"
65.55.109.242 - - [20/Jul/2009:21:54:35 -0700] "GET /gallery/main.php?g2_view=core.DownloadItem&g2_itemId=3372&g2_serialNumber=2 HTTP/1.1" 200 69416 "http://example.org/gallery/main.php?g2_itemId=3370" "Mozilla/4.0 (compatible;  MSIE 6.0;  Windows NT 5.1;  SLCC1;  .NET CLR 1.1.4325;  .NET CLR 2.0.50727;  .NET CLR 3.0.30729;  .NET CLR 3.5.30707;  MS-RTC LM 8)"
122.160.162.2 - - [20/Jul/2009:21:54:38 -0700] "GET /rss.pl HTTP/1.0" 200 35867 "-" "Mozilla/4.0 (compatible; MSIE 7.0; Windows NT 6.0; Trident/4.0; SLCC1; .NET CLR 2.0.50727; .NET CLR 3.5.21022; InfoPath.2; .NET CLR 3.5.30729; .NET CLR 3.0.30618; OfficeLiveConnector.1.3; OfficeLivePatch.1.3; MSOffice 12)"
65.55.107.179 - - [20/Jul/2009:21:55:20 -0700] "GET /?post=24 HTTP/1.1" 200 4698 "-" "msnbot/2.0b (+http://search.msn.com/msnbot.htm)"
72.30.142.87 - - [20/Jul/2009:21:55:29 -0700] "GET /gallery/main.php?g2_itemId=32164 HTTP/1.0" 200 8382 "-" "Mozilla/5.0 (compatible; Yahoo! Slurp/3.0; http://help.yahoo.com/help/us/ysearch/slurp)"
66.249.67.3 - - [20/Jul/2009:21:55:34 -0700] "GET /gallery/main.php?g2_view=search.SearchScan&g2_form%5BuseDefaultSettings%5D=1&g2_return=%2Fgallery%2Fmain.php%3Fg2_itemId%3D15708&g2_returnName=photo HTTP/1.1" 200 6360 "-" "Mozilla/5.0 (compatible; Googlebot/2.1; +http://www.google.com/bot.html)"
69.175.11.210 - - [20/Jul/2009:21:56:11 -0700] "GET /robots.txt HTTP/1.1" 200 590 "-" "nutch/Nutch-1.0 (nutch)"
69.175.11.210 - - [20/Jul/2009:21:56:11 -0700] "GET /?post=214 HTTP/1.1" 200 11216 "-" "nutch/Nutch-1.0 (nutch)"
65.55.106.140 - - [20/Jul/2009:21:56:19 -0700] "GET /gallery/main.php?g2_view=core.UserAdmin&g2_subView=core.UserLogin&g2_return=%2Fgallery%2Fmain.php%3Fg2_itemId%3D3168&g2_returnName=photo HTTP/1.1" 200 4001 "-" "msnbot/2.0b (+http://search.msn.com/msnbot.htm)"
210.8.136.93 - - [20/Jul/2009:21:56:20 -0700] "GET /gnucache/index.php?get=1&net=gnutella&client=GNUC&version=1.1.1.6 HTTP/1.1" 404 146 "-" "Mozilla/4.0"
65.55.106.140 - - [20/Jul/2009:21:56:26 -0700] "GET /gallery/main.php?g2_itemId=16293&g2_page=4 HTTP/1.1" 200 19544 "-" "msnbot/2.0b (+http://search.msn.com/msnbot.htm)"
72.30.142.87 - - [20/Jul/2009:21:56:45 -0700] "GET /gallery/main.php?g2_itemId=27020 HTTP/1.0" 200 8269 "-" "Mozilla/5.0 (compatible; Yahoo! Slurp/3.0; http://help.yahoo.com/help/us/ysearch/slurp)"
122.160.162.2 - - [20/Jul/2009:21:56:51 -0700] "GET /rss.pl HTTP/1.0" 200 35867 "-" "Mozilla/4.0 (compatible; MSIE 7.0; Windows NT 6.0; Trident/4.0; SLCC1; .NET CLR 2.0.50727; .NET CLR 3.5.21022; InfoPath.2; .NET CLR 3.5.30729; .NET CLR 3.0.30618; OfficeLiveConnector.1.3; OfficeLivePatch.1.3; MSOffice 12)"
66.249.67.3 - - [20/Jul/2009:21:57:48 -0700] "GET /gallery/main.php?g2_view=search.SearchScan&g2_form%5BuseDefaultSettings%5D=1&g2_return=%2Fgallery%2Fmain.php%3Fg2_itemId%3D15675&g2_returnName=photo HTTP/1.1" 200 6360 "-" "Mozilla/5.0 (compatible; Googlebot/2.1; +http://www.google.com/bot.html)"
65.55.106.136 - - [20/Jul/2009:21:58:26 -0700] "GET /gallery/main.php?g2_view=keyalbum.KeywordAlbum&g2_keyword=robert+hui&g2_itemId=26987&g2_fromNavId=x4211a52c HTTP/1.1" 200 9660 "-" "msnbot/2.0b (+http://search.msn.com/msnbot.htm)"
66.249.67.3 - - [20/Jul/2009:21:58:54 -0700] "GET /gallery/main.php?g2_view=search.SearchScan&g2_form%5BuseDefaultSettings%5D=1&g2_return=%2Fgallery%2Fmain.php%3Fg2_itemId%3D22563&g2_returnName=photo HTTP/1.1" 200 6360 "-" "Mozilla/5.0 (compatible; Googlebot/2.1; +http://www.google.com/bot.html)"
122.160.162.2 - - [20/Jul/2009:21:58:57 -0700] "GET /rss.pl HTTP/1.0" 200 35867 "-" "Mozilla/4.0 (compatible; MSIE 7.0; Windows NT 6.0; Trident/4.0; SLCC1; .NET CLR 2.0.50727; .NET CLR 3.5.21022; InfoPath.2; .NET CLR 3.5.30729; .NET CLR 3.0.30618; OfficeLiveConnector.1.3; OfficeLivePatch.1.3; MSOffice 12)"
66.249.67.3 - - [20/Jul/2009:21:58:59 -0700] "GET /gallery/main.php?g2_controller=exif.SwitchDetailMode&g2_mode=detailed&g2_return=%2Fgallery%2Fmain.php%3Fg2_itemId%3D12138%26g2_imageViewsIndex%3D1&g2_returnName=photo HTTP/1.1" 302 5 "-" "Mozilla/5.0 (compatible; Googlebot/2.1; +http://www.google.com/bot.html)"
66.249.67.3 - - [20/Jul/2009:21:59:02 -0700] "GET /gallery/main.php?g2_itemId=12138&g2_imageViewsIndex=1&g2_fromNavId=x474d10f8 HTTP/1.1" 200 8254 "-" "Mozilla/5.0 (compatible; Googlebot/2.1; +http://www.google.com/bot.html)"
72.30.142.87 - - [20/Jul/2009:21:59:07 -0700] "GET /gallery/main.php?g2_itemId=22460&g2_page=6 HTTP/1.0" 200 19574 "-" "Mozilla/5.0 (compatible; Yahoo! Slurp/3.0; http://help.yahoo.com/help/us/ysearch/slurp)"
64.233.172.17 - - [20/Jul/2009:21:59:43 -0700] "GET /gwidgets/alexa.xml HTTP/1.1" 200 2969 "-" "Mozilla/5.0 (compatible) Feedfetcher-Google; (+http://www.google.com/feedfetcher.html)"
65.55.208.192 - - [20/Jul/2009:21:59:54 -0700] "GET /robots.txt HTTP/1.1" 200 590 "-" "msnbot/1.1 (+http://search.msn.com/msnbot.htm)"
65.55.208.192 - - [20/Jul/2009:21:59:56 -0700] "GET /gallery/main.php?g2_itemId=15402 HTTP/1.1" 200 8106 "-" "msnbot/1.1 (+http://search.msn.com/msnbot.htm)"
66.249.67.3 - - [20/Jul/2009:22:00:01 -0700] "GET /gallery/main.php?g2_view=core.UserAdmin&g2_subView=core.UserLogin&g2_return=%2Fgallery%2Fmain.php%3Fg2_itemId%3D15699&g2_returnName=photo HTTP/1.1" 200 4004 "-" "Mozilla/5.0 (compatible; Googlebot/2.1; +http://www.google.com/bot.html)"
72.14.192.65 - - [20/Jul/2009:22:00:22 -0700] "GET /gwidgets/alexa.xml HTTP/1.1" 200 2969 "-" "Mozilla/5.0 (compatible) Feedfetcher-Google; (+http://www.google.com/feedfetcher.html)"
76.101.110.173 - - [20/Jul/2009:22:00:28 -0700] "GET /gnucache/index.php?get=1&net=gnutella&client=GNUC&version=1.1.1.6 HTTP/1.1" 404 146 "-" "Mozilla/4.0"
74.125.74.193 - - [20/Jul/2009:22:00:30 -0700] "GET /gwidgets/alexa.xml HTTP/1.1" 200 2969 "-" "Mozilla/5.0 (compatible) Feedfetcher-Google; (+http://www.google.com/feedfetcher.html)"
74.125.74.193 - - [20/Jul/2009:22:00:42 -0700] "GET /gadgets/adpowers/AlexaRank/g.xml HTTP/1.1" 200 3164 "-" "Mozilla/5.0 (compatible) Feedfetcher-Google; (+http://www.google.com/feedfetcher.html)"
74.125.74.193 - - [20/Jul/2009:22:00:43 -0700] "GET /gadgets/adpowers/AlexaRank/ALL_ALL.xml HTTP/1.1" 200 1160 "-" "Mozilla/5.0 (compatible) Feedfetcher-Google; (+http://www.google.com/feedfetcher.html)"
74.125.74.193 - - [20/Jul/2009:22:00:44 -0700] "GET /gadgets/adpowers/AlexaRank/ja_ALL.xml HTTP/1.1" 200 1264 "-" "Mozilla/5.0 (compatible) Feedfetcher-Google; (+http://www.google.com/feedfetcher.html)"
122.160.162.2 - - [20/Jul/2009:22:01:06 -0700] "GET /rss.pl HTTP/1.0" 200 35867 "-" "Mozilla/4.0 (compatible; MSIE 7.0; Windows NT 6.0; Trident/4.0; SLCC1; .NET CLR 2.0.50727; .NET CLR 3.5.21022; InfoPath.2; .NET CLR 3.5.30729; .NET CLR 3.0.30618; OfficeLiveConnector.1.3; OfficeLivePatch.1.3; MSOffice 12)"
66.249.67.3 - - [20/Jul/2009:22:01:08 -0700] "GET /gallery/main.php?g2_itemId=15729&g2_fromNavId=x157f1228 HTTP/1.1" 200 8068 "-" "Mozilla/5.0 (compatible; Googlebot/2.1; +http://www.google.com/bot.html)"
72.14.193.68 - - [20/Jul/2009:22:01:28 -0700] "GET /gwidgets/alexa.xml HTTP/1.1" 200 2969 "-" "FeedFetcher-Google; (+http://www.google.com/feedfetcher.html)"
64.233.173.2 - - [20/Jul/2009:22:01:29 -0700] "GET /gadgets/adpowers/AlexaRank/g.xml HTTP/1.1" 200 3164 "-" "FeedFetcher-Google; (+http://www.google.com/feedfetcher.html)"
64.233.172.17 - - [20/Jul/2009:22:02:05 -0700] "GET /gwidgets/alexa.xml HTTP/1.1" 200 2969 "-" "Mozilla/5.0 (compatible) Feedfetcher-Google; (+http://www.google.com/feedfetcher.html)"
74.125.16.65 - - [20/Jul/2009:22:02:08 -0700] "GET /gwidgets/alexa.xml HTTP/1.1" 200 2969 "-" "Mozilla/5.0 (compatible) Feedfetcher-Google; (+http://www.google.com/feedfetcher.html)"
65.55.106.138 - - [20/Jul/2009:22:02:38 -0700] "GET /gallery/main.php?g2_itemId=468&g2_highlightId=543 HTTP/1.1" 302 5 "-" "msnbot/2.0b (+http://search.msn.com/msnbot.htm)"
65.55.106.138 - - [20/Jul/2009:22:02:57 -0700] "GET /gallery/main.php?g2_itemId=468&g2_page=6 HTTP/1.1" 200 22481 "-" "msnbot/2.0b (+http://search.msn.com/msnbot.htm)"
74.125.16.65 - - [20/Jul/2009:22:03:10 -0700] "GET /gwidgets/alexa.xml HTTP/1.1" 200 2969 "-" "FeedFetcher-Google; (+http://www.google.com/feedfetcher.html)"
122.160.162.2 - - [20/Jul/2009:22:03:18 -0700] "GET /rss.pl HTTP/1.0" 200 35867 "-" "Mozilla/4.0 (compatible; MSIE 7.0; Windows NT 6.0; Trident/4.0; SLCC1; .NET CLR 2.0.50727; .NET CLR 3.5.21022; InfoPath.2; .NET CLR 3.5.30729; .NET CLR 3.0.30618; OfficeLiveConnector.1.3; OfficeLivePatch.1.3; MSOffice 12)"
66.249.67.87 - - [20/Jul/2009:22:03:21 -0700] "GET /gallery/main.php?g2_view=search.SearchScan&g2_form%5BuseDefaultSettings%5D=1&g2_return=%2Fgallery%2Fmain.php%3Fg2_itemId%3D26575&g2_returnName=photo HTTP/1.1" 200 6360 "-" "Mozilla/5.0 (compatible; Googlebot/2.1; +http://www.google.com/bot.html)"
131.179.64.176 - - [20/Jul/2009:22:03:31 -0700] "GET /rss.pl HTTP/1.0" 200 35867 "-" "BlogBot/1.0 (UCLA CS Dept contact:kcsia@cs.ucla.edu)"
66.249.67.3 - - [20/Jul/2009:22:03:47 -0700] "GET /gallery/main.php?g2_controller=exif.SwitchDetailMode&g2_mode=detailed&g2_return=%2Fgallery%2Fmain.php%3Fg2_itemId%3D30914%26g2_imageViewsIndex%3D1&g2_returnName=photo HTTP/1.1" 302 5 "-" "Mozilla/5.0 (compatible; Googlebot/2.1; +http://www.google.com/bot.html)"
66.249.67.3 - - [20/Jul/2009:22:03:50 -0700] "GET /gallery/main.php?g2_itemId=30914&g2_imageViewsIndex=1&g2_fromNavId=x87b88e68 HTTP/1.1" 200 8287 "-" "Mozilla/5.0 (compatible; Googlebot/2.1; +http://www.google.com/bot.html)"
64.12.116.137 - - [20/Jul/2009:22:03:58 -0700] "GET /musicmobs/albumcloud.pl?immerito&service=lastfm&similar=0&w=400&height=400&x=5&y=5 HTTP/1.1" 302 364 "http://www.ascentstage.com/archives/music/" "Mozilla/4.0 (compatible; MSIE 6.0; AOL 9.0; Windows NT 5.1; SV1; .NET CLR 1.0.3705; .NET CLR 1.1.4322; Media Center PC 4.0; .NET CLR 2.0.50727)"
174.36.228.156 - - [20/Jul/2009:22:03:59 -0700] "GET / HTTP/1.1" 200 17935 "-" "Mozilla/5.0 (X11; U; Linux i686; en-US; rv:1.2.1; aggregator:Spinn3r (Spinn3r 3.1); http://spinn3r.com/robot) Gecko/20021130"
66.249.67.3 - - [20/Jul/2009:22:04:27 -0700] "GET /gallery/main.php?g2_view=search.SearchScan&g2_form%5BuseDefaultSettings%5D=1&g2_return=%2Fgallery%2Fmain.php%3Fg2_view%3Dcomment.ShowAllComments%26g2_itemId%3D17983&g2_returnName=show+comments HTTP/1.1" 200 6360 "-" "Mozilla/5.0 (compatible; Googlebot/2.1; +http://www.google.com/bot.html)"
66.249.67.3 - - [20/Jul/2009:22:04:42 -0700] "GET /gallery/main.php?g2_view=comment.ShowAllComments&g2_itemId=4056&g2_return=%2Fgallery%2Fmain.php%3Fg2_itemId%3D4056&g2_returnName=photo HTTP/1.1" 200 4919 "-" "Mozilla/5.0 (compatible; Googlebot/2.1; +http://www.google.com/bot.html)"
72.14.193.68 - - [20/Jul/2009:22:05:14 -0700] "GET /gwidgets/alexa.xml HTTP/1.1" 200 2969 "-" "Mozilla/5.0 (compatible) Feedfetcher-Google; (+http://www.google.com/feedfetcher.html)"
122.160.162.2 - - [20/Jul/2009:22:05:18 -0700] "GET /rss.pl HTTP/1.0" 200 35867 "-" "Mozilla/4.0 (compatible; MSIE 7.0; Windows NT 6.0; Trident/4.0; SLCC1; .NET CLR 2.0.50727; .NET CLR 3.5.21022; InfoPath.2; .NET CLR 3.5.30729; .NET CLR 3.0.30618; OfficeLiveConnector.1.3; OfficeLivePatch.1.3; MSOffice 12)"
66.249.67.3 - - [20/Jul/2009:22:05:34 -0700] "GET /gallery/main.php?g2_view=search.SearchScan&g2_form%5BuseDefaultSettings%5D=1&g2_return=%2Fgallery%2Fmain.php%3Fg2_itemId%3D22575&g2_returnName=photo HTTP/1.1" 200 6360 "-" "Mozilla/5.0 (compatible; Googlebot/2.1; +http://www.google.com/bot.html)"
65.55.106.110 - - [20/Jul/2009:22:05:52 -0700] "GET /gallery/main.php?g2_itemId=4284 HTTP/1.1" 200 7376 "-" "msnbot/2.0b (+http://search.msn.com/msnbot.htm)"
74.125.74.193 - - [20/Jul/2009:22:05:55 -0700] "GET /gwidgets/alexa.xml HTTP/1.1" 200 2969 "-" "Mozilla/5.0 (compatible) Feedfetcher-Google; (+http://www.google.com/feedfetcher.html)"
66.249.67.3 - - [20/Jul/2009:22:06:40 -0700] "GET /gallery/main.php?g2_controller=exif.SwitchDetailMode&g2_mode=detailed&g2_return=%2Fgallery%2Fmain.php%3Fg2_itemId%3D17968&g2_returnName=photo HTTP/1.1" 302 5 "-" "Mozilla/5.0 (compatible; Googlebot/2.1; +http://www.google.com/bot.html)"
66.249.67.3 - - [20/Jul/2009:22:06:42 -0700] "GET /gallery/main.php?g2_itemId=17968&g2_fromNavId=x09236968 HTTP/1.1" 200 8299 "-" "Mozilla/5.0 (compatible; Googlebot/2.1; +http://www.google.com/bot.html)"
122.160.162.2 - - [20/Jul/2009:22:07:02 -0700] "GET /rss.pl HTTP/1.0" 200 35867 "-" "Mozilla/4.0 (compatible; MSIE 7.0; Windows NT 6.0; Trident/4.0; SLCC1; .NET CLR 2.0.50727; .NET CLR 3.5.21022; InfoPath.2; .NET CLR 3.5.30729; .NET CLR 3.0.30618; OfficeLiveConnector.1.3; OfficeLivePatch.1.3; MSOffice 12)"
69.63.178.246 - - [20/Jul/2009:22:07:08 -0700] "GET /rss.pl HTTP/1.1" 200 35942 "-" "FacebookFeedParser/1.0 (UniversalFeedParser/4.1;) +http://facebook.com/"
122.160.162.2 - - [20/Jul/2009:22:07:13 -0700] "GET /rss.pl HTTP/1.0" 200 35867 "-" "Mozilla/4.0 (compatible; MSIE 7.0; Windows NT 6.0; Trident/4.0; SLCC1; .NET CLR 2.0.50727; .NET CLR 3.5.21022; InfoPath.2; .NET CLR 3.5.30729; .NET CLR 3.0.30618; OfficeLiveConnector.1.3; OfficeLivePatch.1.3; MSOffice 12)"
74.125.16.65 - - [20/Jul/2009:22:07:26 -0700] "GET /gwidgets/alexa.xml HTTP/1.1" 200 2969 "-" "Mozilla/5.0 (compatible) Feedfetcher-Google; (+http://www.google.com/feedfetcher.html)"
72.14.194.1 - - [20/Jul/2009:22:07:41 -0700] "GET /gadgets/adpowers/AlexaRank/ALL_ALL.xml HTTP/1.1" 200 1160 "-" "FeedFetcher-Google; (+http://www.google.com/feedfetcher.html)"
72.14.194.1 - - [20/Jul/2009:22:07:42 -0700] "GET /gadgets/adpowers/AlexaRank/g.xml HTTP/1.1" 200 3164 "-" "FeedFetcher-Google; (+http://www.google.com/feedfetcher.html)"
72.14.194.1 - - [20/Jul/2009:22:07:43 -0700] "GET /gadgets/adpowers/AlexaRank/g.xml HTTP/1.1" 200 3164 "-" "Mozilla/5.0 (compatible) Feedfetcher-Google; (+http://www.google.com/feedfetcher.html)"
72.14.194.1 - - [20/Jul/2009:22:07:43 -0700] "GET /gadgets/adpowers/AlexaRank/ALL_ALL.xml HTTP/1.1" 200 1160 "-" "Mozilla/5.0 (compatible) Feedfetcher-Google; (+http://www.google.com/feedfetcher.html)"
66.249.67.3 - - [20/Jul/2009:22:07:46 -0700] "GET /gallery/main.php?g2_controller=exif.SwitchDetailMode&g2_mode=detailed&g2_return=%2Fgallery%2Fmain.php%3Fg2_itemId%3D15789&g2_returnName=photo HTTP/1.1" 302 5 "-" "Mozilla/5.0 (compatible; Googlebot/2.1; +http://www.google.com/bot.html)"
66.249.67.3 - - [20/Jul/2009:22:07:49 -0700] "GET /gallery/main.php?g2_itemId=15789&g2_fromNavId=x6fd8fc8f HTTP/1.1" 200 8016 "-" "Mozilla/5.0 (compatible; Googlebot/2.1; +http://www.google.com/bot.html)"
65.55.208.187 - - [20/Jul/2009:22:08:27 -0700] "GET /gallery/main.php?g2_itemId=17896 HTTP/1.1" 200 8199 "-" "msnbot/1.1 (+http://search.msn.com/msnbot.htm)"
66.249.67.3 - - [20/Jul/2009:22:08:35 -0700] "GET /gallery/main.php?g2_controller=exif.SwitchDetailMode&g2_mode=detailed&g2_return=%2Fgallery%2Fmain.php%3Fg2_itemId%3D13989&g2_returnName=photo HTTP/1.1" 302 5 "-" "Mozilla/5.0 (compatible; Googlebot/2.1; +http://www.google.com/bot.html)"
66.249.67.3 - - [20/Jul/2009:22:08:39 -0700] "GET /gallery/main.php?g2_itemId=13989&g2_fromNavId=x26cdf45c HTTP/1.1" 200 8149 "-" "Mozilla/5.0 (compatible; Googlebot/2.1; +http://www.google.com/bot.html)"
174.37.205.67 - - [20/Jul/2009:22:08:43 -0700] "GET /rss.pl HTTP/1.1" 200 35942 "-" "Mozilla/5.0 (X11; U; Linux i686; en-US; rv:1.2.1; aggregator:Spinn3r (Spinn3r 3.1); http://spinn3r.com/robot) Gecko/20021130"
66.249.67.87 - - [20/Jul/2009:22:09:08 -0700] "GET /gallery/main.php?g2_view=core.DownloadItem&g2_itemId=32812&g2_serialNumber=2 HTTP/1.1" 200 29554 "-" "Googlebot-Image/1.0"
216.129.119.49 - - [20/Jul/2009:22:09:11 -0700] "GET /robots.txt HTTP/1.0" 301 317 "-" "Mozilla/5.0 (Twiceler-0.9 http://www.cuil.com/twiceler/robot.html)"
124.115.4.223 - - [20/Jul/2009:22:09:22 -0700] "GET /images/stock-widget.png HTTP/1.1" 200 33367 "http://image.soso.com" "Sosoimagespider+(+http://help.soso.com/soso-image-spider.htm)"
122.160.162.2 - - [20/Jul/2009:22:09:35 -0700] "GET /rss.pl HTTP/1.0" 200 35867 "-" "Mozilla/4.0 (compatible; MSIE 7.0; Windows NT 6.0; Trident/4.0; SLCC1; .NET CLR 2.0.50727; .NET CLR 3.5.21022; InfoPath.2; .NET CLR 3.5.30729; .NET CLR 3.0.30618; OfficeLiveConnector.1.3; OfficeLivePatch.1.3; MSOffice 12)"
193.189.143.30 - - [20/Jul/2009:22:09:50 -0700] "GET /rss.pl HTTP/1.0" 200 35867 "-" "Netvibes (http://www.netvibes.com/; 6 subscribers; feedId: 422917)"
72.14.192.65 - - [20/Jul/2009:22:10:04 -0700] "GET /gwidgets/alexa.xml HTTP/1.1" 200 2969 "-" "Mozilla/5.0 (compatible) Feedfetcher-Google; (+http://www.google.com/feedfetcher.html)"
66.249.67.3 - - [20/Jul/2009:22:10:08 -0700] "GET /gadgets/awinston/Digg/g.xml HTTP/1.1" 200 244 "-" "Mozilla/5.0 (compatible; Googlebot/2.1; +http://www.google.com/bot.html)"
72.14.194.1 - - [20/Jul/2009:22:10:22 -0700] "GET /gwidgets/alexa.xml HTTP/1.1" 200 2969 "-" "FeedFetcher-Google; (+http://www.google.com/feedfetcher.html)"
72.14.194.1 - - [20/Jul/2009:22:10:22 -0700] "GET /gwidgets/alexa.xml HTTP/1.1" 200 2969 "-" "Mozilla/5.0 (compatible) Feedfetcher-Google; (+http://www.google.com/feedfetcher.html)"
66.249.67.3 - - [20/Jul/2009:22:11:08 -0700] "GET /gallery/main.php?g2_itemId=19651&g2_fromNavId=x29fe495f HTTP/1.1" 200 8319 "-" "Mozilla/5.0 (compatible; Googlebot/2.1; +http://www.google.com/bot.html)"
72.14.192.65 - - [20/Jul/2009:22:11:14 -0700] "GET /gadgets/adpowers/AlexaRank/g.xml HTTP/1.1" 200 3164 "-" "Mozilla/5.0 (compatible) Feedfetcher-Google; (+http://www.google.com/feedfetcher.html)"
72.14.192.65 - - [20/Jul/2009:22:11:14 -0700] "GET /gadgets/adpowers/AlexaRank/ALL_ALL.xml HTTP/1.1" 200 1160 "-" "Mozilla/5.0 (compatible) Feedfetcher-Google; (+http://www.google.com/feedfetcher.html)"
68.51.219.106 - - [20/Jul/2009:22:11:33 -0700] "GET /gnucache/index.php?ip=68.51.219.106%3A11367&url=http%3A%2F%2Fgcache.c0re.net%2F&net=gnutella&client=GNUC&version=1.1.1.6&update=1 HTTP/1.1" 404 146 "-" "Mozilla/4.0"
65.55.106.156 - - [20/Jul/2009:22:11:44 -0700] "GET /gallery/main.php?g2_itemId=19457 HTTP/1.1" 200 8194 "-" "msnbot/2.0b (+http://search.msn.com/msnbot.htm)"
122.160.162.2 - - [20/Jul/2009:22:11:57 -0700] "GET /rss.pl HTTP/1.0" 200 35867 "-" "Mozilla/4.0 (compatible; MSIE 7.0; Windows NT 6.0; Trident/4.0; SLCC1; .NET CLR 2.0.50727; .NET CLR 3.5.21022; InfoPath.2; .NET CLR 3.5.30729; .NET CLR 3.0.30618; OfficeLiveConnector.1.3; OfficeLivePatch.1.3; MSOffice 12)"
74.125.16.65 - - [20/Jul/2009:22:12:24 -0700] "GET /gadgets/adpowers/AlexaRank/ALL_ALL.xml HTTP/1.1" 200 1160 "-" "FeedFetcher-Google; (+http://www.google.com/feedfetcher.html)"
64.233.172.17 - - [20/Jul/2009:22:12:53 -0700] "GET /gwidgets/alexa.xml HTTP/1.1" 200 2969 "-" "Mozilla/5.0 (compatible) Feedfetcher-Google; (+http://www.google.com/feedfetcher.html)"
64.233.172.17 - - [20/Jul/2009:22:13:04 -0700] "GET /gwidgets/alexa.xml HTTP/1.1" 200 2969 "-" "FeedFetcher-Google; (+http://www.google.com/feedfetcher.html)"
64.233.172.17 - - [20/Jul/2009:22:13:17 -0700] "GET /gwidgets/alexa.xml HTTP/1.1" 200 2969 "-" "Mozilla/5.0 (compatible) Feedfetcher-Google; (+http://www.google.com/feedfetcher.html)"
66.249.67.3 - - [20/Jul/2009:22:13:19 -0700] "GET /gallery/main.php?g2_controller=exif.SwitchDetailMode&g2_mode=detailed&g2_return=%2Fgallery%2Fmain.php%3Fg2_itemId%3D15744&g2_returnName=photo HTTP/1.1" 302 5 "-" "Mozilla/5.0 (compatible; Googlebot/2.1; +http://www.google.com/bot.html)"
66.249.67.3 - - [20/Jul/2009:22:13:22 -0700] "GET /gallery/main.php?g2_itemId=15744&g2_fromNavId=x38aa7a04 HTTP/1.1" 200 8067 "-" "Mozilla/5.0 (compatible; Googlebot/2.1; +http://www.google.com/bot.html)"
66.249.67.3 - - [20/Jul/2009:22:13:23 -0700] "GET /gallery/main.php?g2_controller=exif.SwitchDetailMode&g2_mode=detailed&g2_return=%2Fgallery%2Fmain.php%3Fg2_itemId%3D14100&g2_returnName=photo HTTP/1.1" 302 5 "-" "Mozilla/5.0 (compatible; Googlebot/2.1; +http://www.google.com/bot.html)"
66.249.67.3 - - [20/Jul/2009:22:13:27 -0700] "GET /gallery/main.php?g2_itemId=14100&g2_fromNavId=x3a511d1c HTTP/1.1" 200 8152 "-" "Mozilla/5.0 (compatible; Googlebot/2.1; +http://www.google.com/bot.html)"
74.125.74.193 - - [20/Jul/2009:22:13:41 -0700] "GET /gadgets/adpowers/AlexaRank/g.xml HTTP/1.1" 200 3164 "-" "Mozilla/5.0 (compatible) Feedfetcher-Google; (+http://www.google.com/feedfetcher.html)"
74.125.74.193 - - [20/Jul/2009:22:13:42 -0700] "GET /gadgets/adpowers/AlexaRank/ALL_ALL.xml HTTP/1.1" 200 1160 "-" "Mozilla/5.0 (compatible) Feedfetcher-Google; (+http://www.google.com/feedfetcher.html)"
64.233.172.17 - - [20/Jul/2009:22:13:54 -0700] "GET /gadgets/adpowers/AlexaRank/g.xml HTTP/1.1" 200 3164 "-" "Mozilla/5.0 (compatible) Feedfetcher-Google; (+http://www.google.com/feedfetcher.html)"
74.125.75.17 - - [20/Jul/2009:22:13:54 -0700] "GET /gadgets/adpowers/AlexaRank/ALL_ALL.xml HTTP/1.1" 200 1160 "-" "Mozilla/5.0 (compatible) Feedfetcher-Google; (+http://www.google.com/feedfetcher.html)"
74.125.74.193 - - [20/Jul/2009:22:14:08 -0700] "GET /gwidgets/alexa.xml HTTP/1.1" 200 2969 "-" "Mozilla/5.0 (compatible) Feedfetcher-Google; (+http://www.google.com/feedfetcher.html)"
122.160.162.2 - - [20/Jul/2009:22:14:13 -0700] "GET /rss.pl HTTP/1.0" 200 35867 "-" "Mozilla/4.0 (compatible; MSIE 7.0; Windows NT 6.0; Trident/4.0; SLCC1; .NET CLR 2.0.50727; .NET CLR 3.5.21022; InfoPath.2; .NET CLR 3.5.30729; .NET CLR 3.0.30618; OfficeLiveConnector.1.3; OfficeLivePatch.1.3; MSOffice 12)"
66.249.67.3 - - [20/Jul/2009:22:14:26 -0700] "GET /gallery/main.php?g2_itemId=15371&g2_highlightId=15723 HTTP/1.1" 302 5 "-" "Mozilla/5.0 (compatible; Googlebot/2.1; +http://www.google.com/bot.html)"
72.14.192.65 - - [20/Jul/2009:22:15:04 -0700] "GET /gwidgets/alexa.xml HTTP/1.1" 200 2969 "-" "Mozilla/5.0 (compatible) Feedfetcher-Google; (+http://www.google.com/feedfetcher.html)"
65.55.208.190 - - [20/Jul/2009:22:15:05 -0700] "GET /robots.txt HTTP/1.1" 200 590 "-" "msnbot/1.1 (+http://search.msn.com/msnbot.htm)"
65.55.208.190 - - [20/Jul/2009:22:15:06 -0700] "GET / HTTP/1.1" 200 17933 "-" "msnbot/1.1 (+http://search.msn.com/msnbot.htm)"
66.249.67.3 - - [20/Jul/2009:22:15:35 -0700] "GET /gallery/main.php?g2_view=keyalbum.KeywordAlbum&g2_keyword=police HTTP/1.1" 200 7549 "-" "Mozilla/5.0 (compatible; Googlebot/2.1; +http://www.google.com/bot.html)"
122.160.162.2 - - [20/Jul/2009:22:16:24 -0700] "GET /rss.pl HTTP/1.0" 200 35867 "-" "Mozilla/4.0 (compatible; MSIE 7.0; Windows NT 6.0; Trident/4.0; SLCC1; .NET CLR 2.0.50727; .NET CLR 3.5.21022; InfoPath.2; .NET CLR 3.5.30729; .NET CLR 3.0.30618; OfficeLiveConnector.1.3; OfficeLivePatch.1.3; MSOffice 12)"
68.197.216.23 - - [20/Jul/2009:22:16:40 -0700] "GET /style.css HTTP/1.1" 200 1504 "http://example.org/?news=all" "Mozilla/5.0 (Macintosh; U; Intel Mac OS X 10_4_11; en) AppleWebKit/525.27.1 (KHTML, like Gecko) Version/3.2.1 Safari/525.27.1"
66.249.67.3 - - [20/Jul/2009:22:16:40 -0700] "GET /gallery/main.php?g2_view=core.UserAdmin&g2_subView=core.UserLogin&g2_return=%2Fgallery%2Fmain.php%3Fg2_itemId%3D15726&g2_returnName=photo HTTP/1.1" 200 4004 "-" "Mozilla/5.0 (compatible; Googlebot/2.1; +http://www.google.com/bot.html)"
68.197.216.23 - - [20/Jul/2009:22:16:42 -0700] "GET /?news=all HTTP/1.1" 200 130063 "http://images.google.com/imgres?imgurl=http://example.org/images/nano-americanapparel.png&imgrefurl=http://example.org/%3Fnews%3Dall&usg=__ZSXzmxMj4HGSAyOVzc2Y3iy5KkY=&h=137&w=600&sz=111&hl=en&start=35&um=1&tbnid=LXSHQ-XyC0xFiM:&tbnh=31&tbnw=135&prev=/images%3Fq%3DThermochromatic%2Bshirt%26ndsp%3D20%26hl%3Den%26client%3Dsafari%26rls%3Den%26sa%3DN%26start%3D20%26um%3D1" "Mozilla/5.0 (Macintosh; U; Intel Mac OS X 10_4_11; en) AppleWebKit/525.27.1 (KHTML, like Gecko) Version/3.2.1 Safari/525.27.1"
68.197.216.23 - - [20/Jul/2009:22:16:43 -0700] "GET /images/roberthui.jpg HTTP/1.1" 200 15595 "http://example.org/?news=all" "Mozilla/5.0 (Macintosh; U; Intel Mac OS X 10_4_11; en) AppleWebKit/525.27.1 (KHTML, like Gecko) Version/3.2.1 Safari/525.27.1"
68.197.216.23 - - [20/Jul/2009:22:16:44 -0700] "GET /images/nanochromatic.jpg HTTP/1.1" 200 15595 "http://example.org/?news=all" "Mozilla/5.0 (Macintosh; U; Intel Mac OS X 10_4_11; en) AppleWebKit/525.27.1 (KHTML, like Gecko) Version/3.2.1 Safari/525.27.1"
68.197.216.23 - - [20/Jul/2009:22:16:45 -0700] "GET /images/canhascheezburger.png HTTP/1.1" 200 30077 "http://example.org/?news=all" "Mozilla/5.0 (Macintosh; U; Intel Mac OS X 10_4_11; en) AppleWebKit/525.27.1 (KHTML, like Gecko) Version/3.2.1 Safari/525.27.1"
68.197.216.23 - - [20/Jul/2009:22:16:46 -0700] "GET /images/nano-americanapparel.png HTTP/1.1" 200 113583 "http://images.google.com/imgres?imgurl=http://example.org/images/nano-americanapparel.png&imgrefurl=http://example.org/%3Fnews%3Dall&usg=__ZSXzmxMj4HGSAyOVzc2Y3iy5KkY=&h=137&w=600&sz=111&hl=en&start=35&um=1&tbnid=LXSHQ-XyC0xFiM:&tbnh=31&tbnw=135&prev=/images%3Fq%3DThermochromatic%2Bshirt%26ndsp%3D20%26hl%3Den%26client%3Dsafari%26rls%3Den%26sa%3DN%26start%3D20%26um%3D1" "Mozilla/5.0 (Macintosh; U; Intel Mac OS X 10_4_11; en) AppleWebKit/525.27.1 (KHTML, like Gecko) Version/3.2.1 Safari/525.27.1"
68.197.216.23 - - [20/Jul/2009:22:16:47 -0700] "GET /favicon.ico HTTP/1.1" 404 146 "http://example.org/images/nano-americanapparel.png" "Mozilla/5.0 (Macintosh; U; Intel Mac OS X 10_4_11; en) AppleWebKit/525.27.1 (KHTML, like Gecko) Version/3.2.1 Safari/525.27.1"
72.14.192.65 - - [20/Jul/2009:22:16:49 -0700] "GET /gadgets/adpowers/AlexaRank/g.xml HTTP/1.1" 200 3164 "-" "Mozilla/5.0 (compatible) Feedfetcher-Google; (+http://www.google.com/feedfetcher.html)"
72.14.192.65 - - [20/Jul/2009:22:16:51 -0700] "GET /gadgets/adpowers/AlexaRank/ALL_ALL.xml HTTP/1.1" 200 1160 "-" "Mozilla/5.0 (compatible) Feedfetcher-Google; (+http://www.google.com/feedfetcher.html)"
68.197.216.23 - - [20/Jul/2009:22:16:51 -0700] "GET /?news=all HTTP/1.1" 200 67535 "http://images.google.com/imgres?imgurl=http://example.org/images/nano-americanapparel.png&imgrefurl=http://example.org/%3Fnews%3Dall&usg=__ZSXzmxMj4HGSAyOVzc2Y3iy5KkY=&h=137&w=600&sz=111&hl=en&start=35&um=1&tbnid=LXSHQ-XyC0xFiM:&tbnh=31&tbnw=135&prev=/images%3Fq%3DThermochromatic%2Bshirt%26ndsp%3D20%26hl%3Den%26client%3Dsafari%26rls%3Den%26sa%3DN%26start%3D20%26um%3D1" "Mozilla/5.0 (Macintosh; U; Intel Mac OS X 10_4_11; en) AppleWebKit/525.27.1 (KHTML, like Gecko) Version/3.2.1 Safari/525.27.1"
67.183.157.181 - - [20/Jul/2009:22:17:35 -0700] "GET /rss.pl HTTP/1.1" 200 35942 "-" "Mozilla/5.0 (Windows; U; Windows NT 6.0; en-US; rv:1.8.1.22) Gecko/20090605 Thunderbird/2.0.0.22"
66.249.67.3 - - [20/Jul/2009:22:17:47 -0700] "GET /gallery/main.php?g2_itemId=15732&g2_fromNavId=x280cc014 HTTP/1.1" 200 8068 "-" "Mozilla/5.0 (compatible; Googlebot/2.1; +http://www.google.com/bot.html)"
65.55.208.180 - - [20/Jul/2009:22:18:11 -0700] "GET /robots.txt HTTP/1.1" 200 590 "-" "msnbot/1.1 (+http://search.msn.com/msnbot.htm)"
66.249.67.3 - - [20/Jul/2009:22:18:11 -0700] "GET /gallery/main.php?g2_controller=exif.SwitchDetailMode&g2_mode=detailed&g2_return=%2Fgallery%2Fmain.php%3Fg2_itemId%3D30812&g2_returnName=photo HTTP/1.1" 302 5 "-" "Mozilla/5.0 (compatible; Googlebot/2.1; +http://www.google.com/bot.html)"
66.249.67.3 - - [20/Jul/2009:22:18:15 -0700] "GET /gallery/main.php?g2_itemId=30812&g2_fromNavId=xc0d0f9dd HTTP/1.1" 200 8185 "-" "Mozilla/5.0 (compatible; Googlebot/2.1; +http://www.google.com/bot.html)"
65.55.208.180 - - [20/Jul/2009:22:18:17 -0700] "GET /gallery/main.php?g2_view=search.SearchScan&g2_form%5BuseDefaultSettings%5D=1&g2_return=%2Fgallery%2Fmain.php%3Fg2_itemId%3D26693&g2_returnName=photo HTTP/1.1" 200 6360 "-" "msnbot/1.1 (+http://search.msn.com/msnbot.htm)"
74.125.16.65 - - [20/Jul/2009:22:18:23 -0700] "GET /gadgets/adpowers/AlexaRank/g.xml HTTP/1.1" 200 3164 "-" "FeedFetcher-Google; (+http://www.google.com/feedfetcher.html)"
74.125.16.65 - - [20/Jul/2009:22:18:26 -0700] "GET /gadgets/adpowers/AlexaRank/g.xml HTTP/1.1" 200 3164 "-" "Mozilla/5.0 (compatible) Feedfetcher-Google; (+http://www.google.com/feedfetcher.html)"
74.125.16.65 - - [20/Jul/2009:22:18:27 -0700] "GET /gadgets/adpowers/AlexaRank/ALL_ALL.xml HTTP/1.1" 200 1160 "-" "Mozilla/5.0 (compatible) Feedfetcher-Google; (+http://www.google.com/feedfetcher.html)"
122.160.162.2 - - [20/Jul/2009:22:18:32 -0700] "GET /rss.pl HTTP/1.0" 200 35867 "-" "Mozilla/4.0 (compatible; MSIE 7.0; Windows NT 6.0; Trident/4.0; SLCC1; .NET CLR 2.0.50727; .NET CLR 3.5.21022; InfoPath.2; .NET CLR 3.5.30729; .NET CLR 3.0.30618; OfficeLiveConnector.1.3; OfficeLivePatch.1.3; MSOffice 12)"
65.55.208.192 - - [20/Jul/2009:22:18:43 -0700] "GET /gallery/main.php?g2_itemId=4278 HTTP/1.1" 200 7314 "-" "msnbot/1.1 (+http://search.msn.com/msnbot.htm)"
66.249.67.3 - - [20/Jul/2009:22:19:22 -0700] "GET /gallery/main.php?g2_view=core.DownloadItem&g2_itemId=32827&g2_serialNumber=2 HTTP/1.1" 304 0 "-" "Googlebot-Image/1.0"
65.55.106.214 - - [20/Jul/2009:22:19:52 -0700] "GET /gallery/main.php?g2_controller=exif.SwitchDetailMode&g2_mode=detailed&g2_return=%2Fgallery%2Fmain.php%3Fg2_itemId%3D26955&g2_returnName=photo HTTP/1.1" 302 5 "-" "msnbot/2.0b (+http://search.msn.com/msnbot.htm)"
66.249.67.87 - - [20/Jul/2009:22:19:53 -0700] "GET /gallery/main.php?g2_itemId=3367&g2_imageViewsIndex=1&g2_fromNavId=xa6f0654a HTTP/1.1" 200 8195 "-" "Mozilla/5.0 (compatible; Googlebot/2.1; +http://www.google.com/bot.html)"
65.55.208.190 - - [20/Jul/2009:22:19:53 -0700] "GET /gallery/main.php?g2_itemId=26572 HTTP/1.1" 200 8225 "-" "msnbot/1.1 (+http://search.msn.com/msnbot.htm)"
66.249.67.3 - - [20/Jul/2009:22:19:54 -0700] "GET /gallery/main.php?g2_view=search.SearchScan&g2_form%5BuseDefaultSettings%5D=1&g2_return=%2Fgallery%2Fmain.php%3Fg2_view%3Dcomment.ShowAllComments%26g2_itemId%3D18059&g2_returnName=show+comments HTTP/1.1" 200 6360 "-" "Mozilla/5.0 (compatible; Googlebot/2.1; +http://www.google.com/bot.html)"
66.249.67.87 - - [20/Jul/2009:22:19:57 -0700] "GET /gallery/main.php?g2_itemId=32802&g2_fromNavId=xec225cfb HTTP/1.1" 200 6947 "-" "Mozilla/5.0 (compatible; Googlebot/2.1; +http://www.google.com/bot.html)"
66.249.67.87 - - [20/Jul/2009:22:19:59 -0700] "GET /gallery/main.php?g2_view=core.UserAdmin&g2_subView=core.UserLogin&g2_return=%2Fgallery%2Fmain.php%3Fg2_view%3Dcomment.ShowAllComments%26g2_itemId%3D32802&g2_returnName=show+comments HTTP/1.1" 200 4121 "-" "Mozilla/5.0 (compatible; Googlebot/2.1; +http://www.google.com/bot.html)"
66.249.67.87 - - [20/Jul/2009:22:20:02 -0700] "GET /gallery/main.php?g2_view=search.SearchScan&g2_form%5BuseDefaultSettings%5D=1&g2_return=%2Fgallery%2Fmain.php%3Fg2_view%3Dcomment.ShowAllComments%26g2_itemId%3D32802&g2_returnName=show+comments HTTP/1.1" 200 6360 "-" "Mozilla/5.0 (compatible; Googlebot/2.1; +http://www.google.com/bot.html)"
66.249.67.87 - - [20/Jul/2009:22:20:04 -0700] "GET /gallery/main.php?g2_view=comment.ShowAllComments&g2_itemId=26541&g2_fromNavId=x3e1b09ff HTTP/1.1" 200 5014 "-" "Mozilla/5.0 (compatible; Googlebot/2.1; +http://www.google.com/bot.html)"
65.55.106.214 - - [20/Jul/2009:22:20:08 -0700] "GET /gallery/main.php?g2_itemId=26955&g2_fromNavId=x20e5afc4 HTTP/1.1" 200 8346 "-" "msnbot/2.0b (+http://search.msn.com/msnbot.htm)"
66.249.67.87 - - [20/Jul/2009:22:20:08 -0700] "GET /gallery/main.php?g2_view=comment.ShowAllComments&g2_itemId=26579&g2_fromNavId=x58158e7b HTTP/1.1" 200 7271 "-" "Mozilla/5.0 (compatible; Googlebot/2.1; +http://www.google.com/bot.html)"
66.249.67.3 - - [20/Jul/2009:22:20:09 -0700] "GET /gallery/main.php?g2_view=search.SearchScan&g2_form%5BuseDefaultSettings%5D=1&g2_return=%2Fgallery%2Fmain.php%3Fg2_view%3Dcomment.ShowAllComments%26g2_itemId%3D18056&g2_returnName=show+comments HTTP/1.1" 200 6360 "-" "Mozilla/5.0 (compatible; Googlebot/2.1; +http://www.google.com/bot.html)"
66.249.67.3 - - [20/Jul/2009:22:20:12 -0700] "GET /gallery/main.php?g2_view=core.UserAdmin&g2_subView=core.UserLogin&g2_return=%2Fgallery%2Fmain.php%3Fg2_view%3Dcomment.ShowAllComments%26g2_itemId%3D18059&g2_returnName=show+comments HTTP/1.1" 200 4121 "-" "Mozilla/5.0 (compatible; Googlebot/2.1; +http://www.google.com/bot.html)"
66.249.67.87 - - [20/Jul/2009:22:20:16 -0700] "GET /gallery/main.php?g2_view=keyalbum.KeywordAlbum&g2_keyword=cheerleaders&g2_itemId=2893 HTTP/1.1" 200 7412 "-" "Mozilla/5.0 (compatible; Googlebot/2.1; +http://www.google.com/bot.html)"
65.55.107.189 - - [20/Jul/2009:22:20:24 -0700] "GET /gallery/main.php?g2_view=search.SearchScan&g2_form%5BuseDefaultSettings%5D=1&g2_return=%2Fgallery%2Fmain.php%3Fg2_itemId%3D26693&g2_returnName=photo HTTP/1.1" 200 6377 "http://www.bing.com/search?q=search" "Mozilla/4.0 (compatible;  MSIE 6.0;  Windows NT 5.1;  SV1;  .NET CLR 1.1.4322;  .NET CLR 2.0.40607;  .NET CLR 3.0.04506.648)"
65.55.107.189 - - [20/Jul/2009:22:20:26 -0700] "GET /gallery/modules/core/data/gallery.css HTTP/1.1" 200 9535 "http://example.org/gallery/main.php?g2_view=search.SearchScan&g2_form%5BuseDefaultSettings%5D=1&g2_return=%2Fgallery%2Fmain.php%3Fg2_itemId%3D26693&g2_returnName=photo" "Mozilla/4.0 (compatible;  MSIE 6.0;  Windows NT 5.1;  SV1;  .NET CLR 1.1.4322;  .NET CLR 2.0.40607;  .NET CLR 3.0.04506.648)"
65.55.107.189 - - [20/Jul/2009:22:20:27 -0700] "GET /gallery/modules/search/HighlightResults.js HTTP/1.1" 200 950 "http://example.org/gallery/main.php?g2_view=search.SearchScan&g2_form%5BuseDefaultSettings%5D=1&g2_return=%2Fgallery%2Fmain.php%3Fg2_itemId%3D26693&g2_returnName=photo" "Mozilla/4.0 (compatible;  MSIE 6.0;  Windows NT 5.1;  SV1;  .NET CLR 1.1.4322;  .NET CLR 2.0.40607;  .NET CLR 3.0.04506.648)"
65.55.107.189 - - [20/Jul/2009:22:20:27 -0700] "GET /gallery/modules/icons/iconpacks/paularmstrongdesigns/icons.css HTTP/1.1" 200 8847 "http://example.org/gallery/main.php?g2_view=search.SearchScan&g2_form%5BuseDefaultSettings%5D=1&g2_return=%2Fgallery%2Fmain.php%3Fg2_itemId%3D26693&g2_returnName=photo" "Mozilla/4.0 (compatible;  MSIE 6.0;  Windows NT 5.1;  SV1;  .NET CLR 1.1.4322;  .NET CLR 2.0.40607;  .NET CLR 3.0.04506.648)"
65.55.107.189 - - [20/Jul/2009:22:20:31 -0700] "GET /gallery/modules/search/SearchBlock.js HTTP/1.1" 200 992 "http://example.org/gallery/main.php?g2_view=search.SearchScan&g2_form%5BuseDefaultSettings%5D=1&g2_return=%2Fgallery%2Fmain.php%3Fg2_itemId%3D26693&g2_returnName=photo" "Mozilla/4.0 (compatible;  MSIE 6.0;  Windows NT 5.1;  SV1;  .NET CLR 1.1.4322;  .NET CLR 2.0.40607;  .NET CLR 3.0.04506.648)"
65.55.107.189 - - [20/Jul/2009:22:20:32 -0700] "GET /gallery/themes/matrix/theme.css HTTP/1.1" 200 12605 "http://example.org/gallery/main.php?g2_view=search.SearchScan&g2_form%5BuseDefaultSettings%5D=1&g2_return=%2Fgallery%2Fmain.php%3Fg2_itemId%3D26693&g2_returnName=photo" "Mozilla/4.0 (compatible;  MSIE 6.0;  Windows NT 5.1;  SV1;  .NET CLR 1.1.4322;  .NET CLR 2.0.40607;  .NET CLR 3.0.04506.648)"
122.160.162.2 - - [20/Jul/2009:22:20:41 -0700] "GET /rss.pl HTTP/1.0" 200 35867 "-" "Mozilla/4.0 (compatible; MSIE 7.0; Windows NT 6.0; Trident/4.0; SLCC1; .NET CLR 2.0.50727; .NET CLR 3.5.21022; InfoPath.2; .NET CLR 3.5.30729; .NET CLR 3.0.30618; OfficeLiveConnector.1.3; OfficeLivePatch.1.3; MSOffice 12)"
74.125.74.193 - - [20/Jul/2009:22:20:46 -0700] "GET /gadgets/adpowers/AlexaRank/g.xml HTTP/1.1" 200 3164 "-" "Mozilla/5.0 (compatible) Feedfetcher-Google; (+http://www.google.com/feedfetcher.html)"
74.125.74.193 - - [20/Jul/2009:22:20:47 -0700] "GET /gadgets/adpowers/AlexaRank/ALL_ALL.xml HTTP/1.1" 200 1160 "-" "Mozilla/5.0 (compatible) Feedfetcher-Google; (+http://www.google.com/feedfetcher.html)"
74.125.74.193 - - [20/Jul/2009:22:20:48 -0700] "GET /gadgets/adpowers/AlexaRank/ja_ALL.xml HTTP/1.1" 200 1264 "-" "Mozilla/5.0 (compatible) Feedfetcher-Google; (+http://www.google.com/feedfetcher.html)"
65.55.208.192 - - [20/Jul/2009:22:20:56 -0700] "GET /gallery/main.php?g2_itemId=551 HTTP/1.1" 200 6939 "-" "msnbot/1.1 (+http://search.msn.com/msnbot.htm)"
66.249.67.3 - - [20/Jul/2009:22:21:02 -0700] "GET /gallery/main.php?g2_view=keyalbum.KeywordAlbum&g2_keyword=marion&g2_itemId=15459 HTTP/1.1" 200 8739 "-" "Mozilla/5.0 (compatible; Googlebot/2.1; +http://www.google.com/bot.html)"
66.249.67.3 - - [20/Jul/2009:22:21:06 -0700] "GET /gallery/main.php?g2_view=search.SearchScan&g2_form%5BuseDefaultSettings%5D=1&g2_return=%2Fgallery%2Fmain.php%3Fg2_itemId%3D15711&g2_returnName=photo HTTP/1.1" 200 6360 "-" "Mozilla/5.0 (compatible; Googlebot/2.1; +http://www.google.com/bot.html)"
74.125.74.193 - - [20/Jul/2009:22:21:22 -0700] "GET /gwidgets/alexa.xml HTTP/1.1" 200 2969 "-" "Mozilla/5.0 (compatible) Feedfetcher-Google; (+http://www.google.com/feedfetcher.html)"
65.55.106.141 - - [20/Jul/2009:22:21:45 -0700] "GET /gallery/main.php?g2_itemId=33435 HTTP/1.1" 200 8083 "-" "msnbot/2.0b (+http://search.msn.com/msnbot.htm)"
65.55.106.141 - - [20/Jul/2009:22:21:47 -0700] "GET /gallery/main.php?g2_view=search.SearchScan&g2_form%5BuseDefaultSettings%5D=1&g2_return=%2Fgallery%2Fmain.php%3Fg2_itemId%3D468%26g2_page%3D3&g2_returnName=album HTTP/1.1" 200 6360 "-" "msnbot/2.0b (+http://search.msn.com/msnbot.htm)"
66.249.67.3 - - [20/Jul/2009:22:22:12 -0700] "GET /gallery/main.php?g2_view=search.SearchScan&g2_form%5BuseDefaultSettings%5D=1&g2_return=%2Fgallery%2Fmain.php%3Fg2_itemId%3D15672&g2_returnName=photo HTTP/1.1" 200 6360 "-" "Mozilla/5.0 (compatible; Googlebot/2.1; +http://www.google.com/bot.html)"
72.14.193.68 - - [20/Jul/2009:22:22:14 -0700] "GET /gadgets/adpowers/AlexaRank/g.xml HTTP/1.1" 200 3164 "-" "FeedFetcher-Google; (+http://www.google.com/feedfetcher.html)"
72.14.193.68 - - [20/Jul/2009:22:22:14 -0700] "GET /gadgets/adpowers/AlexaRank/ALL_ALL.xml HTTP/1.1" 200 1160 "-" "FeedFetcher-Google; (+http://www.google.com/feedfetcher.html)"
72.14.193.68 - - [20/Jul/2009:22:22:16 -0700] "GET /gadgets/adpowers/AlexaRank/g.xml HTTP/1.1" 200 3164 "-" "Mozilla/5.0 (compatible) Feedfetcher-Google; (+http://www.google.com/feedfetcher.html)"
72.14.193.68 - - [20/Jul/2009:22:22:17 -0700] "GET /gadgets/adpowers/AlexaRank/ALL_ALL.xml HTTP/1.1" 200 1160 "-" "Mozilla/5.0 (compatible) Feedfetcher-Google; (+http://www.google.com/feedfetcher.html)"
65.55.208.192 - - [20/Jul/2009:22:22:30 -0700] "GET /gallery/main.php?g2_view=keyalbum.KeywordAlbum&g2_keyword=police+barricade&g2_highlightId=2846 HTTP/1.1" 302 5 "-" "msnbot/1.1 (+http://search.msn.com/msnbot.htm)"
75.35.230.210 - - [20/Jul/2009:22:22:42 -0700] "GET /images/pigtrihawk.jpg HTTP/1.1" 200 29236 "http://www.swivel.com/graphs/show/1163466" "Mozilla/5.0 (Windows; U; Windows NT 5.1; en-US; rv:1.9.0.11) Gecko/2009060215 Firefox/3.0.11 (.NET CLR 3.5.30729)"
122.160.162.2 - - [20/Jul/2009:22:22:44 -0700] "GET /rss.pl HTTP/1.0" 200 35867 "-" "Mozilla/4.0 (compatible; MSIE 7.0; Windows NT 6.0; Trident/4.0; SLCC1; .NET CLR 2.0.50727; .NET CLR 3.5.21022; InfoPath.2; .NET CLR 3.5.30729; .NET CLR 3.0.30618; OfficeLiveConnector.1.3; OfficeLivePatch.1.3; MSOffice 12)"
72.14.192.65 - - [20/Jul/2009:22:22:55 -0700] "GET /gwidgets/alexa.xml HTTP/1.1" 200 2969 "-" "Mozilla/5.0 (compatible) Feedfetcher-Google; (+http://www.google.com/feedfetcher.html)"
66.249.67.3 - - [20/Jul/2009:22:23:00 -0700] "GET /gallery/main.php?g2_controller=exif.SwitchDetailMode&g2_mode=detailed&g2_return=%2Fgallery%2Fmain.php%3Fg2_itemId%3D14046%26g2_imageViewsIndex%3D1&g2_returnName=photo HTTP/1.1" 302 5 "-" "Mozilla/5.0 (compatible; Googlebot/2.1; +http://www.google.com/bot.html)"
66.249.67.3 - - [20/Jul/2009:22:23:04 -0700] "GET /gallery/main.php?g2_itemId=14046&g2_imageViewsIndex=1&g2_fromNavId=xc9c4418a HTTP/1.1" 200 8250 "-" "Mozilla/5.0 (compatible; Googlebot/2.1; +http://www.google.com/bot.html)"
72.30.142.87 - - [20/Jul/2009:22:23:49 -0700] "GET /gallery/main.php?g2_view=keyalbum.KeywordAlbum&g2_keyword=cheerleaders HTTP/1.0" 200 5907 "-" "Mozilla/5.0 (compatible; Yahoo! Slurp/3.0; http://help.yahoo.com/help/us/ysearch/slurp)"
209.85.238.36 - - [20/Jul/2009:22:23:50 -0700] "GET /rss.pl HTTP/1.1" 200 35942 "-" "Feedfetcher-Google; (+http://www.google.com/feedfetcher.html; 39 subscribers; feed-id=1729723878840499015)"
72.30.142.87 - - [20/Jul/2009:22:23:52 -0700] "GET /gallery/modules/core/data/gallery.css HTTP/1.0" 304 - "http://example.org/gallery/main.php?g2_view=keyalbum.KeywordAlbum&g2_keyword=cheerleaders" "Mozilla/5.0 (compatible; Yahoo! Slurp/3.0; http://help.yahoo.com/help/us/ysearch/slurp)"
72.30.142.87 - - [20/Jul/2009:22:23:54 -0700] "GET /gallery/modules/icons/iconpacks/paularmstrongdesigns/icons.css HTTP/1.0" 304 - "http://example.org/gallery/main.php?g2_view=keyalbum.KeywordAlbum&g2_keyword=cheerleaders" "Mozilla/5.0 (compatible; Yahoo! Slurp/3.0; http://help.yahoo.com/help/us/ysearch/slurp)"
72.30.142.87 - - [20/Jul/2009:22:23:57 -0700] "GET /gallery/modules/rating/rating.css HTTP/1.0" 304 - "http://example.org/gallery/main.php?g2_view=keyalbum.KeywordAlbum&g2_keyword=cheerleaders" "Mozilla/5.0 (compatible; Yahoo! Slurp/3.0; http://help.yahoo.com/help/us/ysearch/slurp)"
72.30.142.87 - - [20/Jul/2009:22:24:00 -0700] "GET /gallery/themes/matrix/theme.css HTTP/1.0" 304 - "http://example.org/gallery/main.php?g2_view=keyalbum.KeywordAlbum&g2_keyword=cheerleaders" "Mozilla/5.0 (compatible; Yahoo! Slurp/3.0; http://help.yahoo.com/help/us/ysearch/slurp)"
64.233.173.2 - - [20/Jul/2009:22:24:06 -0700] "GET /gwidgets/alexa.xml HTTP/1.1" 200 2969 "-" "Mozilla/5.0 (compatible) Feedfetcher-Google; (+http://www.google.com/feedfetcher.html)"
65.55.208.192 - - [20/Jul/2009:22:24:06 -0700] "GET /gallery/main.php?g2_view=keyalbum.KeywordAlbum&g2_keyword=police+barricade HTTP/1.1" 200 6805 "-" "msnbot/1.1 (+http://search.msn.com/msnbot.htm)"
66.249.67.3 - - [20/Jul/2009:22:24:26 -0700] "GET /gallery/main.php?g2_view=comment.ShowAllComments&g2_itemId=22563&g2_return=%2Fgallery%2Fmain.php%3Fg2_itemId%3D22563&g2_returnName=photo HTTP/1.1" 200 5099 "-" "Mozilla/5.0 (compatible; Googlebot/2.1; +http://www.google.com/bot.html)"
74.125.16.65 - - [20/Jul/2009:22:24:41 -0700] "GET /gwidgets/alexa.xml HTTP/1.1" 200 2969 "-" "Mozilla/5.0 (compatible) Feedfetcher-Google; (+http://www.google.com/feedfetcher.html)"
65.55.106.163 - - [20/Jul/2009:22:24:52 -0700] "GET /gallery/main.php?g2_view=keyalbum.KeywordAlbum&g2_keyword=robert+hui&g2_highlightId=2918 HTTP/1.1" 302 5 "-" "msnbot/2.0b (+http://search.msn.com/msnbot.htm)"
122.160.162.2 - - [20/Jul/2009:22:24:58 -0700] "GET /rss.pl HTTP/1.0" 200 35867 "-" "Mozilla/4.0 (compatible; MSIE 7.0; Windows NT 6.0; Trident/4.0; SLCC1; .NET CLR 2.0.50727; .NET CLR 3.5.21022; InfoPath.2; .NET CLR 3.5.30729; .NET CLR 3.0.30618; OfficeLiveConnector.1.3; OfficeLivePatch.1.3; MSOffice 12)"
65.55.106.163 - - [20/Jul/2009:22:25:08 -0700] "GET /gallery/main.php?g2_view=keyalbum.KeywordAlbum&g2_keyword=robert+hui HTTP/1.1" 200 18558 "-" "msnbot/2.0b (+http://search.msn.com/msnbot.htm)"
74.125.74.193 - - [20/Jul/2009:22:25:22 -0700] "GET /gadgets/adpowers/AlexaRank/ja_ALL.xml HTTP/1.1" 200 1264 "-" "FeedFetcher-Google; (+http://www.google.com/feedfetcher.html)"
66.249.67.3 - - [20/Jul/2009:22:25:32 -0700] "GET /gallery/main.php?g2_view=search.SearchScan&g2_form%5BuseDefaultSettings%5D=1&g2_return=%2Fgallery%2Fmain.php%3Fg2_itemId%3D19648&g2_returnName=photo HTTP/1.1" 200 6360 "-" "Mozilla/5.0 (compatible; Googlebot/2.1; +http://www.google.com/bot.html)"
64.81.161.15 - - [20/Jul/2009:22:26:26 -0700] "GET /rss.pl HTTP/1.1" 200 35942 "-" "NetNewsWire/3.1.7 (Mac OS X; http://www.newsgator.com/Individuals/NetNewsWire/)"
64.81.161.15 - - [20/Jul/2009:22:26:26 -0700] "GET /rss.pl HTTP/1.1" 200 35942 "-" "NetNewsWire/3.1.7 (Mac OS X; http://www.newsgator.com/Individuals/NetNewsWire/)"
74.125.16.65 - - [20/Jul/2009:22:26:28 -0700] "GET /gadgets/adpowers/AlexaRank/g.xml HTTP/1.1" 200 3164 "-" "Mozilla/5.0 (compatible) Feedfetcher-Google; (+http://www.google.com/feedfetcher.html)"
74.125.16.65 - - [20/Jul/2009:22:26:29 -0700] "GET /gadgets/adpowers/AlexaRank/ALL_ALL.xml HTTP/1.1" 200 1160 "-" "Mozilla/5.0 (compatible) Feedfetcher-Google; (+http://www.google.com/feedfetcher.html)"
66.249.67.3 - - [20/Jul/2009:22:26:39 -0700] "GET /gallery/main.php?g2_itemId=15371&g2_highlightId=15555 HTTP/1.1" 302 5 "-" "Mozilla/5.0 (compatible; Googlebot/2.1; +http://www.google.com/bot.html)"
122.160.162.2 - - [20/Jul/2009:22:27:12 -0700] "GET /rss.pl HTTP/1.0" 200 35867 "-" "Mozilla/4.0 (compatible; MSIE 7.0; Windows NT 6.0; Trident/4.0; SLCC1; .NET CLR 2.0.50727; .NET CLR 3.5.21022; InfoPath.2; .NET CLR 3.5.30729; .NET CLR 3.0.30618; OfficeLiveConnector.1.3; OfficeLivePatch.1.3; MSOffice 12)"
66.249.67.3 - - [20/Jul/2009:22:27:45 -0700] "GET /gallery/main.php?g2_view=core.UserAdmin&g2_subView=core.UserLogin&g2_return=%2Fgallery%2Fmain.php%3Fg2_view%3Dcomment.ShowAllComments%26g2_itemId%3D22616&g2_returnName=show+comments HTTP/1.1" 200 4121 "-" "Mozilla/5.0 (compatible; Googlebot/2.1; +http://www.google.com/bot.html)"
66.249.67.3 - - [20/Jul/2009:22:27:48 -0700] "GET /gallery/main.php?g2_controller=exif.SwitchDetailMode&g2_mode=detailed&g2_return=%2Fgallery%2Fmain.php%3Fg2_itemId%3D12822&g2_returnName=photo HTTP/1.1" 302 5 "-" "Mozilla/5.0 (compatible; Googlebot/2.1; +http://www.google.com/bot.html)"
66.249.67.3 - - [20/Jul/2009:22:27:52 -0700] "GET /gallery/main.php?g2_itemId=12822&g2_fromNavId=x5fa28210 HTTP/1.1" 200 8449 "-" "Mozilla/5.0 (compatible; Googlebot/2.1; +http://www.google.com/bot.html)"
64.233.172.17 - - [20/Jul/2009:22:28:09 -0700] "GET /gwidgets/alexa.xml HTTP/1.1" 200 2969 "-" "Mozilla/5.0 (compatible) Feedfetcher-Google; (+http://www.google.com/feedfetcher.html)"
65.55.208.186 - - [20/Jul/2009:22:28:34 -0700] "GET /robots.txt HTTP/1.1" 200 590 "-" "msnbot/1.1 (+http://search.msn.com/msnbot.htm)"
65.55.208.186 - - [20/Jul/2009:22:28:35 -0700] "GET /gallery/main.php?g2_view=core.UserAdmin&g2_subView=core.UserRecoverPassword&g2_return=%2Fgallery%2Fmain.php%3Fg2_view%3Dcore.UserAdmin%26g2_subView%3Dcore.UserLogin HTTP/1.1" 200 4163 "-" "msnbot/1.1 (+http://search.msn.com/msnbot.htm)"
66.249.67.3 - - [20/Jul/2009:22:28:52 -0700] "GET /gallery/main.php?g2_view=search.SearchScan&g2_form%5BuseDefaultSettings%5D=1&g2_return=%2Fgallery%2Fmain.php%3Fg2_itemId%3D15723&g2_returnName=photo HTTP/1.1" 200 6360 "-" "Mozilla/5.0 (compatible; Googlebot/2.1; +http://www.google.com/bot.html)"
122.160.162.2 - - [20/Jul/2009:22:29:21 -0700] "GET /rss.pl HTTP/1.0" 200 35867 "-" "Mozilla/4.0 (compatible; MSIE 7.0; Windows NT 6.0; Trident/4.0; SLCC1; .NET CLR 2.0.50727; .NET CLR 3.5.21022; InfoPath.2; .NET CLR 3.5.30729; .NET CLR 3.0.30618; OfficeLiveConnector.1.3; OfficeLivePatch.1.3; MSOffice 12)"
64.233.172.17 - - [20/Jul/2009:22:29:49 -0700] "GET /gwidgets/alexa.xml HTTP/1.1" 200 2969 "-" "Mozilla/5.0 (compatible) Feedfetcher-Google; (+http://www.google.com/feedfetcher.html)"
220.181.61.225 - - [20/Jul/2009:22:29:53 -0700] "GET /r.pl?http://finance.yahoo.com/q?s=AAPL&d=t HTTP/1.1" 302 309 "-" "Sogou web spider/4.0(+http://www.sogou.com/docs/help/webmasters.htm#07)"
65.55.107.221 - - [20/Jul/2009:22:29:54 -0700] "GET /gallery/main.php?g2_itemId=15371&g2_highlightId=15405 HTTP/1.1" 302 5 "http://www.bing.com/search?q=views" "Mozilla/4.0 (compatible;  MSIE 6.0;  Windows NT 5.2;  SLCC1;  .NET CLR 1.1.4322;  .NET CLR 2.0.50727;  .NET CLR 3.0.04506.648)"
65.55.107.221 - - [20/Jul/2009:22:29:58 -0700] "GET /gallery/main.php?g2_itemId=15371 HTTP/1.1" 200 21200 "http://www.bing.com/search?q=views" "Mozilla/4.0 (compatible;  MSIE 6.0;  Windows NT 5.2;  SLCC1;  .NET CLR 1.1.4322;  .NET CLR 2.0.50727;  .NET CLR 3.0.04506.648)"
66.249.67.3 - - [20/Jul/2009:22:29:59 -0700] "GET /gallery/main.php?g2_view=core.UserAdmin&g2_subView=core.UserLogin&g2_return=%2Fgallery%2Fmain.php%3Fg2_itemId%3D15690&g2_returnName=photo HTTP/1.1" 200 4004 "-" "Mozilla/5.0 (compatible; Googlebot/2.1; +http://www.google.com/bot.html)"
65.55.107.221 - - [20/Jul/2009:22:29:59 -0700] "GET /gallery/modules/icons/iconpacks/paularmstrongdesigns/icons.css HTTP/1.1" 200 8847 "http://example.org/gallery/main.php?g2_itemId=15371" "Mozilla/4.0 (compatible;  MSIE 6.0;  Windows NT 5.2;  SLCC1;  .NET CLR 1.1.4322;  .NET CLR 2.0.50727;  .NET CLR 3.0.04506.648)"
65.55.107.221 - - [20/Jul/2009:22:29:59 -0700] "GET /gallery/modules/core/data/gallery.css HTTP/1.1" 200 9535 "http://example.org/gallery/main.php?g2_itemId=15371" "Mozilla/4.0 (compatible;  MSIE 6.0;  Windows NT 5.2;  SLCC1;  .NET CLR 1.1.4322;  .NET CLR 2.0.50727;  .NET CLR 3.0.04506.648)"
65.55.107.221 - - [20/Jul/2009:22:29:59 -0700] "GET /gallery/modules/rating/rating.css HTTP/1.1" 200 1355 "http://example.org/gallery/main.php?g2_itemId=15371" "Mozilla/4.0 (compatible;  MSIE 6.0;  Windows NT 5.2;  SLCC1;  .NET CLR 1.1.4322;  .NET CLR 2.0.50727;  .NET CLR 3.0.04506.648)"
65.55.107.221 - - [20/Jul/2009:22:29:59 -0700] "GET /gallery/modules/search/SearchBlock.js HTTP/1.1" 200 992 "http://example.org/gallery/main.php?g2_itemId=15371" "Mozilla/4.0 (compatible;  MSIE 6.0;  Windows NT 5.2;  SLCC1;  .NET CLR 1.1.4322;  .NET CLR 2.0.50727;  .NET CLR 3.0.04506.648)"
65.55.107.221 - - [20/Jul/2009:22:30:01 -0700] "GET /gallery/lib/yui/yahoo-min.js HTTP/1.1" 200 1419 "http://example.org/gallery/main.php?g2_itemId=15371" "Mozilla/4.0 (compatible;  MSIE 6.0;  Windows NT 5.2;  SLCC1;  .NET CLR 1.1.4322;  .NET CLR 2.0.50727;  .NET CLR 3.0.04506.648)"
65.55.107.221 - - [20/Jul/2009:22:30:02 -0700] "GET /gallery/lib/yui/connection-min.js HTTP/1.1" 200 7959 "http://example.org/gallery/main.php?g2_itemId=15371" "Mozilla/4.0 (compatible;  MSIE 6.0;  Windows NT 5.2;  SLCC1;  .NET CLR 1.1.4322;  .NET CLR 2.0.50727;  .NET CLR 3.0.04506.648)"
65.55.107.221 - - [20/Jul/2009:22:30:03 -0700] "GET /gallery/modules/rating/rating.js HTTP/1.1" 200 3066 "http://example.org/gallery/main.php?g2_itemId=15371" "Mozilla/4.0 (compatible;  MSIE 6.0;  Windows NT 5.2;  SLCC1;  .NET CLR 1.1.4322;  .NET CLR 2.0.50727;  .NET CLR 3.0.04506.648)"
65.55.231.77 - - [20/Jul/2009:22:30:04 -0700] "GET /robots.txt HTTP/1.1" 200 590 "-" "Mozilla/4.0"
220.181.61.225 - - [20/Jul/2009:22:30:04 -0700] "GET /?post=40 HTTP/1.1" 200 5230 "-" "Sogou web spider/4.0(+http://www.sogou.com/docs/help/webmasters.htm#07)"
