66.249.67.3 - - [20/Jul/2009:21:34:58 -0700] "GET /gallery/main.php?g2_controller=exif.SwitchDetailMode&g2_mode=detailed&g2_return=%2Fgallery%2Fmain.php%3Fg2_itemId%3D30983&g2_returnName=photo HTTP/1.1" 302 5 "-" "Mozilla/5.0 (compatible; Googlebot/2.1; +http://www.google.com/bot.html)"
66.249.67.3 - - [20/Jul/2009:21:35:02 -0700] "GET /gallery/main.php?g2_itemId=30983&g2_fromNavId=x4dc57494 HTTP/1.1" 200 8194 "-" "Mozilla/5.0 (compatible; Googlebot/2.1; +http://www.google.com/bot.html)"
122.160.162.2 - - [20/Jul/2009:21:35:19 -0700] "GET /rss.pl HTTP/1.0" 200 35867 "-" "Mozilla/4.0 (compatible; MSIE 7.0; Windows NT 6.0; Trident/4.0; SLCC1; .NET CLR 2.0.50727; .NET CLR 3.5.21022; InfoPath.2; .NET CLR 3.5.30729; .NET CLR 3.0.30618; OfficeLiveConnector.1.3; OfficeLivePatch.1.3; MSOffice 12)"
66.249.67.3 - - [20/Jul/2009:21:36:42 -0700] "GET /gallery/main.php?g2_itemId=15371&g2_highlightId=15711 HTTP/1.1" 302 5 "-" "Mozilla/5.0 (compatible; Googlebot/2.1; +http://www.google.com/bot.html)"
64.233.173.2 - - [20/Jul/2009:21:37:19 -0700] "GET /gwidgets/alexa.xml HTTP/1.1" 200 2969 "-" "Mozilla/5.0 (compatible) Feedfetcher-Google; (+http://www.google.com/feedfetcher.html)"
66.249.67.3 - - [20/Jul/2009:21:37:20 -0700] "GET /gallery/main.php?g2_view=core.DownloadItem&g2_itemId=13865&g2_serialNumber=1 HTTP/1.1" 200 153719 "-" "Googlebot-Image/1.0"
122.160.162.2 - - [20/Jul/2009:21:37:26 -0700] "GET /rss.pl HTTP/1.0" 200 35867 "-" "Mozilla/4.0 (compatible; MSIE 7.0; Windows NT 6.0; Trident/4.0; SLCC1; .NET CLR 2.0.50727; .NET CLR 3.5.21022; InfoPath.2; .NET CLR 3.5.30729; .NET CLR 3.0.30618; OfficeLiveConnector.1.3; OfficeLivePatch.1.3; MSOffice 12)"
72.14.194.1 - - [20/Jul/2009:21:37:28 -0700] "GET /gwidgets/alexa.xml HTTP/1.1" 200 2969 "-" "Mozilla/5.0 (compatible) Feedfetcher-Google; (+http://www.google.com/feedfetcher.html)"
66.249.67.3 - - [20/Jul/2009:21:37:30 -0700] "GET /gallery/main.php?g2_itemId=22460&g2_highlightId=23714 HTTP/1.1" 302 5 "-" "Mozilla/5.0 (compatible; Googlebot/2.1; +http://www.google.com/bot.html)"
72.30.142.87 - - [20/Jul/2009:21:37:54 -0700] "GET /style.css HTTP/1.0" 304 - "http://example.org/?post=131" "Mozilla/5.0 (compatible; Yahoo! Slurp/3.0; http://help.yahoo.com/help/us/ysearch/slurp)"
72.14.192.65 - - [20/Jul/2009:21:37:57 -0700] "GET /gwidgets/alexa.xml HTTP/1.1" 200 2969 "-" "Mozilla/5.0 (compatible) Feedfetcher-Google; (+http://www.google.com/feedfetcher.html)"
174.36.241.157 - - [20/Jul/2009:21:38:37 -0700] "GET /rss.pl HTTP/1.1" 200 35942 "-" "Mozilla/5.0 (X11; U; Linux i686; en-US; rv:1.2.1; aggregator:Spinn3r (Spinn3r 3.1); http://spinn3r.com/robot) Gecko/20021130"
66.249.67.3 - - [20/Jul/2009:21:38:56 -0700] "GET /gallery/main.php?g2_itemId=32105&g2_highlightId=32260 HTTP/1.1" 302 5 "-" "Mozilla/5.0 (compatible; Googlebot/2.1; +http://www.google.com/bot.html)"
74.125.74.193 - - [20/Jul/2009:21:38:58 -0700] "GET /favicon.ico HTTP/1.1" 404 146 "-" "-"
66.249.67.3 - - [20/Jul/2009:21:39:00 -0700] "GET /gallery/main.php?g2_itemId=32105&g2_page=3 HTTP/1.1" 200 15568 "-" "Mozilla/5.0 (compatible; Googlebot/2.1; +http://www.google.com/bot.html)"
122.160.162.2 - - [20/Jul/2009:21:39:28 -0700] "GET /rss.pl HTTP/1.0" 200 35867 "-" "Mozilla/4.0 (compatible; MSIE 7.0; Windows NT 6.0; Trident/4.0; SLCC1; .NET CLR 2.0.50727; .NET CLR 3.5.21022; InfoPath.2; .NET CLR 3.5.30729; .NET CLR 3.0.30618; OfficeLiveConnector.1.3; OfficeLivePatch.1.3; MSOffice 12)"
74.125.74.193 - - [20/Jul/2009:21:39:31 -0700] "GET /gadgets/adpowers/AlexaRank/g.xml HTTP/1.1" 200 3164 "-" "FeedFetcher-Google; (+http://www.google.com/feedfetcher.html)"
66.249.67.3 - - [20/Jul/2009:21:39:47 -0700] "GET /gallery/main.php?g2_controller=exif.SwitchDetailMode&g2_mode=detailed&g2_return=%2Fgallery%2Fmain.php%3Fg2_itemId%3D7600&g2_returnName=photo HTTP/1.1" 302 5 "-" "Mozilla/5.0 (compatible; Googlebot/2.1; +http://www.google.com/bot.html)"
216.18.20.104 - - [20/Jul/2009:21:39:49 -0700] "GET /rss.pl HTTP/1.1" 200 35942 "-" "Mozilla/4.0 (compatible; MSIE 5.5; Windows NT)"
66.249.67.3 - - [20/Jul/2009:21:39:51 -0700] "GET /gallery/main.php?g2_itemId=7600&g2_fromNavId=x584e4e44 HTTP/1.1" 200 7472 "-" "Mozilla/5.0 (compatible; Googlebot/2.1; +http://www.google.com/bot.html)"
65.55.110.51 - - [20/Jul/2009:21:39:57 -0700] "GET /gallery/main.php?g2_itemId=26901 HTTP/1.1" 200 8324 "http://www.bing.com/search?q=value" "Mozilla/4.0 (compatible;  MSIE 6.0;  Windows NT 5.2;  SV1;  .NET CLR 1.1.4322;  .NET CLR 2.0.40607;  .NET CLR 3.0.30729;  .NET CLR 3.5.30707;  InfoPath.2)"
65.55.110.51 - - [20/Jul/2009:21:39:59 -0700] "GET /gallery/modules/core/data/gallery.css HTTP/1.1" 200 9535 "http://example.org/gallery/main.php?g2_itemId=26901" "Mozilla/4.0 (compatible;  MSIE 6.0;  Windows NT 5.2;  SV1;  .NET CLR 1.1.4322;  .NET CLR 2.0.40607;  .NET CLR 3.0.30729;  .NET CLR 3.5.30707;  InfoPath.2)"
65.55.110.51 - - [20/Jul/2009:21:39:59 -0700] "GET /gallery/modules/icons/iconpacks/paularmstrongdesigns/icons.css HTTP/1.1" 200 8847 "http://example.org/gallery/main.php?g2_itemId=26901" "Mozilla/4.0 (compatible;  MSIE 6.0;  Windows NT 5.2;  SV1;  .NET CLR 1.1.4322;  .NET CLR 2.0.40607;  .NET CLR 3.0.30729;  .NET CLR 3.5.30707;  InfoPath.2)"
65.55.110.51 - - [20/Jul/2009:21:40:00 -0700] "GET /gallery/modules/search/SearchBlock.js HTTP/1.1" 200 992 "http://example.org/gallery/main.php?g2_itemId=26901" "Mozilla/4.0 (compatible;  MSIE 6.0;  Windows NT 5.2;  SV1;  .NET CLR 1.1.4322;  .NET CLR 2.0.40607;  .NET CLR 3.0.30729;  .NET CLR 3.5.30707;  InfoPath.2)"
65.55.110.51 - - [20/Jul/2009:21:40:01 -0700] "GET /gallery/modules/rating/rating.css HTTP/1.1" 200 1355 "http://example.org/gallery/main.php?g2_itemId=26901" "Mozilla/4.0 (compatible;  MSIE 6.0;  Windows NT 5.2;  SV1;  .NET CLR 1.1.4322;  .NET CLR 2.0.40607;  .NET CLR 3.0.30729;  .NET CLR 3.5.30707;  InfoPath.2)"
65.55.110.51 - - [20/Jul/2009:21:40:02 -0700] "GET /gallery/lib/yui/yahoo-min.js HTTP/1.1" 200 1419 "http://example.org/gallery/main.php?g2_itemId=26901" "Mozilla/4.0 (compatible;  MSIE 6.0;  Windows NT 5.2;  SV1;  .NET CLR 1.1.4322;  .NET CLR 2.0.40607;  .NET CLR 3.0.30729;  .NET CLR 3.5.30707;  InfoPath.2)"
65.55.110.51 - - [20/Jul/2009:21:40:03 -0700] "GET /gallery/lib/yui/connection-min.js HTTP/1.1" 200 7959 "http://example.org/gallery/main.php?g2_itemId=26901" "Mozilla/4.0 (compatible;  MSIE 6.0;  Windows NT 5.2;  SV1;  .NET CLR 1.1.4322;  .NET CLR 2.0.40607;  .NET CLR 3.0.30729;  .NET CLR 3.5.30707;  InfoPath.2)"
65.55.110.51 - - [20/Jul/2009:21:40:05 -0700] "GET /gallery/modules/rating/rating.js HTTP/1.1" 200 3066 "http://example.org/gallery/main.php?g2_itemId=26901" "Mozilla/4.0 (compatible;  MSIE 6.0;  Windows NT 5.2;  SV1;  .NET CLR 1.1.4322;  .NET CLR 2.0.40607;  .NET CLR 3.0.30729;  .NET CLR 3.5.30707;  InfoPath.2)"
65.55.110.51 - - [20/Jul/2009:21:40:06 -0700] "GET /gallery/themes/matrix/theme.css HTTP/1.1" 200 12605 "http://example.org/gallery/main.php?g2_itemId=26901" "Mozilla/4.0 (compatible;  MSIE 6.0;  Windows NT 5.2;  SV1;  .NET CLR 1.1.4322;  .NET CLR 2.0.40607;  .NET CLR 3.0.30729;  .NET CLR 3.5.30707;  InfoPath.2)"
65.55.110.51 - - [20/Jul/2009:21:40:16 -0700] "GET /gallery/main.php?g2_view=core.DownloadItem&g2_itemId=26903&g2_serialNumber=2 HTTP/1.1" 200 70377 "http://example.org/gallery/main.php?g2_itemId=26901" "Mozilla/4.0 (compatible;  MSIE 6.0;  Windows NT 5.2;  SV1;  .NET CLR 1.1.4322;  .NET CLR 2.0.40607;  .NET CLR 3.0.30729;  .NET CLR 3.5.30707;  InfoPath.2)"
74.125.74.193 - - [20/Jul/2009:21:40:38 -0700] "GET /gadgets/adpowers/AlexaRank/g.xml HTTP/1.1" 200 3164 "-" "Mozilla/5.0 (compatible) Feedfetcher-Google; (+http://www.google.com/feedfetcher.html)"
74.125.74.193 - - [20/Jul/2009:21:40:39 -0700] "GET /gadgets/adpowers/AlexaRank/ALL_ALL.xml HTTP/1.1" 200 1160 "-" "Mozilla/5.0 (compatible) Feedfetcher-Google; (+http://www.google.com/feedfetcher.html)"
74.125.74.193 - - [20/Jul/2009:21:40:40 -0700] "GET /gadgets/adpowers/AlexaRank/ja_ALL.xml HTTP/1.1" 200 1264 "-" "Mozilla/5.0 (compatible) Feedfetcher-Google; (+http://www.google.com/feedfetcher.html)"
64.233.172.17 - - [20/Jul/2009:21:41:02 -0700] "GET /gadgets/adpowers/AlexaRank/g.xml HTTP/1.1" 200 3164 "-" "FeedFetcher-Google; (+http://www.google.com/feedfetcher.html)"
65.55.208.181 - - [20/Jul/2009:21:41:10 -0700] "GET /gallery/main.php?g2_view=comment.ShowAllComments&g2_itemId=22764&g2_return=%2Fgallery%2Fmain.php%3Fg2_itemId%3D22764&g2_returnName=photo HTTP/1.1" 200 5834 "-" "msnbot/1.1 (+http://search.msn.com/msnbot.htm)"
65.55.208.186 - - [20/Jul/2009:21:41:13 -0700] "GET /gallery/main.php?g2_view=comment.ShowAllComments&g2_itemId=26783&g2_return=%2Fgallery%2Fmain.php%3Fg2_itemId%3D26783&g2_returnName=photo HTTP/1.1" 200 4980 "-" "msnbot/1.1 (+http://search.msn.com/msnbot.htm)"
64.233.173.2 - - [20/Jul/2009:21:41:37 -0700] "GET /gadgets/adpowers/AlexaRank/g.xml HTTP/1.1" 200 3164 "-" "Mozilla/5.0 (compatible) Feedfetcher-Google; (+http://www.google.com/feedfetcher.html)"
64.233.173.2 - - [20/Jul/2009:21:41:38 -0700] "GET /gadgets/adpowers/AlexaRank/ALL_ALL.xml HTTP/1.1" 200 1160 "-" "Mozilla/5.0 (compatible) Feedfetcher-Google; (+http://www.google.com/feedfetcher.html)"
122.160.162.2 - - [20/Jul/2009:21:41:51 -0700] "GET /rss.pl HTTP/1.0" 200 35867 "-" "Mozilla/4.0 (compatible; MSIE 7.0; Windows NT 6.0; Trident/4.0; SLCC1; .NET CLR 2.0.50727; .NET CLR 3.5.21022; InfoPath.2; .NET CLR 3.5.30729; .NET CLR 3.0.30618; OfficeLiveConnector.1.3; OfficeLivePatch.1.3; MSOffice 12)"
65.55.208.191 - - [20/Jul/2009:21:42:14 -0700] "GET /gallery/main.php?g2_view=core.UserAdmin&g2_subView=core.UserLogin&g2_return=%2Fgallery%2Fmain.php%3Fg2_itemId%3D33179&g2_returnName=photo HTTP/1.1" 200 4004 "-" "msnbot/1.1 (+http://search.msn.com/msnbot.htm)"
66.249.67.3 - - [20/Jul/2009:21:42:15 -0700] "GET /gallery/main.php?g2_view=core.UserAdmin&g2_subView=core.UserLogin&g2_return=%2Fgallery%2Fmain.php%3Fg2_itemId%3D19648&g2_returnName=photo HTTP/1.1" 200 4004 "-" "Mozilla/5.0 (compatible; Googlebot/2.1; +http://www.google.com/bot.html)"
72.14.193.68 - - [20/Jul/2009:21:42:55 -0700] "GET /gadgets/adpowers/AlexaRank/g.xml HTTP/1.1" 200 3164 "-" "Mozilla/5.0 (compatible) Feedfetcher-Google; (+http://www.google.com/feedfetcher.html)"
72.14.193.68 - - [20/Jul/2009:21:42:56 -0700] "GET /gadgets/adpowers/AlexaRank/ALL_ALL.xml HTTP/1.1" 200 1160 "-" "Mozilla/5.0 (compatible) Feedfetcher-Google; (+http://www.google.com/feedfetcher.html)"
66.249.67.3 - - [20/Jul/2009:21:42:56 -0700] "GET /gallery/main.php?g2_view=core.UserAdmin&g2_subView=core.UserLogin&g2_return=%2Fgallery%2Fmain.php%3Fg2_itemId%3D3747&g2_returnName=photo HTTP/1.1" 200 4001 "-" "Mozilla/5.0 (compatible; Googlebot/2.1; +http://www.google.com/bot.html)"
203.104.98.218 - - [20/Jul/2009:21:43:09 -0700] "GET /rss.pl HTTP/1.1" 200 35942 "-" "livedoor FeedFetcher/0.01 (http://reader.livedoor.com/; 1 subscriber)"
66.249.67.3 - - [20/Jul/2009:21:43:22 -0700] "GET /gallery/main.php?g2_itemId=15371&g2_highlightId=15702 HTTP/1.1" 302 5 "-" "Mozilla/5.0 (compatible; Googlebot/2.1; +http://www.google.com/bot.html)"
64.233.173.2 - - [20/Jul/2009:21:43:23 -0700] "GET /gwidgets/alexa.xml HTTP/1.1" 200 2969 "-" "Mozilla/5.0 (compatible) Feedfetcher-Google; (+http://www.google.com/feedfetcher.html)"
122.160.162.2 - - [20/Jul/2009:21:43:38 -0700] "GET /rss.pl HTTP/1.0" 200 35867 "-" "Mozilla/4.0 (compatible; MSIE 7.0; Windows NT 6.0; Trident/4.0; SLCC1; .NET CLR 2.0.50727; .NET CLR 3.5.21022; InfoPath.2; .NET CLR 3.5.30729; .NET CLR 3.0.30618; OfficeLiveConnector.1.3; OfficeLivePatch.1.3; MSOffice 12)"
74.125.74.193 - - [20/Jul/2009:21:43:49 -0700] "GET /gwidgets/alexa.xml HTTP/1.1" 200 2969 "-" "Mozilla/5.0 (compatible) Feedfetcher-Google; (+http://www.google.com/feedfetcher.html)"
72.14.192.65 - - [20/Jul/2009:21:43:49 -0700] "GET /gadgets/adpowers/AlexaRank/g.xml HTTP/1.1" 200 3164 "-" "Mozilla/5.0 (compatible) Feedfetcher-Google; (+http://www.google.com/feedfetcher.html)"
72.14.192.65 - - [20/Jul/2009:21:43:50 -0700] "GET /gadgets/adpowers/AlexaRank/ALL_ALL.xml HTTP/1.1" 200 1160 "-" "Mozilla/5.0 (compatible) Feedfetcher-Google; (+http://www.google.com/feedfetcher.html)"
64.233.172.17 - - [20/Jul/2009:21:43:53 -0700] "GET /gadgets/adpowers/AlexaRank/g.xml HTTP/1.1" 200 3164 "-" "Mozilla/5.0 (compatible) Feedfetcher-Google; (+http://www.google.com/feedfetcher.html)"
74.125.75.17 - - [20/Jul/2009:21:43:54 -0700] "GET /gadgets/adpowers/AlexaRank/ALL_ALL.xml HTTP/1.1" 200 1160 "-" "Mozilla/5.0 (compatible) Feedfetcher-Google; (+http://www.google.com/feedfetcher.html)"
66.249.67.3 - - [20/Jul/2009:21:44:29 -0700] "GET /gallery/main.php?g2_view=search.SearchScan&g2_form%5BuseDefaultSettings%5D=1&g2_return=%2Fgallery%2Fmain.php%3Fg2_view%3Dcomment.ShowAllComments%26g2_itemId%3D29279&g2_returnName=show+comments HTTP/1.1" 200 6360 "-" "Mozilla/5.0 (compatible; Googlebot/2.1; +http://www.google.com/bot.html)"
66.249.67.3 - - [20/Jul/2009:21:44:35 -0700] "GET /gallery/main.php?g2_controller=exif.SwitchDetailMode&g2_mode=detailed&g2_return=%2Fgallery%2Fmain.php%3Fg2_itemId%3D7603&g2_returnName=photo HTTP/1.1" 302 5 "-" "Mozilla/5.0 (compatible; Googlebot/2.1; +http://www.google.com/bot.html)"
66.249.67.3 - - [20/Jul/2009:21:44:37 -0700] "GET /gallery/main.php?g2_itemId=7603&g2_fromNavId=x1b43c77b HTTP/1.1" 200 7472 "-" "Mozilla/5.0 (compatible; Googlebot/2.1; +http://www.google.com/bot.html)"
65.55.109.158 - - [20/Jul/2009:21:45:03 -0700] "GET /gallery/main.php?g2_view=comment.ShowAllComments&g2_itemId=22764&g2_return=%2Fgallery%2Fmain.php%3Fg2_itemId%3D22764&g2_returnName=photo HTTP/1.1" 200 5851 "http://www.bing.com/search?q=philmont" "Mozilla/4.0 (compatible;  MSIE 6.0;  Windows NT 5.1;  SV1;  .NET CLR 1.1.4322;  .NET CLR 2.0.40607;  .NET CLR 3.0.04506.648)"
65.55.109.158 - - [20/Jul/2009:21:45:08 -0700] "GET /gallery/modules/comment/comment.css HTTP/1.1" 200 154 "http://example.org/gallery/main.php?g2_view=comment.ShowAllComments&g2_itemId=22764&g2_return=%2Fgallery%2Fmain.php%3Fg2_itemId%3D22764&g2_returnName=photo" "Mozilla/4.0 (compatible;  MSIE 6.0;  Windows NT 5.1;  SV1;  .NET CLR 1.1.4322;  .NET CLR 2.0.40607;  .NET CLR 3.0.04506.648)"
65.55.109.158 - - [20/Jul/2009:21:45:08 -0700] "GET /gallery/modules/core/data/gallery.css HTTP/1.1" 200 9535 "http://example.org/gallery/main.php?g2_view=comment.ShowAllComments&g2_itemId=22764&g2_return=%2Fgallery%2Fmain.php%3Fg2_itemId%3D22764&g2_returnName=photo" "Mozilla/4.0 (compatible;  MSIE 6.0;  Windows NT 5.1;  SV1;  .NET CLR 1.1.4322;  .NET CLR 2.0.40607;  .NET CLR 3.0.04506.648)"
65.55.109.158 - - [20/Jul/2009:21:45:08 -0700] "GET /gallery/modules/rating/rating.css HTTP/1.1" 200 1355 "http://example.org/gallery/main.php?g2_view=comment.ShowAllComments&g2_itemId=22764&g2_return=%2Fgallery%2Fmain.php%3Fg2_itemId%3D22764&g2_returnName=photo" "Mozilla/4.0 (compatible;  MSIE 6.0;  Windows NT 5.1;  SV1;  .NET CLR 1.1.4322;  .NET CLR 2.0.40607;  .NET CLR 3.0.04506.648)"
65.55.109.158 - - [20/Jul/2009:21:45:08 -0700] "GET /gallery/modules/icons/iconpacks/paularmstrongdesigns/icons.css HTTP/1.1" 200 8847 "http://example.org/gallery/main.php?g2_view=comment.ShowAllComments&g2_itemId=22764&g2_return=%2Fgallery%2Fmain.php%3Fg2_itemId%3D22764&g2_returnName=photo" "Mozilla/4.0 (compatible;  MSIE 6.0;  Windows NT 5.1;  SV1;  .NET CLR 1.1.4322;  .NET CLR 2.0.40607;  .NET CLR 3.0.04506.648)"
65.55.109.158 - - [20/Jul/2009:21:45:08 -0700] "GET /gallery/lib/yui/yahoo-min.js HTTP/1.1" 200 1419 "http://example.org/gallery/main.php?g2_view=comment.ShowAllComments&g2_itemId=22764&g2_return=%2Fgallery%2Fmain.php%3Fg2_itemId%3D22764&g2_returnName=photo" "Mozilla/4.0 (compatible;  MSIE 6.0;  Windows NT 5.1;  SV1;  .NET CLR 1.1.4322;  .NET CLR 2.0.40607;  .NET CLR 3.0.04506.648)"
65.55.109.158 - - [20/Jul/2009:21:45:10 -0700] "GET /gallery/lib/yui/dom-min.js HTTP/1.1" 200 11543 "http://example.org/gallery/main.php?g2_view=comment.ShowAllComments&g2_itemId=22764&g2_return=%2Fgallery%2Fmain.php%3Fg2_itemId%3D22764&g2_returnName=photo" "Mozilla/4.0 (compatible;  MSIE 6.0;  Windows NT 5.1;  SV1;  .NET CLR 1.1.4322;  .NET CLR 2.0.40607;  .NET CLR 3.0.04506.648)"
65.55.109.158 - - [20/Jul/2009:21:45:13 -0700] "GET /gallery/lib/yui/event-min.js HTTP/1.1" 200 9539 "http://example.org/gallery/main.php?g2_view=comment.ShowAllComments&g2_itemId=22764&g2_return=%2Fgallery%2Fmain.php%3Fg2_itemId%3D22764&g2_returnName=photo" "Mozilla/4.0 (compatible;  MSIE 6.0;  Windows NT 5.1;  SV1;  .NET CLR 1.1.4322;  .NET CLR 2.0.40607;  .NET CLR 3.0.04506.648)"
65.55.109.158 - - [20/Jul/2009:21:45:17 -0700] "GET /gallery/lib/yui/container-min.js HTTP/1.1" 200 64509 "http://example.org/gallery/main.php?g2_view=comment.ShowAllComments&g2_itemId=22764&g2_return=%2Fgallery%2Fmain.php%3Fg2_itemId%3D22764&g2_returnName=photo" "Mozilla/4.0 (compatible;  MSIE 6.0;  Windows NT 5.1;  SV1;  .NET CLR 1.1.4322;  .NET CLR 2.0.40607;  .NET CLR 3.0.04506.648)"
65.55.109.158 - - [20/Jul/2009:21:45:19 -0700] "GET /gallery/modules/search/SearchBlock.js HTTP/1.1" 200 992 "http://example.org/gallery/main.php?g2_view=comment.ShowAllComments&g2_itemId=22764&g2_return=%2Fgallery%2Fmain.php%3Fg2_itemId%3D22764&g2_returnName=photo" "Mozilla/4.0 (compatible;  MSIE 6.0;  Windows NT 5.1;  SV1;  .NET CLR 1.1.4322;  .NET CLR 2.0.40607;  .NET CLR 3.0.04506.648)"
65.55.109.158 - - [20/Jul/2009:21:45:20 -0700] "GET /gallery/lib/yui/yahoo-min.js HTTP/1.1" 200 1419 "http://example.org/gallery/main.php?g2_view=comment.ShowAllComments&g2_itemId=22764&g2_return=%2Fgallery%2Fmain.php%3Fg2_itemId%3D22764&g2_returnName=photo" "Mozilla/4.0 (compatible;  MSIE 6.0;  Windows NT 5.1;  SV1;  .NET CLR 1.1.4322;  .NET CLR 2.0.40607;  .NET CLR 3.0.04506.648)"
65.55.109.158 - - [20/Jul/2009:21:45:22 -0700] "GET /gallery/lib/yui/connection-min.js HTTP/1.1" 200 7959 "http://example.org/gallery/main.php?g2_view=comment.ShowAllComments&g2_itemId=22764&g2_return=%2Fgallery%2Fmain.php%3Fg2_itemId%3D22764&g2_returnName=photo" "Mozilla/4.0 (compatible;  MSIE 6.0;  Windows NT 5.1;  SV1;  .NET CLR 1.1.4322;  .NET CLR 2.0.40607;  .NET CLR 3.0.04506.648)"
65.55.109.158 - - [20/Jul/2009:21:45:24 -0700] "GET /gallery/modules/rating/rating.js HTTP/1.1" 200 3066 "http://example.org/gallery/main.php?g2_view=comment.ShowAllComments&g2_itemId=22764&g2_return=%2Fgallery%2Fmain.php%3Fg2_itemId%3D22764&g2_returnName=photo" "Mozilla/4.0 (compatible;  MSIE 6.0;  Windows NT 5.1;  SV1;  .NET CLR 1.1.4322;  .NET CLR 2.0.40607;  .NET CLR 3.0.04506.648)"
65.55.109.158 - - [20/Jul/2009:21:45:25 -0700] "GET /gallery/themes/matrix/theme.css HTTP/1.1" 200 12605 "http://example.org/gallery/main.php?g2_view=comment.ShowAllComments&g2_itemId=22764&g2_return=%2Fgallery%2Fmain.php%3Fg2_itemId%3D22764&g2_returnName=photo" "Mozilla/4.0 (compatible;  MSIE 6.0;  Windows NT 5.1;  SV1;  .NET CLR 1.1.4322;  .NET CLR 2.0.40607;  .NET CLR 3.0.04506.648)"
65.55.109.158 - - [20/Jul/2009:21:45:30 -0700] "GET /gallery/main.php?g2_view=core.DownloadItem&g2_itemId=22765&g2_serialNumber=4 HTTP/1.1" 200 4765 "http://example.org/gallery/main.php?g2_view=comment.ShowAllComments&g2_itemId=22764&g2_return=%2Fgallery%2Fmain.php%3Fg2_itemId%3D22764&g2_returnName=photo" "Mozilla/4.0 (compatible;  MSIE 6.0;  Windows NT 5.1;  SV1;  .NET CLR 1.1.4322;  .NET CLR 2.0.40607;  .NET CLR 3.0.04506.648)"
65.55.109.158 - - [20/Jul/2009:21:45:34 -0700] "GET /gallery/main.php?g2_view=core.DownloadItem&g2_itemId=22766&g2_serialNumber=2 HTTP/1.1" 200 36301 "http://example.org/gallery/main.php?g2_view=comment.ShowAllComments&g2_itemId=22764&g2_return=%2Fgallery%2Fmain.php%3Fg2_itemId%3D22764&g2_returnName=photo" "Mozilla/4.0 (compatible;  MSIE 6.0;  Windows NT 5.1;  SV1;  .NET CLR 1.1.4322;  .NET CLR 2.0.40607;  .NET CLR 3.0.04506.648)"
66.249.67.3 - - [20/Jul/2009:21:45:36 -0700] "GET /gallery/main.php?g2_itemId=15705&g2_fromNavId=xc4a13d67 HTTP/1.1" 200 8073 "-" "Mozilla/5.0 (compatible; Googlebot/2.1; +http://www.google.com/bot.html)"
122.160.162.2 - - [20/Jul/2009:21:45:44 -0700] "GET /rss.pl HTTP/1.0" 200 35867 "-" "Mozilla/4.0 (compatible; MSIE 7.0; Windows NT 6.0; Trident/4.0; SLCC1; .NET CLR 2.0.50727; .NET CLR 3.5.21022; InfoPath.2; .NET CLR 3.5.30729; .NET CLR 3.0.30618; OfficeLiveConnector.1.3; OfficeLivePatch.1.3; MSOffice 12)"
119.42.71.43 - - [20/Jul/2009:21:45:49 -0700] "GET /?news=all HTTP/1.1" 200 18570 "http://images.google.co.th/imgres?imgurl=http://example.org/images/toothin.jpg&imgrefurl=http://example.org/%3Fnews%3Dall&usg=__KOkVEA0KxJVHqDP2vTY1XLJKZNE=&h=340&w=640&sz=48&hl=th&start=7&tbnid=CFyUh41SsH2g9M:&tbnh=73&tbnw=137&prev=/images%3Fq%3Dapple%2Badvertisement%26gbv%3D2%26hl%3Dth%26sa%3DX" "Mozilla/4.0 (compatible; MSIE 6.0; Windows NT 5.1; SV1; .NET CLR 2.0.50727; OfficeLiveConnector.1.3; OfficeLivePatch.0.0)"
119.42.71.43 - - [20/Jul/2009:21:45:50 -0700] "GET /images/toothin.jpg HTTP/1.1" 200 48414 "http://images.google.co.th/imgres?imgurl=http://example.org/images/toothin.jpg&imgrefurl=http://example.org/%3Fnews%3Dall&usg=__KOkVEA0KxJVHqDP2vTY1XLJKZNE=&h=340&w=640&sz=48&hl=th&start=7&tbnid=CFyUh41SsH2g9M:&tbnh=73&tbnw=137&prev=/images%3Fq%3Dapple%2Badvertisement%26gbv%3D2%26hl%3Dth%26sa%3DX" "Mozilla/4.0 (compatible; MSIE 6.0; Windows NT 5.1; SV1; .NET CLR 2.0.50727; OfficeLiveConnector.1.3; OfficeLivePatch.0.0)"
76.91.127.84 - - [20/Jul/2009:21:46:34 -0700] "GET /gallery/main.php?g2_itemId=26268 HTTP/1.1" 200 19157 "http://www.google.com/search?q=pvc+instrument&sourceid=ie7&rls=com.microsoft:en-US&ie=utf8&oe=utf8&rlz=1I7GGLL_en" "Mozilla/4.0 (compatible; MSIE 7.0; Windows NT 5.1; GTB6; .NET CLR 1.0.3705; .NET CLR 1.1.4322; Media Center PC 4.0; InfoPath.1; OfficeLiveConnector.1.3; OfficeLivePatch.0.0)"
76.91.127.84 - - [20/Jul/2009:21:46:34 -0700] "GET /gallery/modules/core/data/gallery.css HTTP/1.1" 200 9535 "http://example.org/gallery/main.php?g2_itemId=26268" "Mozilla/4.0 (compatible; MSIE 7.0; Windows NT 5.1; GTB6; .NET CLR 1.0.3705; .NET CLR 1.1.4322; Media Center PC 4.0; InfoPath.1; OfficeLiveConnector.1.3; OfficeLivePatch.0.0)"
76.91.127.84 - - [20/Jul/2009:21:46:34 -0700] "GET /gallery/modules/rating/rating.css HTTP/1.1" 200 1355 "http://example.org/gallery/main.php?g2_itemId=26268" "Mozilla/4.0 (compatible; MSIE 7.0; Windows NT 5.1; GTB6; .NET CLR 1.0.3705; .NET CLR 1.1.4322; Media Center PC 4.0; InfoPath.1; OfficeLiveConnector.1.3; OfficeLivePatch.0.0)"
76.91.127.84 - - [20/Jul/2009:21:46:34 -0700] "GET /gallery/modules/icons/iconpacks/paularmstrongdesigns/icons.css HTTP/1.1" 200 8847 "http://example.org/gallery/main.php?g2_itemId=26268" "Mozilla/4.0 (compatible; MSIE 7.0; Windows NT 5.1; GTB6; .NET CLR 1.0.3705; .NET CLR 1.1.4322; Media Center PC 4.0; InfoPath.1; OfficeLiveConnector.1.3; OfficeLivePatch.0.0)"
76.91.127.84 - - [20/Jul/2009:21:46:34 -0700] "GET /gallery/modules/search/SearchBlock.js HTTP/1.1" 200 992 "http://example.org/gallery/main.php?g2_itemId=26268" "Mozilla/4.0 (compatible; MSIE 7.0; Windows NT 5.1; GTB6; .NET CLR 1.0.3705; .NET CLR 1.1.4322; Media Center PC 4.0; InfoPath.1; OfficeLiveConnector.1.3; OfficeLivePatch.0.0)"
76.91.127.84 - - [20/Jul/2009:21:46:34 -0700] "GET /gallery/lib/yui/yahoo-min.js HTTP/1.1" 200 1419 "http://example.org/gallery/main.php?g2_itemId=26268" "Mozilla/4.0 (compatible; MSIE 7.0; Windows NT 5.1; GTB6; .NET CLR 1.0.3705; .NET CLR 1.1.4322; Media Center PC 4.0; InfoPath.1; OfficeLiveConnector.1.3; OfficeLivePatch.0.0)"
76.91.127.84 - - [20/Jul/2009:21:46:35 -0700] "GET /gallery/lib/yui/connection-min.js HTTP/1.1" 200 7959 "http://example.org/gallery/main.php?g2_itemId=26268" "Mozilla/4.0 (compatible; MSIE 7.0; Windows NT 5.1; GTB6; .NET CLR 1.0.3705; .NET CLR 1.1.4322; Media Center PC 4.0; InfoPath.1; OfficeLiveConnector.1.3; OfficeLivePatch.0.0)"
76.91.127.84 - - [20/Jul/2009:21:46:35 -0700] "GET /gallery/modules/rating/rating.js HTTP/1.1" 200 3066 "http://example.org/gallery/main.php?g2_itemId=26268" "Mozilla/4.0 (compatible; MSIE 7.0; Windows NT 5.1; GTB6; .NET CLR 1.0.3705; .NET CLR 1.1.4322; Media Center PC 4.0; InfoPath.1; OfficeLiveConnector.1.3; OfficeLivePatch.0.0)"
76.91.127.84 - - [20/Jul/2009:21:46:35 -0700] "GET /gallery/lib/yui/yahoo-min.js HTTP/1.1" 304 - "http://example.org/gallery/main.php?g2_itemId=26268" "Mozilla/4.0 (compatible; MSIE 7.0; Windows NT 5.1; GTB6; .NET CLR 1.0.3705; .NET CLR 1.1.4322; Media Center PC 4.0; InfoPath.1; OfficeLiveConnector.1.3; OfficeLivePatch.0.0)"
76.91.127.84 - - [20/Jul/2009:21:46:35 -0700] "GET /gallery/lib/yui/connection-min.js HTTP/1.1" 304 - "http://example.org/gallery/main.php?g2_itemId=26268" "Mozilla/4.0 (compatible; MSIE 7.0; Windows NT 5.1; GTB6; .NET CLR 1.0.3705; .NET CLR 1.1.4322; Media Center PC 4.0; InfoPath.1; OfficeLiveConnector.1.3; OfficeLivePatch.0.0)"
76.91.127.84 - - [20/Jul/2009:21:46:36 -0700] "GET /gallery/modules/rating/rating.js HTTP/1.1" 304 - "http://example.org/gallery/main.php?g2_itemId=26268" "Mozilla/4.0 (compatible; MSIE 7.0; Windows NT 5.1; GTB6; .NET CLR 1.0.3705; .NET CLR 1.1.4322; Media Center PC 4.0; InfoPath.1; OfficeLiveConnector.1.3; OfficeLivePatch.0.0)"
76.91.127.84 - - [20/Jul/2009:21:46:36 -0700] "GET /gallery/themes/matrix/theme.css HTTP/1.1" 200 12605 "http://example.org/gallery/main.php?g2_itemId=26268" "Mozilla/4.0 (compatible; MSIE 7.0; Windows NT 5.1; GTB6; .NET CLR 1.0.3705; .NET CLR 1.1.4322; Media Center PC 4.0; InfoPath.1; OfficeLiveConnector.1.3; OfficeLivePatch.0.0)"
76.91.127.84 - - [20/Jul/2009:21:46:37 -0700] "GET /gallery/modules/icons/iconpacks/paularmstrongdesigns/advanced_search.gif HTTP/1.1" 200 581 "http://example.org/gallery/main.php?g2_itemId=26268" "Mozilla/4.0 (compatible; MSIE 7.0; Windows NT 5.1; GTB6; .NET CLR 1.0.3705; .NET CLR 1.1.4322; Media Center PC 4.0; InfoPath.1; OfficeLiveConnector.1.3; OfficeLivePatch.0.0)"
76.91.127.84 - - [20/Jul/2009:21:46:37 -0700] "GET /gallery/images/galleryLogo_sm.gif HTTP/1.1" 200 3488 "http://example.org/gallery/main.php?g2_itemId=26268" "Mozilla/4.0 (compatible; MSIE 7.0; Windows NT 5.1; GTB6; .NET CLR 1.0.3705; .NET CLR 1.1.4322; Media Center PC 4.0; InfoPath.1; OfficeLiveConnector.1.3; OfficeLivePatch.0.0)"
76.91.127.84 - - [20/Jul/2009:21:46:37 -0700] "GET /gallery/themes/matrix/images/icon_path_separator.gif HTTP/1.1" 200 106 "http://example.org/gallery/main.php?g2_itemId=26268" "Mozilla/4.0 (compatible; MSIE 7.0; Windows NT 5.1; GTB6; .NET CLR 1.0.3705; .NET CLR 1.1.4322; Media Center PC 4.0; InfoPath.1; OfficeLiveConnector.1.3; OfficeLivePatch.0.0)"
76.91.127.84 - - [20/Jul/2009:21:46:38 -0700] "GET /gallery/modules/icons/iconpacks/paularmstrongdesigns/view_comment.gif HTTP/1.1" 200 1037 "http://example.org/gallery/main.php?g2_itemId=26268" "Mozilla/4.0 (compatible; MSIE 7.0; Windows NT 5.1; GTB6; .NET CLR 1.0.3705; .NET CLR 1.1.4322; Media Center PC 4.0; InfoPath.1; OfficeLiveConnector.1.3; OfficeLivePatch.0.0)"
76.91.127.84 - - [20/Jul/2009:21:46:38 -0700] "GET /gallery/modules/icons/iconpacks/paularmstrongdesigns/view_slideshow.gif HTTP/1.1" 200 1041 "http://example.org/gallery/main.php?g2_itemId=26268" "Mozilla/4.0 (compatible; MSIE 7.0; Windows NT 5.1; GTB6; .NET CLR 1.0.3705; .NET CLR 1.1.4322; Media Center PC 4.0; InfoPath.1; OfficeLiveConnector.1.3; OfficeLivePatch.0.0)"
76.91.127.84 - - [20/Jul/2009:21:46:38 -0700] "GET /gallery/main.php?g2_view=core.DownloadItem&g2_itemId=26281&g2_serialNumber=2 HTTP/1.1" 200 6641 "http://example.org/gallery/main.php?g2_itemId=26268" "Mozilla/4.0 (compatible; MSIE 7.0; Windows NT 5.1; GTB6; .NET CLR 1.0.3705; .NET CLR 1.1.4322; Media Center PC 4.0; InfoPath.1; OfficeLiveConnector.1.3; OfficeLivePatch.0.0)"
76.91.127.84 - - [20/Jul/2009:21:46:38 -0700] "GET /gallery/main.php?g2_view=core.DownloadItem&g2_itemId=26277&g2_serialNumber=2 HTTP/1.1" 200 7044 "http://example.org/gallery/main.php?g2_itemId=26268" "Mozilla/4.0 (compatible; MSIE 7.0; Windows NT 5.1; GTB6; .NET CLR 1.0.3705; .NET CLR 1.1.4322; Media Center PC 4.0; InfoPath.1; OfficeLiveConnector.1.3; OfficeLivePatch.0.0)"
76.91.127.84 - - [20/Jul/2009:21:46:39 -0700] "GET /gallery/main.php?g2_view=core.DownloadItem&g2_itemId=26284&g2_serialNumber=2 HTTP/1.1" 200 6056 "http://example.org/gallery/main.php?g2_itemId=26268" "Mozilla/4.0 (compatible; MSIE 7.0; Windows NT 5.1; GTB6; .NET CLR 1.0.3705; .NET CLR 1.1.4322; Media Center PC 4.0; InfoPath.1; OfficeLiveConnector.1.3; OfficeLivePatch.0.0)"
76.91.127.84 - - [20/Jul/2009:21:46:39 -0700] "GET /gallery/main.php?g2_view=core.DownloadItem&g2_itemId=26287&g2_serialNumber=2 HTTP/1.1" 200 5969 "http://example.org/gallery/main.php?g2_itemId=26268" "Mozilla/4.0 (compatible; MSIE 7.0; Windows NT 5.1; GTB6; .NET CLR 1.0.3705; .NET CLR 1.1.4322; Media Center PC 4.0; InfoPath.1; OfficeLiveConnector.1.3; OfficeLivePatch.0.0)"
76.91.127.84 - - [20/Jul/2009:21:46:39 -0700] "GET /gallery/main.php?g2_view=core.DownloadItem&g2_itemId=26290&g2_serialNumber=2 HTTP/1.1" 200 2820 "http://example.org/gallery/main.php?g2_itemId=26268" "Mozilla/4.0 (compatible; MSIE 7.0; Windows NT 5.1; GTB6; .NET CLR 1.0.3705; .NET CLR 1.1.4322; Media Center PC 4.0; InfoPath.1; OfficeLiveConnector.1.3; OfficeLivePatch.0.0)"
76.91.127.84 - - [20/Jul/2009:21:46:39 -0700] "GET /gallery/main.php?g2_view=core.DownloadItem&g2_itemId=26293&g2_serialNumber=2 HTTP/1.1" 200 5557 "http://example.org/gallery/main.php?g2_itemId=26268" "Mozilla/4.0 (compatible; MSIE 7.0; Windows NT 5.1; GTB6; .NET CLR 1.0.3705; .NET CLR 1.1.4322; Media Center PC 4.0; InfoPath.1; OfficeLiveConnector.1.3; OfficeLivePatch.0.0)"
76.91.127.84 - - [20/Jul/2009:21:46:39 -0700] "GET /gallery/main.php?g2_view=core.DownloadItem&g2_itemId=26302&g2_serialNumber=2 HTTP/1.1" 200 6611 "http://example.org/gallery/main.php?g2_itemId=26268" "Mozilla/4.0 (compatible; MSIE 7.0; Windows NT 5.1; GTB6; .NET CLR 1.0.3705; .NET CLR 1.1.4322; Media Center PC 4.0; InfoPath.1; OfficeLiveConnector.1.3; OfficeLivePatch.0.0)"
76.91.127.84 - - [20/Jul/2009:21:46:39 -0700] "GET /gallery/main.php?g2_view=core.DownloadItem&g2_itemId=26305&g2_serialNumber=2 HTTP/1.1" 200 5655 "http://example.org/gallery/main.php?g2_itemId=26268" "Mozilla/4.0 (compatible; MSIE 7.0; Windows NT 5.1; GTB6; .NET CLR 1.0.3705; .NET CLR 1.1.4322; Media Center PC 4.0; InfoPath.1; OfficeLiveConnector.1.3; OfficeLivePatch.0.0)"
76.91.127.84 - - [20/Jul/2009:21:46:39 -0700] "GET /gallery/main.php?g2_view=core.DownloadItem&g2_itemId=26308&g2_serialNumber=2 HTTP/1.1" 200 5357 "http://example.org/gallery/main.php?g2_itemId=26268" "Mozilla/4.0 (compatible; MSIE 7.0; Windows NT 5.1; GTB6; .NET CLR 1.0.3705; .NET CLR 1.1.4322; Media Center PC 4.0; InfoPath.1; OfficeLiveConnector.1.3; OfficeLivePatch.0.0)"
76.91.127.84 - - [20/Jul/2009:21:46:40 -0700] "GET /gallery/main.php?g2_view=core.DownloadItem&g2_itemId=26318&g2_serialNumber=2 HTTP/1.1" 200 5541 "http://example.org/gallery/main.php?g2_itemId=26268" "Mozilla/4.0 (compatible; MSIE 7.0; Windows NT 5.1; GTB6; .NET CLR 1.0.3705; .NET CLR 1.1.4322; Media Center PC 4.0; InfoPath.1; OfficeLiveConnector.1.3; OfficeLivePatch.0.0)"
76.91.127.84 - - [20/Jul/2009:21:46:40 -0700] "GET /gallery/main.php?g2_view=core.DownloadItem&g2_itemId=26321&g2_serialNumber=2 HTTP/1.1" 200 5321 "http://example.org/gallery/main.php?g2_itemId=26268" "Mozilla/4.0 (compatible; MSIE 7.0; Windows NT 5.1; GTB6; .NET CLR 1.0.3705; .NET CLR 1.1.4322; Media Center PC 4.0; InfoPath.1; OfficeLiveConnector.1.3; OfficeLivePatch.0.0)"
76.91.127.84 - - [20/Jul/2009:21:46:40 -0700] "GET /gallery/main.php?g2_view=core.DownloadItem&g2_itemId=26324&g2_serialNumber=2 HTTP/1.1" 200 5793 "http://example.org/gallery/main.php?g2_itemId=26268" "Mozilla/4.0 (compatible; MSIE 7.0; Windows NT 5.1; GTB6; .NET CLR 1.0.3705; .NET CLR 1.1.4322; Media Center PC 4.0; InfoPath.1; OfficeLiveConnector.1.3; OfficeLivePatch.0.0)"
76.91.127.84 - - [20/Jul/2009:21:46:40 -0700] "GET /gallery/main.php?g2_view=core.DownloadItem&g2_itemId=26327&g2_serialNumber=2 HTTP/1.1" 200 6801 "http://example.org/gallery/main.php?g2_itemId=26268" "Mozilla/4.0 (compatible; MSIE 7.0; Windows NT 5.1; GTB6; .NET CLR 1.0.3705; .NET CLR 1.1.4322; Media Center PC 4.0; InfoPath.1; OfficeLiveConnector.1.3; OfficeLivePatch.0.0)"
76.91.127.84 - - [20/Jul/2009:21:46:40 -0700] "GET /gallery/main.php?g2_view=core.DownloadItem&g2_itemId=26330&g2_serialNumber=2 HTTP/1.1" 200 7077 "http://example.org/gallery/main.php?g2_itemId=26268" "Mozilla/4.0 (compatible; MSIE 7.0; Windows NT 5.1; GTB6; .NET CLR 1.0.3705; .NET CLR 1.1.4322; Media Center PC 4.0; InfoPath.1; OfficeLiveConnector.1.3; OfficeLivePatch.0.0)"
76.91.127.84 - - [20/Jul/2009:21:46:41 -0700] "GET /gallery/main.php?g2_view=core.DownloadItem&g2_itemId=26333&g2_serialNumber=2 HTTP/1.1" 200 6758 "http://example.org/gallery/main.php?g2_itemId=26268" "Mozilla/4.0 (compatible; MSIE 7.0; Windows NT 5.1; GTB6; .NET CLR 1.0.3705; .NET CLR 1.1.4322; Media Center PC 4.0; InfoPath.1; OfficeLiveConnector.1.3; OfficeLivePatch.0.0)"
76.91.127.84 - - [20/Jul/2009:21:46:41 -0700] "GET /gallery/main.php?g2_view=core.DownloadItem&g2_itemId=26336&g2_serialNumber=2 HTTP/1.1" 200 8381 "http://example.org/gallery/main.php?g2_itemId=26268" "Mozilla/4.0 (compatible; MSIE 7.0; Windows NT 5.1; GTB6; .NET CLR 1.0.3705; .NET CLR 1.1.4322; Media Center PC 4.0; InfoPath.1; OfficeLiveConnector.1.3; OfficeLivePatch.0.0)"
66.249.67.3 - - [20/Jul/2009:21:46:41 -0700] "GET /gallery/main.php?g2_controller=exif.SwitchDetailMode&g2_mode=detailed&g2_return=%2Fgallery%2Fmain.php%3Fg2_itemId%3D15525&g2_returnName=photo HTTP/1.1" 302 5 "-" "Mozilla/5.0 (compatible; Googlebot/2.1; +http://www.google.com/bot.html)"
76.91.127.84 - - [20/Jul/2009:21:46:42 -0700] "GET /gallery/main.php?g2_view=core.DownloadItem&g2_itemId=26342&g2_serialNumber=2 HTTP/1.1" 200 8503 "http://example.org/gallery/main.php?g2_itemId=26268" "Mozilla/4.0 (compatible; MSIE 7.0; Windows NT 5.1; GTB6; .NET CLR 1.0.3705; .NET CLR 1.1.4322; Media Center PC 4.0; InfoPath.1; OfficeLiveConnector.1.3; OfficeLivePatch.0.0)"
76.91.127.84 - - [20/Jul/2009:21:46:42 -0700] "GET /gallery/main.php?g2_view=core.DownloadItem&g2_itemId=26339&g2_serialNumber=2 HTTP/1.1" 200 9145 "http://example.org/gallery/main.php?g2_itemId=26268" "Mozilla/4.0 (compatible; MSIE 7.0; Windows NT 5.1; GTB6; .NET CLR 1.0.3705; .NET CLR 1.1.4322; Media Center PC 4.0; InfoPath.1; OfficeLiveConnector.1.3; OfficeLivePatch.0.0)"
76.91.127.84 - - [20/Jul/2009:21:46:42 -0700] "GET /gallery/main.php?g2_view=core.DownloadItem&g2_itemId=26345&g2_serialNumber=2 HTTP/1.1" 200 8072 "http://example.org/gallery/main.php?g2_itemId=26268" "Mozilla/4.0 (compatible; MSIE 7.0; Windows NT 5.1; GTB6; .NET CLR 1.0.3705; .NET CLR 1.1.4322; Media Center PC 4.0; InfoPath.1; OfficeLiveConnector.1.3; OfficeLivePatch.0.0)"
76.91.127.84 - - [20/Jul/2009:21:46:42 -0700] "GET /gallery/main.php?g2_view=core.DownloadItem&g2_itemId=26353&g2_serialNumber=2 HTTP/1.1" 200 9511 "http://example.org/gallery/main.php?g2_itemId=26268" "Mozilla/4.0 (compatible; MSIE 7.0; Windows NT 5.1; GTB6; .NET CLR 1.0.3705; .NET CLR 1.1.4322; Media Center PC 4.0; InfoPath.1; OfficeLiveConnector.1.3; OfficeLivePatch.0.0)"
76.91.127.84 - - [20/Jul/2009:21:46:43 -0700] "GET /gallery/main.php?g2_view=core.DownloadItem&g2_itemId=26348&g2_serialNumber=2 HTTP/1.1" 200 8167 "http://example.org/gallery/main.php?g2_itemId=26268" "Mozilla/4.0 (compatible; MSIE 7.0; Windows NT 5.1; GTB6; .NET CLR 1.0.3705; .NET CLR 1.1.4322; Media Center PC 4.0; InfoPath.1; OfficeLiveConnector.1.3; OfficeLivePatch.0.0)"
76.91.127.84 - - [20/Jul/2009:21:46:43 -0700] "GET /gallery/main.php?g2_view=core.DownloadItem&g2_itemId=26356&g2_serialNumber=2 HTTP/1.1" 200 9157 "http://example.org/gallery/main.php?g2_itemId=26268" "Mozilla/4.0 (compatible; MSIE 7.0; Windows NT 5.1; GTB6; .NET CLR 1.0.3705; .NET CLR 1.1.4322; Media Center PC 4.0; InfoPath.1; OfficeLiveConnector.1.3; OfficeLivePatch.0.0)"
76.91.127.84 - - [20/Jul/2009:21:46:43 -0700] "GET /gallery/images/gallery.gif HTTP/1.1" 200 1180 "http://example.org/gallery/main.php?g2_itemId=26268" "Mozilla/4.0 (compatible; MSIE 7.0; Windows NT 5.1; GTB6; .NET CLR 1.0.3705; .NET CLR 1.1.4322; Media Center PC 4.0; InfoPath.1; OfficeLiveConnector.1.3; OfficeLivePatch.0.0)"
76.91.127.84 - - [20/Jul/2009:21:46:43 -0700] "GET /favicon.ico HTTP/1.1" 404 146 "-" "Mozilla/4.0 (compatible; MSIE 7.0; Windows NT 5.1; GTB6; .NET CLR 1.0.3705; .NET CLR 1.1.4322; Media Center PC 4.0; InfoPath.1; OfficeLiveConnector.1.3; OfficeLivePatch.0.0)"
66.249.67.3 - - [20/Jul/2009:21:46:44 -0700] "GET /gallery/main.php?g2_itemId=15525&g2_fromNavId=x6e789b80 HTTP/1.1" 200 8155 "-" "Mozilla/5.0 (compatible; Googlebot/2.1; +http://www.google.com/bot.html)"
76.91.127.84 - - [20/Jul/2009:21:46:44 -0700] "GET /favicon.ico HTTP/1.1" 404 146 "-" "Mozilla/5.0 (compatible; Google Desktop)"
74.125.16.65 - - [20/Jul/2009:21:47:26 -0700] "GET /gadgets/adpowers/AlexaRank/g.xml HTTP/1.1" 200 3164 "-" "Mozilla/5.0 (compatible) Feedfetcher-Google; (+http://www.google.com/feedfetcher.html)"
74.125.16.65 - - [20/Jul/2009:21:47:27 -0700] "GET /gadgets/adpowers/AlexaRank/ALL_ALL.xml HTTP/1.1" 200 1160 "-" "Mozilla/5.0 (compatible) Feedfetcher-Google; (+http://www.google.com/feedfetcher.html)"
66.249.67.3 - - [20/Jul/2009:21:47:48 -0700] "GET /gallery/main.php?g2_itemId=15371&g2_highlightId=15681 HTTP/1.1" 302 5 "-" "Mozilla/5.0 (compatible; Googlebot/2.1; +http://www.google.com/bot.html)"
72.14.192.65 - - [20/Jul/2009:21:47:53 -0700] "GET /gwidgets/alexa.xml HTTP/1.1" 200 2969 "-" "Mozilla/5.0 (compatible) Feedfetcher-Google; (+http://www.google.com/feedfetcher.html)"
72.14.194.1 - - [20/Jul/2009:21:48:06 -0700] "GET /gwidgets/alexa.xml HTTP/1.1" 200 2969 "-" "Mozilla/5.0 (compatible) Feedfetcher-Google; (+http://www.google.com/feedfetcher.html)"
122.160.162.2 - - [20/Jul/2009:21:48:08 -0700] "GET /rss.pl HTTP/1.0" 200 35867 "-" "Mozilla/4.0 (compatible; MSIE 7.0; Windows NT 6.0; Trident/4.0; SLCC1; .NET CLR 2.0.50727; .NET CLR 3.5.21022; InfoPath.2; .NET CLR 3.5.30729; .NET CLR 3.0.30618; OfficeLiveConnector.1.3; OfficeLivePatch.1.3; MSOffice 12)"
72.14.192.65 - - [20/Jul/2009:21:48:43 -0700] "GET /gadgets/adpowers/AlexaRank/g.xml HTTP/1.1" 200 3164 "-" "FeedFetcher-Google; (+http://www.google.com/feedfetcher.html)"
66.249.67.3 - - [20/Jul/2009:21:48:55 -0700] "GET /gallery/main.php?g2_view=core.UserAdmin&g2_subView=core.UserLogin&g2_return=%2Fgallery%2Fmain.php%3Fg2_itemId%3D19660&g2_returnName=photo HTTP/1.1" 200 4004 "-" "Mozilla/5.0 (compatible; Googlebot/2.1; +http://www.google.com/bot.html)"
66.249.67.3 - - [20/Jul/2009:21:49:23 -0700] "GET /gallery/main.php?g2_controller=exif.SwitchDetailMode&g2_mode=detailed&g2_return=%2Fgallery%2Fmain.php%3Fg2_itemId%3D12138&g2_returnName=photo HTTP/1.1" 302 5 "-" "Mozilla/5.0 (compatible; Googlebot/2.1; +http://www.google.com/bot.html)"
66.249.67.3 - - [20/Jul/2009:21:49:26 -0700] "GET /gallery/main.php?g2_itemId=12138&g2_fromNavId=xb68385e8 HTTP/1.1" 200 8152 "-" "Mozilla/5.0 (compatible; Googlebot/2.1; +http://www.google.com/bot.html)"
74.125.74.193 - - [20/Jul/2009:21:49:35 -0700] "GET /gadgets/flarn2006/Link/g.xml HTTP/1.1" 200 719 "-" "Mozilla/5.0 (compatible) Feedfetcher-Google; (+http://www.google.com/feedfetcher.html)"
65.55.106.184 - - [20/Jul/2009:21:49:37 -0700] "GET /gallery/main.php?g2_itemId=26654 HTTP/1.1" 200 8228 "-" "msnbot/2.0b (+http://search.msn.com/msnbot.htm)"
74.125.75.17 - - [20/Jul/2009:21:49:59 -0700] "GET /gwidgets/alexa.xml HTTP/1.1" 200 2969 "-" "FeedFetcher-Google; (+http://www.google.com/feedfetcher.html)"
72.14.192.65 - - [20/Jul/2009:21:50:17 -0700] "GET /gadgets/adpowers/AlexaRank/g.xml HTTP/1.1" 200 3164 "-" "Mozilla/5.0 (compatible) Feedfetcher-Google; (+http://www.google.com/feedfetcher.html)"
72.14.192.65 - - [20/Jul/2009:21:50:17 -0700] "GET /gadgets/adpowers/AlexaRank/ALL_ALL.xml HTTP/1.1" 200 1160 "-" "Mozilla/5.0 (compatible) Feedfetcher-Google; (+http://www.google.com/feedfetcher.html)"
76.91.127.84 - - [20/Jul/2009:21:50:23 -0700] "GET /gallery/images/galleryLogo_sm.gif HTTP/1.1" 304 - "http://127.0.0.1:4664/preview?event_id=167689&schema_id=2&q=pvc+instrument&s=000000000000000000000000000" "Mozilla/4.0 (compatible; MSIE 7.0; Windows NT 5.1; GTB6; .NET CLR 1.0.3705; .NET CLR 1.1.4322; Media Center PC 4.0; InfoPath.1; OfficeLiveConnector.1.3; OfficeLivePatch.0.0)"
76.91.127.84 - - [20/Jul/2009:21:50:24 -0700] "GET /gallery/images/gallery.gif HTTP/1.1" 304 - "http://127.0.0.1:4664/preview?event_id=167689&schema_id=2&q=pvc+instrument&s=000000000000000000000000000" "Mozilla/4.0 (compatible; MSIE 7.0; Windows NT 5.1; GTB6; .NET CLR 1.0.3705; .NET CLR 1.1.4322; Media Center PC 4.0; InfoPath.1; OfficeLiveConnector.1.3; OfficeLivePatch.0.0)"
122.160.162.2 - - [20/Jul/2009:21:50:32 -0700] "GET /rss.pl HTTP/1.0" 200 35867 "-" "Mozilla/4.0 (compatible; MSIE 7.0; Windows NT 6.0; Trident/4.0; SLCC1; .NET CLR 2.0.50727; .NET CLR 3.5.21022; InfoPath.2; .NET CLR 3.5.30729; .NET CLR 3.0.30618; OfficeLiveConnector.1.3; OfficeLivePatch.1.3; MSOffice 12)"
74.125.74.193 - - [20/Jul/2009:21:51:06 -0700] "GET /gadgets/adpowers/AlexaRank/ALL_ALL.xml HTTP/1.1" 200 1160 "-" "FeedFetcher-Google; (+http://www.google.com/feedfetcher.html)"
74.125.74.193 - - [20/Jul/2009:21:51:08 -0700] "GET /gadgets/adpowers/AlexaRank/g.xml HTTP/1.1" 200 3164 "-" "Mozilla/5.0 (compatible) Feedfetcher-Google; (+http://www.google.com/feedfetcher.html)"
74.125.74.193 - - [20/Jul/2009:21:51:09 -0700] "GET /gadgets/adpowers/AlexaRank/ALL_ALL.xml HTTP/1.1" 200 1160 "-" "Mozilla/5.0 (compatible) Feedfetcher-Google; (+http://www.google.com/feedfetcher.html)"
74.125.74.193 - - [20/Jul/2009:21:51:10 -0700] "GET /gadgets/adpowers/AlexaRank/ja_ALL.xml HTTP/1.1" 200 1264 "-" "Mozilla/5.0 (compatible) Feedfetcher-Google; (+http://www.google.com/feedfetcher.html)"
74.125.75.17 - - [20/Jul/2009:21:51:27 -0700] "GET /gadgets/adpowers/AlexaRank/g.xml HTTP/1.1" 200 3164 "-" "Mozilla/5.0 (compatible) Feedfetcher-Google; (+http://www.google.com/feedfetcher.html)"
64.233.172.17 - - [20/Jul/2009:21:51:28 -0700] "GET /gadgets/adpowers/AlexaRank/ALL_ALL.xml HTTP/1.1" 200 1160 "-" "Mozilla/5.0 (compatible) Feedfetcher-Google; (+http://www.google.com/feedfetcher.html)"
66.249.67.3 - - [20/Jul/2009:21:51:42 -0700] "GET /gallery/main.php?g2_view=core.DownloadItem&g2_itemId=32594&g2_serialNumber=2 HTTP/1.1" 304 0 "-" "Googlebot-Image/1.0"
74.125.74.193 - - [20/Jul/2009:21:52:04 -0700] "GET /gadgets/gigtit/Live-HSI/g.xml HTTP/1.1" 200 1917 "-" "FeedFetcher-Google; (+http://www.google.com/feedfetcher.html)"
66.249.67.87 - - [20/Jul/2009:21:52:11 -0700] "GET /gallery/main.php?g2_itemId=468&g2_page=3&g2_fromNavId=x01d20e5f HTTP/1.1" 200 20080 "-" "Mozilla/5.0 (compatible; Googlebot/2.1; +http://www.google.com/bot.html)"
66.249.67.87 - - [20/Jul/2009:21:52:12 -0700] "GET /gallery/main.php?g2_view=search.SearchScan&g2_form%5BuseDefaultSettings%5D=1&g2_return=%2Fgallery%2Fmain.php%3Fg2_view%3Dcomment.ShowAllComments%26g2_itemId%3D537&g2_returnName=show+comments HTTP/1.1" 200 6360 "-" "Mozilla/5.0 (compatible; Googlebot/2.1; +http://www.google.com/bot.html)"
66.249.67.87 - - [20/Jul/2009:21:52:13 -0700] "GET /gallery/main.php?g2_view=core.UserAdmin&g2_subView=core.UserLogin&g2_return=%2Fgallery%2Fmain.php%3Fg2_view%3Dcomment.ShowAllComments%26g2_itemId%3D537&g2_returnName=show+comments HTTP/1.1" 200 4115 "-" "Mozilla/5.0 (compatible; Googlebot/2.1; +http://www.google.com/bot.html)"
66.249.67.87 - - [20/Jul/2009:21:52:15 -0700] "GET /gallery/main.php?g2_itemId=537&g2_fromNavId=x0a3f5ae9 HTTP/1.1" 200 7047 "-" "Mozilla/5.0 (compatible; Googlebot/2.1; +http://www.google.com/bot.html)"
66.249.67.3 - - [20/Jul/2009:21:52:16 -0700] "GET /gallery/main.php?g2_view=core.UserAdmin&g2_subView=core.UserLogin&g2_return=%2Fgallery%2Fmain.php%3Fg2_view%3Dcomment.ShowAllComments%26g2_itemId%3D32272&g2_returnName=show+comments HTTP/1.1" 200 4121 "-" "Mozilla/5.0 (compatible; Googlebot/2.1; +http://www.google.com/bot.html)"
66.249.67.3 - - [20/Jul/2009:21:52:18 -0700] "GET /gallery/main.php?g2_itemId=18407 HTTP/1.1" 200 8281 "-" "Mozilla/5.0 (compatible; Googlebot/2.1; +http://www.google.com/bot.html)"
74.125.74.193 - - [20/Jul/2009:21:52:19 -0700] "GET /gadgets/gigtit/Live-HSI/g.xml HTTP/1.1" 200 1917 "-" "Mozilla/5.0 (compatible) Feedfetcher-Google; (+http://www.google.com/feedfetcher.html)"
122.160.162.2 - - [20/Jul/2009:21:52:35 -0700] "GET /rss.pl HTTP/1.0" 200 35867 "-" "Mozilla/4.0 (compatible; MSIE 7.0; Windows NT 6.0; Trident/4.0; SLCC1; .NET CLR 2.0.50727; .NET CLR 3.5.21022; InfoPath.2; .NET CLR 3.5.30729; .NET CLR 3.0.30618; OfficeLiveConnector.1.3; OfficeLivePatch.1.3; MSOffice 12)"
64.233.172.17 - - [20/Jul/2009:21:53:16 -0700] "GET /gadgets/adpowers/AlexaRank/g.xml HTTP/1.1" 200 3164 "-" "Mozilla/5.0 (compatible) Feedfetcher-Google; (+http://www.google.com/feedfetcher.html)"
64.233.172.17 - - [20/Jul/2009:21:53:17 -0700] "GET /gadgets/adpowers/AlexaRank/ALL_ALL.xml HTTP/1.1" 200 1160 "-" "Mozilla/5.0 (compatible) Feedfetcher-Google; (+http://www.google.com/feedfetcher.html)"
66.249.67.3 - - [20/Jul/2009:21:53:21 -0700] "GET /gallery/main.php?g2_view=search.SearchScan&g2_form%5BuseDefaultSettings%5D=1&g2_return=%2Fgallery%2Fmain.php%3Fg2_itemId%3D15735&g2_returnName=photo HTTP/1.1" 200 6360 "-" "Mozilla/5.0 (compatible; Googlebot/2.1; +http://www.google.com/bot.html)"
65.55.208.187 - - [20/Jul/2009:21:53:41 -0700] "GET /gallery/main.php?g2_itemId=3370 HTTP/1.1" 200 8133 "-" "msnbot/1.1 (+http://search.msn.com/msnbot.htm)"
72.14.192.65 - - [20/Jul/2009:21:53:46 -0700] "GET /gwidgets/alexa.xml HTTP/1.1" 200 2969 "-" "Mozilla/5.0 (compatible) Feedfetcher-Google; (+http://www.google.com/feedfetcher.html)"
66.235.116.128 - - [20/Jul/2009:21:53:50 -0700] "GET /rss.pl HTTP/1.1" 200 35942 "-" "Bloglines/3.1 (http://www.bloglines.com; 8 subscribers)"
65.55.106.136 - - [20/Jul/2009:21:53:55 -0700] "GET /gallery/main.php?g2_view=core.UserAdmin&g2_subView=core.UserLogin&g2_return=%2Fgallery%2Fmain.php%3Fg2_itemId%3D26600&g2_returnName=photo HTTP/1.1" 200 4004 "-" "msnbot/2.0b (+http://search.msn.com/msnbot.htm)"
65.55.106.136 - - [20/Jul/2009:21:53:56 -0700] "GET /gallery/main.php?g2_controller=exif.SwitchDetailMode&g2_mode=detailed&g2_return=%2Fgallery%2Fmain.php%3Fg2_view%3Dkeyalbum.KeywordAlbum%26g2_keyword%3Drobert%2Bhui%26g2_itemId%3D26987&g2_returnName=keyword+album HTTP/1.1" 302 5 "-" "msnbot/2.0b (+http://search.msn.com/msnbot.htm)"
64.233.173.2 - - [20/Jul/2009:21:54:02 -0700] "GET /gwidgets/alexa.xml HTTP/1.1" 200 2969 "-" "FeedFetcher-Google; (+http://www.google.com/feedfetcher.html)"
64.233.173.2 - - [20/Jul/2009:21:54:04 -0700] "GET /gwidgets/alexa.xml HTTP/1.1" 200 2969 "-" "Mozilla/5.0 (compatible) Feedfetcher-Google; (+http://www.google.com/feedfetcher.html)"
65.55.109.242 - - [20/Jul/2009:21:54:19 -0700] "GET /gallery/main.php?g2_itemId=3370 HTTP/1.1" 200 8153 "http://www.bing.com/search?q=value" "Mozilla/4.0 (compatible;  MSIE 6.0;  Windows NT 5.1;  SLCC1;  .NET CLR 1.1.4325;  .NET CLR 2.0.50727;  .NET CLR 3.0.30729;  .NET CLR 3.5.30707;  MS-RTC LM 8)"
65.55.109.242 - - [20/Jul/2009:21:54:20 -0700] "GET /gallery/modules/core/data/gallery.css HTTP/1.1" 200 9535 "http://example.org/gallery/main.php?g2_itemId=3370" "Mozilla/4.0 (compatible;  MSIE 6.0;  Windows NT 5.1;  SLCC1;  .NET CLR 1.1.4325;  .NET CLR 2.0.50727;  .NET CLR 3.0.30729;  .NET CLR 3.5.30707;  MS-RTC LM 8)"
65.55.109.242 - - [20/Jul/2009:21:54:21 -0700] "GET /gallery/modules/icons/iconpacks/paularmstrongdesigns/icons.css HTTP/1.1" 200 8847 "http://example.org/gallery/main.php?g2_itemId=3370" "Mozilla/4.0 (compatible;  MSIE 6.0;  Windows NT 5.1;  SLCC1;  .NET CLR 1.1.4325;  .NET CLR 2.0.50727;  .NET CLR 3.0.30729;  .NET CLR 3.5.30707;  MS-RTC LM 8)"
65.55.109.242 - - [20/Jul/2009:21:54:21 -0700] "GET /gallery/modules/search/SearchBlock.js HTTP/1.1" 200 992 "http://example.org/gallery/main.php?g2_itemId=3370" "Mozilla/4.0 (compatible;  MSIE 6.0;  Windows NT 5.1;  SLCC1;  .NET CLR 1.1.4325;  .NET CLR 2.0.50727;  .NET CLR 3.0.30729;  .NET CLR 3.5.30707;  MS-RTC LM 8)"
65.55.109.242 - - [20/Jul/2009:21:54:21 -0700] "GET /gallery/modules/rating/rating.css HTTP/1.1" 200 1355 "http://example.org/gallery/main.php?g2_itemId=3370" "Mozilla/4.0 (compatible;  MSIE 6.0;  Windows NT 5.1;  SLCC1;  .NET CLR 1.1.4325;  .NET CLR 2.0.50727;  .NET CLR 3.0.30729;  .NET CLR 3.5.30707;  MS-RTC LM 8)"
65.55.109.242 - - [20/Jul/2009:21:54:23 -0700] "GET /gallery/lib/yui/yahoo-min.js HTTP/1.1" 200 1419 "http://example.org/gallery/main.php?g2_itemId=3370" "Mozilla/4.0 (compatible;  MSIE 6.0;  Windows NT 5.1;  SLCC1;  .NET CLR 1.1.4325;  .NET CLR 2.0.50727;  .NET CLR 3.0.30729;  .NET CLR 3.5.30707;  MS-RTC LM 8)"
72.30.142.87 - - [20/Jul/2009:21:54:23 -0700] "GET /musicmobs/albumcloud.pl HTTP/1.0" 302 286 "-" "Mozilla/5.0 (compatible; Yahoo! Slurp/3.0; http://help.yahoo.com/help/us/ysearch/slurp)"
65.55.109.242 - - [20/Jul/2009:21:54:24 -0700] "GET /gallery/lib/yui/connection-min.js HTTP/1.1" 200 7959 "http://example.org/gallery/main.php?g2_itemId=3370" "Mozilla/4.0 (compatible;  MSIE 6.0;  Windows NT 5.1;  SLCC1;  .NET CLR 1.1.4325;  .NET CLR 2.0.50727;  .NET CLR 3.0.30729;  .NET CLR 3.5.30707;  MS-RTC LM 8)"
65.55.109.242 - - [20/Jul/2009:21:54:26 -0700] "GET /gallery/modules/rating/rating.js HTTP/1.1" 200 3066 "http://example.org/gallery/main.php?g2_itemId=3370" "Mozilla/4.0 (compatible;  MSIE 6.0;  Windows NT 5.1;  SLCC1;  .NET CLR 1.1.4325;  .NET CLR 2.0.50727;  .NET CLR 3.0.30729;  .NET CLR 3.5.30707;  MS-RTC LM 8)"
65.55.109.242 - - [20/Jul/2009:21:54:27 -0700] "GET /gallery/themes/matrix/theme.css HTTP/1.1" 200 12605 "http://example.org/gallery/main.php?g2_itemId=3370" "Mozilla/4.0 (compatible;  MSIE 6.0;  Windows NT 5.1;  SLCC1;  .NET CLR 1.1.4325;  .NET CLR 2.0.50727;  .NET CLR 3.0.30729;  .NET CLR 3.5.30707;  MS-RTC LM 8)"
66.249.67.3 - - [20/Jul/2009:21:54:28 -0700] "GET /gallery/main.php?g2_view=search.SearchScan&g2_form%5BuseDefaultSettings%5D=1&g2_return=%2Fgallery%2Fmain.php%3Fg2_itemId%3D15669&g2_returnName=photo HTTP/1.1" 200 6360 "-" "Mozilla/5.0 (compatible; Googlebot/2.1; +http://www.google.com/bot.html)"
