65.55.208.191 - - [20/Jul/2009:20:51:48 -0700] "GET /gallery/main.php?g2_itemId=3705&g2_fromNavId=xad1a7641 HTTP/1.1" 200 8474 "-" "msnbot/1.1 (+http://search.msn.com/msnbot.htm)"
66.249.67.3 - - [20/Jul/2009:20:51:50 -0700] "GET /gallery/main.php?g2_itemId=7603&g2_imageViewsIndex=1&g2_fromNavId=x56b037f6 HTTP/1.1" 200 7574 "-" "Mozilla/5.0 (compatible; Googlebot/2.1; +http://www.google.com/bot.html)"
64.233.172.17 - - [20/Jul/2009:20:52:08 -0700] "GET /gwidgets/alexa.xml HTTP/1.1" 200 2969 "-" "Mozilla/5.0 (compatible) Feedfetcher-Google; (+http://www.google.com/feedfetcher.html)"
66.249.67.3 - - [20/Jul/2009:20:52:19 -0700] "GET /gallery/main.php?g2_controller=exif.SwitchDetailMode&g2_mode=detailed&g2_return=%2Fgallery%2Fmain.php%3Fg2_itemId%3D15690&g2_returnName=photo HTTP/1.1" 302 5 "-" "Mozilla/5.0 (compatible; Googlebot/2.1; +http://www.google.com/bot.html)"
66.249.67.3 - - [20/Jul/2009:20:52:23 -0700] "GET /gallery/main.php?g2_itemId=15690&g2_fromNavId=x94ba20fc HTTP/1.1" 200 8019 "-" "Mozilla/5.0 (compatible; Googlebot/2.1; +http://www.google.com/bot.html)"
65.55.208.186 - - [20/Jul/2009:20:52:25 -0700] "GET /gallery/main.php?g2_itemId=3346&g2_fromNavId=x0a3c33bd HTTP/1.1" 200 8268 "-" "msnbot/1.1 (+http://search.msn.com/msnbot.htm)"
64.233.172.17 - - [20/Jul/2009:20:53:19 -0700] "GET /gwidgets/alexa.xml HTTP/1.1" 200 2969 "-" "Mozilla/5.0 (compatible) Feedfetcher-Google; (+http://www.google.com/feedfetcher.html)"
64.233.173.2 - - [20/Jul/2009:20:53:20 -0700] "GET /gwidgets/alexa.xml HTTP/1.1" 200 2969 "-" "FeedFetcher-Google; (+http://www.google.com/feedfetcher.html)"
74.125.75.17 - - [20/Jul/2009:20:53:31 -0700] "GET /gadgets/adpowers/AlexaRank/g.xml HTTP/1.1" 200 3164 "-" "Mozilla/5.0 (compatible) Feedfetcher-Google; (+http://www.google.com/feedfetcher.html)"
64.233.173.2 - - [20/Jul/2009:20:53:32 -0700] "GET /gadgets/adpowers/AlexaRank/ALL_ALL.xml HTTP/1.1" 200 1160 "-" "Mozilla/5.0 (compatible) Feedfetcher-Google; (+http://www.google.com/feedfetcher.html)"
66.249.67.3 - - [20/Jul/2009:20:53:58 -0700] "GET /?post=233 HTTP/1.1" 200 5093 "-" "Mozilla/5.0 (compatible; Googlebot/2.1; +http://www.google.com/bot.html)"
66.249.67.3 - - [20/Jul/2009:20:54:32 -0700] "GET /gallery/main.php?g2_controller=exif.SwitchDetailMode&g2_mode=detailed&g2_return=%2Fgallery%2Fmain.php%3Fg2_itemId%3D15672&g2_returnName=photo HTTP/1.1" 302 5 "-" "Mozilla/5.0 (compatible; Googlebot/2.1; +http://www.google.com/bot.html)"
66.249.67.3 - - [20/Jul/2009:20:54:35 -0700] "GET /gallery/main.php?g2_itemId=15672&g2_fromNavId=x0a7cf816 HTTP/1.1" 200 8072 "-" "Mozilla/5.0 (compatible; Googlebot/2.1; +http://www.google.com/bot.html)"
66.249.67.3 - - [20/Jul/2009:20:55:25 -0700] "GET /gallery/main.php?g2_view=core.DownloadItem&g2_itemId=2974&g2_serialNumber=2 HTTP/1.1" 304 0 "-" "Googlebot-Image/1.0"
66.249.67.3 - - [20/Jul/2009:20:55:39 -0700] "GET /gallery/main.php?g2_view=comment.ShowAllComments&g2_itemId=18059&g2_return=%2Fgallery%2Fmain.php%3Fg2_itemId%3D18059&g2_returnName=photo HTTP/1.1" 200 4953 "-" "Mozilla/5.0 (compatible; Googlebot/2.1; +http://www.google.com/bot.html)"
119.63.193.55 - - [20/Jul/2009:20:55:47 -0700] "GET / HTTP/1.1" 200 12816 "-" "Baiduspider+(+http://www.baidu.jp/spider/)"
74.125.74.193 - - [20/Jul/2009:20:55:55 -0700] "GET /gadgets/adpowers/AlexaRank/g.xml HTTP/1.1" 200 3164 "-" "Mozilla/5.0 (compatible) Feedfetcher-Google; (+http://www.google.com/feedfetcher.html)"
74.125.74.193 - - [20/Jul/2009:20:55:56 -0700] "GET /gadgets/adpowers/AlexaRank/ALL_ALL.xml HTTP/1.1" 200 1160 "-" "Mozilla/5.0 (compatible) Feedfetcher-Google; (+http://www.google.com/feedfetcher.html)"
74.125.74.193 - - [20/Jul/2009:20:56:20 -0700] "GET /gwidgets/alexa.xml HTTP/1.1" 200 2969 "-" "Mozilla/5.0 (compatible) Feedfetcher-Google; (+http://www.google.com/feedfetcher.html)"
72.14.193.68 - - [20/Jul/2009:20:56:22 -0700] "GET /gwidgets/alexa.xml HTTP/1.1" 200 2969 "-" "FeedFetcher-Google; (+http://www.google.com/feedfetcher.html)"
72.30.142.87 - - [20/Jul/2009:20:56:28 -0700] "GET /gallery/main.php?g2_itemId=27011 HTTP/1.0" 200 8275 "-" "Mozilla/5.0 (compatible; Yahoo! Slurp/3.0; http://help.yahoo.com/help/us/ysearch/slurp)"
66.249.67.3 - - [20/Jul/2009:20:56:34 -0700] "GET /gallery/main.php?g2_controller=exif.SwitchDetailMode&g2_mode=detailed&g2_return=%2Fgallery%2Fmain.php%3Fg2_itemId%3D30983%26g2_imageViewsIndex%3D1&g2_returnName=photo HTTP/1.1" 302 5 "-" "Mozilla/5.0 (compatible; Googlebot/2.1; +http://www.google.com/bot.html)"
66.249.67.3 - - [20/Jul/2009:20:56:37 -0700] "GET /gallery/main.php?g2_itemId=30983&g2_imageViewsIndex=1&g2_fromNavId=x7b243f91 HTTP/1.1" 200 8296 "-" "Mozilla/5.0 (compatible; Googlebot/2.1; +http://www.google.com/bot.html)"
66.249.67.3 - - [20/Jul/2009:20:56:46 -0700] "GET /gallery/main.php?g2_view=search.SearchScan&g2_form%5BuseDefaultSettings%5D=1&g2_return=%2Fgallery%2Fmain.php%3Fg2_itemId%3D15720&g2_returnName=photo HTTP/1.1" 200 6360 "-" "Mozilla/5.0 (compatible; Googlebot/2.1; +http://www.google.com/bot.html)"
220.181.7.44 - - [20/Jul/2009:20:57:04 -0700] "GET /?tag=hadoop HTTP/1.1" 200 4005 "-" "Baiduspider+(+http://www.baidu.com/search/spider.htm)"
72.14.192.65 - - [20/Jul/2009:20:57:30 -0700] "GET /gwidgets/alexa.xml HTTP/1.1" 200 2969 "-" "Mozilla/5.0 (compatible) Feedfetcher-Google; (+http://www.google.com/feedfetcher.html)"
66.249.67.3 - - [20/Jul/2009:20:58:58 -0700] "GET /gallery/main.php?g2_controller=exif.SwitchDetailMode&g2_mode=detailed&g2_return=%2Fgallery%2Fmain.php%3Fg2_itemId%3D15681&g2_returnName=photo HTTP/1.1" 302 5 "-" "Mozilla/5.0 (compatible; Googlebot/2.1; +http://www.google.com/bot.html)"
66.249.67.3 - - [20/Jul/2009:20:59:01 -0700] "GET /gallery/main.php?g2_itemId=15681&g2_fromNavId=x1d30f47f HTTP/1.1" 200 8016 "-" "Mozilla/5.0 (compatible; Googlebot/2.1; +http://www.google.com/bot.html)"
64.233.172.17 - - [20/Jul/2009:20:59:22 -0700] "GET /gwidgets/alexa.xml HTTP/1.1" 200 2969 "-" "FeedFetcher-Google; (+http://www.google.com/feedfetcher.html)"
66.249.67.3 - - [20/Jul/2009:20:59:25 -0700] "GET /index.pl?page=snowymountain HTTP/1.1" 200 5060 "-" "Mozilla/5.0 (compatible; Googlebot/2.1; +http://www.google.com/bot.html)"
64.233.172.17 - - [20/Jul/2009:20:59:32 -0700] "GET /gwidgets/alexa.xml HTTP/1.1" 200 2969 "-" "Mozilla/5.0 (compatible) Feedfetcher-Google; (+http://www.google.com/feedfetcher.html)"
66.249.67.3 - - [20/Jul/2009:21:00:06 -0700] "GET /gallery/main.php?g2_view=core.UserAdmin&g2_subView=core.UserLogin&g2_return=%2Fgallery%2Fmain.php%3Fg2_itemId%3D32260&g2_returnName=photo HTTP/1.1" 200 4004 "-" "Mozilla/5.0 (compatible; Googlebot/2.1; +http://www.google.com/bot.html)"
65.55.208.189 - - [20/Jul/2009:21:00:07 -0700] "GET /gallery/main.php?g2_itemId=22503 HTTP/1.1" 200 7193 "-" "msnbot/1.1 (+http://search.msn.com/msnbot.htm)"
64.22.114.26 - - [20/Jul/2009:21:00:29 -0700] "GET /rss.pl HTTP/1.0" 200 35867 "-" "MagpieRSS/0.72 (+http://magpierss.sf.net)"
74.125.74.193 - - [20/Jul/2009:21:00:30 -0700] "GET /gadgets/adpowers/AlexaRank/ja_ALL.xml HTTP/1.1" 200 1264 "-" "Mozilla/5.0 (compatible) Feedfetcher-Google; (+http://www.google.com/feedfetcher.html)"
210.196.211.49 - - [20/Jul/2009:21:00:46 -0700] "GET /server-status HTTP/1.1" 200 4156 "http://search.yahoo.co.jp/search?p=74.125.75.17&ei=UTF-8&qrw=0&pstart=1&fr=top_ga1_sa&b=91" "Mozilla/4.0 (compatible; MSIE 7.0; Windows NT 6.0; Mozilla/4.0 (compatible; MSIE 6.0; Windows NT 5.1; SV1) ; SLCC1; .NET CLR 2.0.50727; Media Center PC 5.0; .NET CLR 3.5.21022; .NET CLR 3.5.30729; .NET CLR 3.0.30618)"
210.196.211.49 - - [20/Jul/2009:21:00:46 -0700] "GET /favicon.ico HTTP/1.1" 404 146 "-" "Mozilla/4.0 (compatible; MSIE 7.0; Windows NT 6.0; Mozilla/4.0 (compatible; MSIE 6.0; Windows NT 5.1; SV1) ; SLCC1; .NET CLR 2.0.50727; Media Center PC 5.0; .NET CLR 3.5.21022; .NET CLR 3.5.30729; .NET CLR 3.0.30618)"
66.249.67.3 - - [20/Jul/2009:21:01:12 -0700] "GET /gallery/main.php?g2_view=search.SearchScan&g2_form%5BuseDefaultSettings%5D=1&g2_return=%2Fgallery%2Fmain.php%3Fg2_itemId%3D15705&g2_returnName=photo HTTP/1.1" 200 6360 "-" "Mozilla/5.0 (compatible; Googlebot/2.1; +http://www.google.com/bot.html)"
66.249.67.3 - - [20/Jul/2009:21:01:22 -0700] "GET /gallery/main.php?g2_controller=exif.SwitchDetailMode&g2_mode=detailed&g2_return=%2Fgallery%2Fmain.php%3Fg2_itemId%3D10721&g2_returnName=photo HTTP/1.1" 302 5 "-" "Mozilla/5.0 (compatible; Googlebot/2.1; +http://www.google.com/bot.html)"
66.249.67.3 - - [20/Jul/2009:21:01:24 -0700] "GET /gallery/main.php?g2_itemId=10721&g2_fromNavId=xfc75bd96 HTTP/1.1" 200 8069 "-" "Mozilla/5.0 (compatible; Googlebot/2.1; +http://www.google.com/bot.html)"
74.125.74.193 - - [20/Jul/2009:21:01:28 -0700] "GET /gadgets/adpowers/AlexaRank/g.xml HTTP/1.1" 200 3164 "-" "Mozilla/5.0 (compatible) Feedfetcher-Google; (+http://www.google.com/feedfetcher.html)"
74.125.74.193 - - [20/Jul/2009:21:01:29 -0700] "GET /gadgets/adpowers/AlexaRank/ALL_ALL.xml HTTP/1.1" 200 1160 "-" "Mozilla/5.0 (compatible) Feedfetcher-Google; (+http://www.google.com/feedfetcher.html)"
72.14.193.68 - - [20/Jul/2009:21:01:32 -0700] "GET /gwidgets/alexa.xml HTTP/1.1" 200 2969 "-" "Mozilla/5.0 (compatible) Feedfetcher-Google; (+http://www.google.com/feedfetcher.html)"
220.181.7.42 - - [20/Jul/2009:21:01:35 -0700] "GET /?tag=amazon HTTP/1.1" 200 4603 "-" "Baiduspider+(+http://www.baidu.com/search/spider.htm)"
74.125.74.193 - - [20/Jul/2009:21:01:37 -0700] "GET /gwidgets/alexa.xml HTTP/1.1" 200 2969 "-" "Mozilla/5.0 (compatible) Feedfetcher-Google; (+http://www.google.com/feedfetcher.html)"
72.30.142.87 - - [20/Jul/2009:21:01:51 -0700] "GET /?post=195 HTTP/1.0" 200 5927 "-" "Mozilla/5.0 (compatible; Yahoo! Slurp/3.0; http://help.yahoo.com/help/us/ysearch/slurp)"
72.14.194.1 - - [20/Jul/2009:21:02:12 -0700] "GET /gwidgets/alexa.xml HTTP/1.1" 200 2969 "-" "FeedFetcher-Google; (+http://www.google.com/feedfetcher.html)"
72.14.194.1 - - [20/Jul/2009:21:02:15 -0700] "GET /gwidgets/alexa.xml HTTP/1.1" 200 2969 "-" "Mozilla/5.0 (compatible) Feedfetcher-Google; (+http://www.google.com/feedfetcher.html)"
66.249.67.87 - - [20/Jul/2009:21:02:19 -0700] "GET /gallery/main.php?g2_view=keyalbum.KeywordAlbum&g2_keyword=police+barricade&g2_highlightId=2853 HTTP/1.1" 302 5 "-" "Mozilla/5.0 (compatible; Googlebot/2.1; +http://www.google.com/bot.html)"
66.249.67.87 - - [20/Jul/2009:21:02:21 -0700] "GET /gallery/main.php?g2_view=keyalbum.KeywordAlbum&g2_keyword=police+barricade HTTP/1.1" 200 6805 "-" "Mozilla/5.0 (compatible; Googlebot/2.1; +http://www.google.com/bot.html)"
72.14.192.65 - - [20/Jul/2009:21:02:28 -0700] "GET /gadgets/adpowers/AlexaRank/g.xml HTTP/1.1" 200 3164 "-" "Mozilla/5.0 (compatible) Feedfetcher-Google; (+http://www.google.com/feedfetcher.html)"
72.14.192.65 - - [20/Jul/2009:21:02:29 -0700] "GET /gadgets/adpowers/AlexaRank/ALL_ALL.xml HTTP/1.1" 200 1160 "-" "Mozilla/5.0 (compatible) Feedfetcher-Google; (+http://www.google.com/feedfetcher.html)"
119.63.193.107 - - [20/Jul/2009:21:02:49 -0700] "GET / HTTP/1.1" 200 12816 "-" "Baiduspider+(+http://www.baidu.jp/spider/)"
72.14.192.65 - - [20/Jul/2009:21:02:52 -0700] "GET /gwidgets/alexa.xml HTTP/1.1" 200 2969 "-" "Mozilla/5.0 (compatible) Feedfetcher-Google; (+http://www.google.com/feedfetcher.html)"
74.125.16.65 - - [20/Jul/2009:21:03:07 -0700] "GET /gwidgets/alexa.xml HTTP/1.1" 200 2969 "-" "FeedFetcher-Google; (+http://www.google.com/feedfetcher.html)"
74.125.16.65 - - [20/Jul/2009:21:03:09 -0700] "GET /gwidgets/alexa.xml HTTP/1.1" 200 2969 "-" "Mozilla/5.0 (compatible) Feedfetcher-Google; (+http://www.google.com/feedfetcher.html)"
66.249.67.3 - - [20/Jul/2009:21:03:25 -0700] "GET /gallery/main.php?g2_controller=exif.SwitchDetailMode&g2_mode=detailed&g2_return=%2Fgallery%2Fmain.php%3Fg2_itemId%3D15555&g2_returnName=photo HTTP/1.1" 302 5 "-" "Mozilla/5.0 (compatible; Googlebot/2.1; +http://www.google.com/bot.html)"
66.249.67.3 - - [20/Jul/2009:21:03:28 -0700] "GET /gallery/main.php?g2_itemId=15555&g2_fromNavId=x15d9397e HTTP/1.1" 200 8001 "-" "Mozilla/5.0 (compatible; Googlebot/2.1; +http://www.google.com/bot.html)"
65.55.110.41 - - [20/Jul/2009:21:03:31 -0700] "GET /gallery/main.php?g2_itemId=22503 HTTP/1.1" 200 7213 "http://www.bing.com/search?q=philmont" "Mozilla/4.0 (compatible;  MSIE 6.0;  Windows NT 5.1;  SV1;  .NET CLR 1.1.4325;  .NET CLR 2.0.50727;  .NET CLR 3.0.04506.648)"
65.55.110.41 - - [20/Jul/2009:21:03:33 -0700] "GET /gallery/modules/rating/rating.css HTTP/1.1" 200 1355 "http://example.org/gallery/main.php?g2_itemId=22503" "Mozilla/4.0 (compatible;  MSIE 6.0;  Windows NT 5.1;  SV1;  .NET CLR 1.1.4325;  .NET CLR 2.0.50727;  .NET CLR 3.0.04506.648)"
65.55.110.41 - - [20/Jul/2009:21:03:33 -0700] "GET /gallery/modules/icons/iconpacks/paularmstrongdesigns/icons.css HTTP/1.1" 200 8847 "http://example.org/gallery/main.php?g2_itemId=22503" "Mozilla/4.0 (compatible;  MSIE 6.0;  Windows NT 5.1;  SV1;  .NET CLR 1.1.4325;  .NET CLR 2.0.50727;  .NET CLR 3.0.04506.648)"
65.55.110.41 - - [20/Jul/2009:21:03:34 -0700] "GET /gallery/modules/core/data/gallery.css HTTP/1.1" 200 9535 "http://example.org/gallery/main.php?g2_itemId=22503" "Mozilla/4.0 (compatible;  MSIE 6.0;  Windows NT 5.1;  SV1;  .NET CLR 1.1.4325;  .NET CLR 2.0.50727;  .NET CLR 3.0.04506.648)"
65.55.110.41 - - [20/Jul/2009:21:03:34 -0700] "GET /gallery/modules/search/SearchBlock.js HTTP/1.1" 200 992 "http://example.org/gallery/main.php?g2_itemId=22503" "Mozilla/4.0 (compatible;  MSIE 6.0;  Windows NT 5.1;  SV1;  .NET CLR 1.1.4325;  .NET CLR 2.0.50727;  .NET CLR 3.0.04506.648)"
65.55.110.41 - - [20/Jul/2009:21:03:37 -0700] "GET /gallery/lib/yui/yahoo-min.js HTTP/1.1" 200 1419 "http://example.org/gallery/main.php?g2_itemId=22503" "Mozilla/4.0 (compatible;  MSIE 6.0;  Windows NT 5.1;  SV1;  .NET CLR 1.1.4325;  .NET CLR 2.0.50727;  .NET CLR 3.0.04506.648)"
65.55.110.41 - - [20/Jul/2009:21:03:40 -0700] "GET /gallery/lib/yui/connection-min.js HTTP/1.1" 200 7959 "http://example.org/gallery/main.php?g2_itemId=22503" "Mozilla/4.0 (compatible;  MSIE 6.0;  Windows NT 5.1;  SV1;  .NET CLR 1.1.4325;  .NET CLR 2.0.50727;  .NET CLR 3.0.04506.648)"
65.55.110.41 - - [20/Jul/2009:21:03:43 -0700] "GET /gallery/modules/rating/rating.js HTTP/1.1" 200 3066 "http://example.org/gallery/main.php?g2_itemId=22503" "Mozilla/4.0 (compatible;  MSIE 6.0;  Windows NT 5.1;  SV1;  .NET CLR 1.1.4325;  .NET CLR 2.0.50727;  .NET CLR 3.0.04506.648)"
65.55.110.41 - - [20/Jul/2009:21:03:48 -0700] "GET /gallery/themes/matrix/theme.css HTTP/1.1" 200 12605 "http://example.org/gallery/main.php?g2_itemId=22503" "Mozilla/4.0 (compatible;  MSIE 6.0;  Windows NT 5.1;  SV1;  .NET CLR 1.1.4325;  .NET CLR 2.0.50727;  .NET CLR 3.0.04506.648)"
174.36.241.149 - - [20/Jul/2009:21:03:52 -0700] "GET / HTTP/1.1" 200 17935 "-" "Mozilla/5.0 (X11; U; Linux i686; en-US; rv:1.2.1; aggregator:Spinn3r (Spinn3r 3.1); http://spinn3r.com/robot) Gecko/20021130"
220.181.7.44 - - [20/Jul/2009:21:03:57 -0700] "GET /?post=320 HTTP/1.1" 200 8058 "-" "Baiduspider+(+http://www.baidu.com/search/spider.htm)"
64.233.172.17 - - [20/Jul/2009:21:04:00 -0700] "GET /gwidgets/alexa.xml HTTP/1.1" 200 2969 "-" "Mozilla/5.0 (compatible) Feedfetcher-Google; (+http://www.google.com/feedfetcher.html)"
65.55.110.41 - - [20/Jul/2009:21:04:11 -0700] "GET /gallery/main.php?g2_view=core.DownloadItem&g2_itemId=22505&g2_serialNumber=2 HTTP/1.1" 200 67550 "http://example.org/gallery/main.php?g2_itemId=22503" "Mozilla/4.0 (compatible;  MSIE 6.0;  Windows NT 5.1;  SV1;  .NET CLR 1.1.4325;  .NET CLR 2.0.50727;  .NET CLR 3.0.04506.648)"
66.249.67.3 - - [20/Jul/2009:21:04:53 -0700] "GET /gallery/main.php?g2_view=comment.ShowAllComments&g2_itemId=24659&g2_fromNavId=x82545c93 HTTP/1.1" 200 21431 "-" "Mozilla/5.0 (compatible; Googlebot/2.1; +http://www.google.com/bot.html)"
83.119.231.95 - - [20/Jul/2009:21:05:00 -0700] "GET /rss.pl HTTP/1.1" 200 35942 "-" "Mozilla/5.0 (X11; U; Linux i686; nl; rv:1.9.0.10) Gecko/2009050616 Gentoo Firefox/3.0.10"
122.160.162.2 - - [20/Jul/2009:21:05:04 -0700] "GET /rss.pl HTTP/1.0" 200 35867 "-" "Mozilla/4.0 (compatible; MSIE 7.0; Windows NT 6.0; Trident/4.0; SLCC1; .NET CLR 2.0.50727; .NET CLR 3.5.21022; InfoPath.2; .NET CLR 3.5.30729; .NET CLR 3.0.30618; OfficeLiveConnector.1.3; OfficeLivePatch.1.3; MSOffice 12)"
122.160.162.2 - - [20/Jul/2009:21:05:15 -0700] "GET /rss.pl HTTP/1.0" 200 35867 "-" "Mozilla/4.0 (compatible; MSIE 7.0; Windows NT 6.0; Trident/4.0; SLCC1; .NET CLR 2.0.50727; .NET CLR 3.5.21022; InfoPath.2; .NET CLR 3.5.30729; .NET CLR 3.0.30618; OfficeLiveConnector.1.3; OfficeLivePatch.1.3; MSOffice 12)"
66.249.67.3 - - [20/Jul/2009:21:05:38 -0700] "GET /gallery/main.php?g2_view=search.SearchScan&g2_form%5BuseDefaultSettings%5D=1&g2_return=%2Fgallery%2Fmain.php%3Fg2_itemId%3D17986&g2_returnName=photo HTTP/1.1" 200 6360 "-" "Mozilla/5.0 (compatible; Googlebot/2.1; +http://www.google.com/bot.html)"
66.249.67.3 - - [20/Jul/2009:21:06:10 -0700] "GET /gallery/main.php?g2_controller=exif.SwitchDetailMode&g2_mode=detailed&g2_return=%2Fgallery%2Fmain.php%3Fg2_itemId%3D12051&g2_returnName=photo HTTP/1.1" 302 5 "-" "Mozilla/5.0 (compatible; Googlebot/2.1; +http://www.google.com/bot.html)"
66.249.67.3 - - [20/Jul/2009:21:06:13 -0700] "GET /gallery/main.php?g2_itemId=12051&g2_fromNavId=xec650e9c HTTP/1.1" 200 8152 "-" "Mozilla/5.0 (compatible; Googlebot/2.1; +http://www.google.com/bot.html)"
220.181.7.13 - - [20/Jul/2009:21:06:18 -0700] "GET /?post=318 HTTP/1.1" 200 6956 "-" "Baiduspider+(+http://www.baidu.com/search/spider.htm)"
66.249.67.3 - - [20/Jul/2009:21:06:44 -0700] "GET /gallery/main.php?g2_controller=exif.SwitchDetailMode&g2_mode=detailed&g2_return=%2Fgallery%2Fmain.php%3Fg2_itemId%3D15726&g2_returnName=photo HTTP/1.1" 302 5 "-" "Mozilla/5.0 (compatible; Googlebot/2.1; +http://www.google.com/bot.html)"
66.249.67.3 - - [20/Jul/2009:21:06:48 -0700] "GET /gallery/main.php?g2_itemId=15726&g2_fromNavId=xc9a96779 HTTP/1.1" 200 8009 "-" "Mozilla/5.0 (compatible; Googlebot/2.1; +http://www.google.com/bot.html)"
64.233.173.2 - - [20/Jul/2009:21:07:01 -0700] "GET /gadgets/adpowers/AlexaRank/g.xml HTTP/1.1" 200 3164 "-" "Mozilla/5.0 (compatible) Feedfetcher-Google; (+http://www.google.com/feedfetcher.html)"
64.233.172.17 - - [20/Jul/2009:21:07:02 -0700] "GET /gadgets/adpowers/AlexaRank/ALL_ALL.xml HTTP/1.1" 200 1160 "-" "Mozilla/5.0 (compatible) Feedfetcher-Google; (+http://www.google.com/feedfetcher.html)"
122.160.162.2 - - [20/Jul/2009:21:07:20 -0700] "GET /rss.pl HTTP/1.0" 200 35867 "-" "Mozilla/4.0 (compatible; MSIE 7.0; Windows NT 6.0; Trident/4.0; SLCC1; .NET CLR 2.0.50727; .NET CLR 3.5.21022; InfoPath.2; .NET CLR 3.5.30729; .NET CLR 3.0.30618; OfficeLiveConnector.1.3; OfficeLivePatch.1.3; MSOffice 12)"
74.125.74.193 - - [20/Jul/2009:21:07:23 -0700] "GET /gwidgets/alexa.xml HTTP/1.1" 200 2969 "-" "Mozilla/5.0 (compatible) Feedfetcher-Google; (+http://www.google.com/feedfetcher.html)"
74.125.16.65 - - [20/Jul/2009:21:07:24 -0700] "GET /gadgets/adpowers/AlexaRank/ALL_ALL.xml HTTP/1.1" 200 1160 "-" "FeedFetcher-Google; (+http://www.google.com/feedfetcher.html)"
72.14.194.1 - - [20/Jul/2009:21:07:33 -0700] "GET /gadgets/adpowers/AlexaRank/g.xml HTTP/1.1" 200 3164 "-" "Mozilla/5.0 (compatible) Feedfetcher-Google; (+http://www.google.com/feedfetcher.html)"
72.14.194.1 - - [20/Jul/2009:21:07:33 -0700] "GET /gadgets/adpowers/AlexaRank/ALL_ALL.xml HTTP/1.1" 200 1160 "-" "Mozilla/5.0 (compatible) Feedfetcher-Google; (+http://www.google.com/feedfetcher.html)"
74.125.16.65 - - [20/Jul/2009:21:07:42 -0700] "GET /gadgets/adpowers/AlexaRank/de_ALL.xml HTTP/1.1" 200 1004 "-" "FeedFetcher-Google; (+http://www.google.com/feedfetcher.html)"
65.55.232.13 - - [20/Jul/2009:21:07:50 -0700] "GET /?tag=amazon HTTP/1.1" 200 4603 "-" "msnbot/1.1 (+http://search.msn.com/msnbot.htm)"
174.37.205.76 - - [20/Jul/2009:21:08:30 -0700] "GET /rss.pl HTTP/1.1" 200 35942 "-" "Mozilla/5.0 (X11; U; Linux i686; en-US; rv:1.2.1; aggregator:Spinn3r (Spinn3r 3.1); http://spinn3r.com/robot) Gecko/20021130"
220.181.7.36 - - [20/Jul/2009:21:08:41 -0700] "GET /rss.pl HTTP/1.1" 200 35942 "-" "Baiduspider+(+http://www.baidu.com/search/spider.htm)"
74.125.16.65 - - [20/Jul/2009:21:08:59 -0700] "GET /gwidgets/alexa.xml HTTP/1.1" 200 2969 "-" "Mozilla/5.0 (compatible) Feedfetcher-Google; (+http://www.google.com/feedfetcher.html)"
74.125.74.193 - - [20/Jul/2009:21:09:05 -0700] "GET /gadgets/adpowers/AlexaRank/ALL_ALL.xml HTTP/1.1" 200 1160 "-" "Mozilla/5.0 (compatible) Feedfetcher-Google; (+http://www.google.com/feedfetcher.html)"
74.125.74.193 - - [20/Jul/2009:21:09:06 -0700] "GET /gadgets/adpowers/AlexaRank/g.xml HTTP/1.1" 200 3164 "-" "Mozilla/5.0 (compatible) Feedfetcher-Google; (+http://www.google.com/feedfetcher.html)"
74.125.74.193 - - [20/Jul/2009:21:09:06 -0700] "GET /gadgets/adpowers/AlexaRank/ja_ALL.xml HTTP/1.1" 200 1264 "-" "Mozilla/5.0 (compatible) Feedfetcher-Google; (+http://www.google.com/feedfetcher.html)"
65.55.208.188 - - [20/Jul/2009:21:09:34 -0700] "GET /gallery/main.php?g2_itemId=33409 HTTP/1.1" 200 7855 "-" "msnbot/1.1 (+http://search.msn.com/msnbot.htm)"
122.160.162.2 - - [20/Jul/2009:21:09:36 -0700] "GET /rss.pl HTTP/1.0" 200 35867 "-" "Mozilla/4.0 (compatible; MSIE 7.0; Windows NT 6.0; Trident/4.0; SLCC1; .NET CLR 2.0.50727; .NET CLR 3.5.21022; InfoPath.2; .NET CLR 3.5.30729; .NET CLR 3.0.30618; OfficeLiveConnector.1.3; OfficeLivePatch.1.3; MSOffice 12)"
66.249.67.3 - - [20/Jul/2009:21:10:04 -0700] "GET /gallery/main.php?g2_controller=exif.SwitchDetailMode&g2_mode=detailed&g2_return=%2Fgallery%2Fmain.php%3Fg2_itemId%3D15558&g2_returnName=photo HTTP/1.1" 302 5 "-" "Mozilla/5.0 (compatible; Googlebot/2.1; +http://www.google.com/bot.html)"
66.249.67.3 - - [20/Jul/2009:21:10:06 -0700] "GET /gallery/main.php?g2_itemId=15558&g2_fromNavId=x14ad039d HTTP/1.1" 200 7999 "-" "Mozilla/5.0 (compatible; Googlebot/2.1; +http://www.google.com/bot.html)"
72.14.194.1 - - [20/Jul/2009:21:10:10 -0700] "GET /gwidgets/alexa.xml HTTP/1.1" 200 2969 "-" "Mozilla/5.0 (compatible) Feedfetcher-Google; (+http://www.google.com/feedfetcher.html)"
66.249.67.3 - - [20/Jul/2009:21:10:19 -0700] "GET /gallery/main.php?g2_itemId=29932 HTTP/1.1" 200 8018 "-" "Mozilla/5.0 (compatible; Googlebot/2.1; +http://www.google.com/bot.html)"
72.14.192.65 - - [20/Jul/2009:21:10:49 -0700] "GET /gadgets/adpowers/AlexaRank/g.xml HTTP/1.1" 200 3164 "-" "Mozilla/5.0 (compatible) Feedfetcher-Google; (+http://www.google.com/feedfetcher.html)"
72.14.192.65 - - [20/Jul/2009:21:10:50 -0700] "GET /gadgets/adpowers/AlexaRank/ALL_ALL.xml HTTP/1.1" 200 1160 "-" "Mozilla/5.0 (compatible) Feedfetcher-Google; (+http://www.google.com/feedfetcher.html)"
66.249.67.3 - - [20/Jul/2009:21:10:58 -0700] "GET /gallery/main.php?g2_controller=exif.SwitchDetailMode&g2_mode=detailed&g2_return=%2Fgallery%2Fmain.php%3Fg2_itemId%3D12051%26g2_imageViewsIndex%3D1&g2_returnName=photo HTTP/1.1" 302 5 "-" "Mozilla/5.0 (compatible; Googlebot/2.1; +http://www.google.com/bot.html)"
66.249.67.3 - - [20/Jul/2009:21:11:01 -0700] "GET /gallery/main.php?g2_itemId=12051&g2_imageViewsIndex=1&g2_fromNavId=xac8eb543 HTTP/1.1" 200 8254 "-" "Mozilla/5.0 (compatible; Googlebot/2.1; +http://www.google.com/bot.html)"
220.181.7.43 - - [20/Jul/2009:21:11:02 -0700] "GET /?post=319 HTTP/1.1" 200 5094 "-" "Baiduspider+(+http://www.baidu.com/search/spider.htm)"
66.249.67.87 - - [20/Jul/2009:21:11:08 -0700] "GET /gallery/main.php?g2_view=core.DownloadItem&g2_itemId=32802&g2_serialNumber=2 HTTP/1.1" 200 28934 "-" "Googlebot-Image/1.0"
66.249.67.3 - - [20/Jul/2009:21:11:11 -0700] "GET /gallery/main.php?g2_view=search.SearchScan&g2_form%5BuseDefaultSettings%5D=1&g2_return=%2Fgallery%2Fmain.php%3Fg2_itemId%3D17977&g2_returnName=photo HTTP/1.1" 200 6360 "-" "Mozilla/5.0 (compatible; Googlebot/2.1; +http://www.google.com/bot.html)"
122.160.162.2 - - [20/Jul/2009:21:11:41 -0700] "GET /rss.pl HTTP/1.0" 200 35867 "-" "Mozilla/4.0 (compatible; MSIE 7.0; Windows NT 6.0; Trident/4.0; SLCC1; .NET CLR 2.0.50727; .NET CLR 3.5.21022; InfoPath.2; .NET CLR 3.5.30729; .NET CLR 3.0.30618; OfficeLiveConnector.1.3; OfficeLivePatch.1.3; MSOffice 12)"
64.233.172.17 - - [20/Jul/2009:21:12:43 -0700] "GET /gwidgets/alexa.xml HTTP/1.1" 200 2969 "-" "Mozilla/5.0 (compatible) Feedfetcher-Google; (+http://www.google.com/feedfetcher.html)"
64.233.172.17 - - [20/Jul/2009:21:12:50 -0700] "GET /gwidgets/alexa.xml HTTP/1.1" 200 2969 "-" "Mozilla/5.0 (compatible) Feedfetcher-Google; (+http://www.google.com/feedfetcher.html)"
220.181.7.38 - - [20/Jul/2009:21:13:24 -0700] "GET /?post=311 HTTP/1.1" 200 9061 "-" "Baiduspider+(+http://www.baidu.com/search/spider.htm)"
122.160.162.2 - - [20/Jul/2009:21:13:45 -0700] "GET /rss.pl HTTP/1.0" 200 35867 "-" "Mozilla/4.0 (compatible; MSIE 7.0; Windows NT 6.0; Trident/4.0; SLCC1; .NET CLR 2.0.50727; .NET CLR 3.5.21022; InfoPath.2; .NET CLR 3.5.30729; .NET CLR 3.0.30618; OfficeLiveConnector.1.3; OfficeLivePatch.1.3; MSOffice 12)"
64.233.173.2 - - [20/Jul/2009:21:13:50 -0700] "GET /gadgets/adpowers/AlexaRank/ALL_ALL.xml HTTP/1.1" 200 1160 "-" "FeedFetcher-Google; (+http://www.google.com/feedfetcher.html)"
64.233.172.17 - - [20/Jul/2009:21:13:52 -0700] "GET /gadgets/adpowers/AlexaRank/g.xml HTTP/1.1" 200 3164 "-" "Mozilla/5.0 (compatible) Feedfetcher-Google; (+http://www.google.com/feedfetcher.html)"
64.233.172.17 - - [20/Jul/2009:21:13:52 -0700] "GET /gadgets/adpowers/AlexaRank/ALL_ALL.xml HTTP/1.1" 200 1160 "-" "Mozilla/5.0 (compatible) Feedfetcher-Google; (+http://www.google.com/feedfetcher.html)"
72.14.192.65 - - [20/Jul/2009:21:14:19 -0700] "GET /gadgets/adpowers/AlexaRank/g.xml HTTP/1.1" 200 3164 "-" "FeedFetcher-Google; (+http://www.google.com/feedfetcher.html)"
116.5.141.194 - - [20/Jul/2009:21:14:24 -0700] "GET /gnucache/index.php?get=1&net=gnutella&client=GNUC&version=1.1.1.6 HTTP/1.1" 404 146 "-" "Mozilla/4.0"
66.249.67.3 - - [20/Jul/2009:21:14:30 -0700] "GET /gallery/main.php?g2_controller=exif.SwitchDetailMode&g2_mode=detailed&g2_return=%2Fgallery%2Fmain.php%3Fg2_itemId%3D15687&g2_returnName=photo HTTP/1.1" 302 5 "-" "Mozilla/5.0 (compatible; Googlebot/2.1; +http://www.google.com/bot.html)"
66.249.67.3 - - [20/Jul/2009:21:14:33 -0700] "GET /gallery/main.php?g2_itemId=15687&g2_fromNavId=x0fda639e HTTP/1.1" 200 8078 "-" "Mozilla/5.0 (compatible; Googlebot/2.1; +http://www.google.com/bot.html)"
72.14.192.65 - - [20/Jul/2009:21:14:34 -0700] "GET /gwidgets/alexa.xml HTTP/1.1" 200 2969 "-" "Mozilla/5.0 (compatible) Feedfetcher-Google; (+http://www.google.com/feedfetcher.html)"
72.14.194.1 - - [20/Jul/2009:21:15:33 -0700] "GET /gwidgets/alexa.xml HTTP/1.1" 200 2969 "-" "Mozilla/5.0 (compatible) Feedfetcher-Google; (+http://www.google.com/feedfetcher.html)"
66.249.67.3 - - [20/Jul/2009:21:15:37 -0700] "GET /gallery/main.php?g2_view=core.UserAdmin&g2_subView=core.UserLogin&g2_return=%2Fgallery%2Fmain.php%3Fg2_itemId%3D15783&g2_returnName=photo HTTP/1.1" 200 4004 "-" "Mozilla/5.0 (compatible; Googlebot/2.1; +http://www.google.com/bot.html)"
74.125.74.193 - - [20/Jul/2009:21:15:41 -0700] "GET /gwidgets/alexa.xml HTTP/1.1" 200 2969 "-" "Mozilla/5.0 (compatible) Feedfetcher-Google; (+http://www.google.com/feedfetcher.html)"
220.181.7.13 - - [20/Jul/2009:21:15:45 -0700] "GET /?post=306 HTTP/1.1" 200 6615 "-" "Baiduspider+(+http://www.baidu.com/search/spider.htm)"
66.249.67.3 - - [20/Jul/2009:21:15:46 -0700] "GET /gallery/main.php?g2_controller=exif.SwitchDetailMode&g2_mode=detailed&g2_return=%2Fgallery%2Fmain.php%3Fg2_itemId%3D30881&g2_returnName=photo HTTP/1.1" 302 5 "-" "Mozilla/5.0 (compatible; Googlebot/2.1; +http://www.google.com/bot.html)"
66.249.67.3 - - [20/Jul/2009:21:15:48 -0700] "GET /gallery/main.php?g2_itemId=30881&g2_fromNavId=x7b2afe09 HTTP/1.1" 200 8188 "-" "Mozilla/5.0 (compatible; Googlebot/2.1; +http://www.google.com/bot.html)"
122.160.162.2 - - [20/Jul/2009:21:16:01 -0700] "GET /rss.pl HTTP/1.0" 200 35867 "-" "Mozilla/4.0 (compatible; MSIE 7.0; Windows NT 6.0; Trident/4.0; SLCC1; .NET CLR 2.0.50727; .NET CLR 3.5.21022; InfoPath.2; .NET CLR 3.5.30729; .NET CLR 3.0.30618; OfficeLiveConnector.1.3; OfficeLivePatch.1.3; MSOffice 12)"
66.249.67.3 - - [20/Jul/2009:21:16:43 -0700] "GET /gallery/main.php?g2_controller=exif.SwitchDetailMode&g2_mode=detailed&g2_return=%2Fgallery%2Fmain.php%3Fg2_itemId%3D15756&g2_returnName=photo HTTP/1.1" 302 5 "-" "Mozilla/5.0 (compatible; Googlebot/2.1; +http://www.google.com/bot.html)"
66.249.67.3 - - [20/Jul/2009:21:16:46 -0700] "GET /gallery/main.php?g2_itemId=15756&g2_fromNavId=x02a1f358 HTTP/1.1" 200 8069 "-" "Mozilla/5.0 (compatible; Googlebot/2.1; +http://www.google.com/bot.html)"
65.55.106.203 - - [20/Jul/2009:21:17:05 -0700] "GET /robots.txt HTTP/1.1" 200 590 "-" "msnbot/2.0b (+http://search.msn.com/msnbot.htm)"
67.183.157.181 - - [20/Jul/2009:21:17:34 -0700] "GET /rss.pl HTTP/1.1" 200 35942 "-" "Mozilla/5.0 (Windows; U; Windows NT 6.0; en-US; rv:1.8.1.22) Gecko/20090605 Thunderbird/2.0.0.22"
66.249.67.3 - - [20/Jul/2009:21:17:50 -0700] "GET /gallery/main.php?g2_controller=exif.SwitchDetailMode&g2_mode=detailed&g2_return=%2Fgallery%2Fmain.php%3Fg2_itemId%3D15666&g2_returnName=photo HTTP/1.1" 302 5 "-" "Mozilla/5.0 (compatible; Googlebot/2.1; +http://www.google.com/bot.html)"
66.249.67.3 - - [20/Jul/2009:21:17:53 -0700] "GET /gallery/main.php?g2_itemId=15666&g2_fromNavId=xe73768a3 HTTP/1.1" 200 8072 "-" "Mozilla/5.0 (compatible; Googlebot/2.1; +http://www.google.com/bot.html)"
122.160.162.2 - - [20/Jul/2009:21:18:06 -0700] "GET /rss.pl HTTP/1.0" 200 35867 "-" "Mozilla/4.0 (compatible; MSIE 7.0; Windows NT 6.0; Trident/4.0; SLCC1; .NET CLR 2.0.50727; .NET CLR 3.5.21022; InfoPath.2; .NET CLR 3.5.30729; .NET CLR 3.0.30618; OfficeLiveConnector.1.3; OfficeLivePatch.1.3; MSOffice 12)"
72.14.192.65 - - [20/Jul/2009:21:18:06 -0700] "GET /gadgets/adpowers/AlexaRank/g.xml HTTP/1.1" 200 3164 "-" "Mozilla/5.0 (compatible) Feedfetcher-Google; (+http://www.google.com/feedfetcher.html)"
72.14.192.65 - - [20/Jul/2009:21:18:07 -0700] "GET /gadgets/adpowers/AlexaRank/ALL_ALL.xml HTTP/1.1" 200 1160 "-" "Mozilla/5.0 (compatible) Feedfetcher-Google; (+http://www.google.com/feedfetcher.html)"
74.125.16.65 - - [20/Jul/2009:21:18:09 -0700] "GET /gadgets/adpowers/AlexaRank/g.xml HTTP/1.1" 200 3164 "-" "FeedFetcher-Google; (+http://www.google.com/feedfetcher.html)"
72.30.142.87 - - [20/Jul/2009:21:18:09 -0700] "GET /gallery/main.php?g2_itemId=3228&g2_highlightId=3268 HTTP/1.0" 302 0 "-" "Mozilla/5.0 (compatible; Yahoo! Slurp/3.0; http://help.yahoo.com/help/us/ysearch/slurp)"
74.125.16.65 - - [20/Jul/2009:21:18:13 -0700] "GET /gadgets/adpowers/AlexaRank/g.xml HTTP/1.1" 200 3164 "-" "Mozilla/5.0 (compatible) Feedfetcher-Google; (+http://www.google.com/feedfetcher.html)"
74.125.16.65 - - [20/Jul/2009:21:18:15 -0700] "GET /gadgets/adpowers/AlexaRank/ALL_ALL.xml HTTP/1.1" 200 1160 "-" "Mozilla/5.0 (compatible) Feedfetcher-Google; (+http://www.google.com/feedfetcher.html)"
72.30.142.87 - - [20/Jul/2009:21:18:16 -0700] "GET /gallery/main.php?g2_itemId=3228 HTTP/1.0" 200 20876 "-" "Mozilla/5.0 (compatible; Yahoo! Slurp/3.0; http://help.yahoo.com/help/us/ysearch/slurp)"
66.249.67.3 - - [20/Jul/2009:21:18:58 -0700] "GET /gallery/main.php?g2_view=comment.ShowAllComments&g2_itemId=22625&g2_return=%2Fgallery%2Fmain.php%3Fg2_itemId%3D22625&g2_returnName=photo HTTP/1.1" 200 5099 "-" "Mozilla/5.0 (compatible; Googlebot/2.1; +http://www.google.com/bot.html)"
66.249.67.3 - - [20/Jul/2009:21:20:04 -0700] "GET /gallery/main.php?g2_itemId=15371&g2_highlightId=15708 HTTP/1.1" 302 5 "-" "Mozilla/5.0 (compatible; Googlebot/2.1; +http://www.google.com/bot.html)"
122.160.162.2 - - [20/Jul/2009:21:20:13 -0700] "GET /rss.pl HTTP/1.0" 200 35867 "-" "Mozilla/4.0 (compatible; MSIE 7.0; Windows NT 6.0; Trident/4.0; SLCC1; .NET CLR 2.0.50727; .NET CLR 3.5.21022; InfoPath.2; .NET CLR 3.5.30729; .NET CLR 3.0.30618; OfficeLiveConnector.1.3; OfficeLivePatch.1.3; MSOffice 12)"
66.249.67.3 - - [20/Jul/2009:21:20:34 -0700] "GET /gallery/main.php?g2_controller=exif.SwitchDetailMode&g2_mode=detailed&g2_return=%2Fgallery%2Fmain.php%3Fg2_itemId%3D14133%26g2_imageViewsIndex%3D1&g2_returnName=photo HTTP/1.1" 302 5 "-" "Mozilla/5.0 (compatible; Googlebot/2.1; +http://www.google.com/bot.html)"
74.125.74.193 - - [20/Jul/2009:21:20:38 -0700] "GET /gadgets/adpowers/AlexaRank/ALL_ALL.xml HTTP/1.1" 200 1160 "-" "Mozilla/5.0 (compatible) Feedfetcher-Google; (+http://www.google.com/feedfetcher.html)"
66.249.67.3 - - [20/Jul/2009:21:20:38 -0700] "GET /gallery/main.php?g2_itemId=14133&g2_imageViewsIndex=1&g2_fromNavId=xc1bd2e43 HTTP/1.1" 200 8256 "-" "Mozilla/5.0 (compatible; Googlebot/2.1; +http://www.google.com/bot.html)"
74.125.74.193 - - [20/Jul/2009:21:20:39 -0700] "GET /gadgets/adpowers/AlexaRank/ja_ALL.xml HTTP/1.1" 200 1264 "-" "Mozilla/5.0 (compatible) Feedfetcher-Google; (+http://www.google.com/feedfetcher.html)"
74.125.74.193 - - [20/Jul/2009:21:20:39 -0700] "GET /gadgets/adpowers/AlexaRank/g.xml HTTP/1.1" 200 3164 "-" "Mozilla/5.0 (compatible) Feedfetcher-Google; (+http://www.google.com/feedfetcher.html)"
74.125.74.193 - - [20/Jul/2009:21:20:41 -0700] "GET /gwidgets/alexa.xml HTTP/1.1" 200 2969 "-" "Mozilla/5.0 (compatible) Feedfetcher-Google; (+http://www.google.com/feedfetcher.html)"
65.55.208.181 - - [20/Jul/2009:21:21:00 -0700] "GET /gallery/main.php?g2_view=search.SearchScan&g2_form%5BuseDefaultSettings%5D=1&g2_return=%2Fgallery%2Fmain.php%3Fg2_itemId%3D4140&g2_returnName=photo HTTP/1.1" 200 6360 "-" "msnbot/1.1 (+http://search.msn.com/msnbot.htm)"
122.160.162.2 - - [20/Jul/2009:21:22:15 -0700] "GET /rss.pl HTTP/1.0" 200 35867 "-" "Mozilla/4.0 (compatible; MSIE 7.0; Windows NT 6.0; Trident/4.0; SLCC1; .NET CLR 2.0.50727; .NET CLR 3.5.21022; InfoPath.2; .NET CLR 3.5.30729; .NET CLR 3.0.30618; OfficeLiveConnector.1.3; OfficeLivePatch.1.3; MSOffice 12)"
66.249.67.3 - - [20/Jul/2009:21:22:17 -0700] "GET /gallery/main.php?g2_view=search.SearchScan&g2_form%5BuseDefaultSettings%5D=1&g2_return=%2Fgallery%2Fmain.php%3Fg2_itemId%3D15558&g2_returnName=photo HTTP/1.1" 200 6360 "-" "Mozilla/5.0 (compatible; Googlebot/2.1; +http://www.google.com/bot.html)"
64.233.172.17 - - [20/Jul/2009:21:22:23 -0700] "GET /gwidgets/alexa.xml HTTP/1.1" 200 2969 "-" "Mozilla/5.0 (compatible) Feedfetcher-Google; (+http://www.google.com/feedfetcher.html)"
74.125.74.193 - - [20/Jul/2009:21:22:57 -0700] "GET /gadgets/adpowers/AlexaRank/ja_ALL.xml HTTP/1.1" 200 1264 "-" "FeedFetcher-Google; (+http://www.google.com/feedfetcher.html)"
58.61.164.141 - - [20/Jul/2009:21:23:00 -0700] "GET /robots.txt HTTP/1.1" 200 590 "http://example.org/robots.txt" "Sosospider+(+http://help.soso.com/webspider.htm)"
64.233.172.17 - - [20/Jul/2009:21:23:21 -0700] "GET /gwidgets/alexa.xml HTTP/1.1" 200 2969 "-" "Mozilla/5.0 (compatible) Feedfetcher-Google; (+http://www.google.com/feedfetcher.html)"
66.249.67.3 - - [20/Jul/2009:21:23:23 -0700] "GET /gallery/main.php?g2_itemId=15371&g2_highlightId=15558 HTTP/1.1" 302 5 "-" "Mozilla/5.0 (compatible; Googlebot/2.1; +http://www.google.com/bot.html)"
66.249.67.3 - - [20/Jul/2009:21:23:27 -0700] "GET /gallery/main.php?g2_itemId=15371&g2_page=3 HTTP/1.1" 200 20022 "-" "Mozilla/5.0 (compatible; Googlebot/2.1; +http://www.google.com/bot.html)"
66.249.67.3 - - [20/Jul/2009:21:23:34 -0700] "GET /gallery/main.php?g2_view=core.DownloadItem&g2_itemId=32829&g2_serialNumber=2 HTTP/1.1" 304 0 "-" "Googlebot-Image/1.0"
74.125.75.17 - - [20/Jul/2009:21:23:58 -0700] "GET /gwidgets/alexa.xml HTTP/1.1" 200 2969 "-" "Mozilla/5.0 (compatible) Feedfetcher-Google; (+http://www.google.com/feedfetcher.html)"
66.249.67.87 - - [20/Jul/2009:21:24:02 -0700] "GET /gallery/main.php?g2_view=comment.ShowAllComments&g2_itemId=32802&g2_return=%2Fgallery%2Fmain.php%3Fg2_itemId%3D32802&g2_returnName=photo HTTP/1.1" 200 4983 "-" "Mozilla/5.0 (compatible; Googlebot/2.1; +http://www.google.com/bot.html)"
66.249.67.87 - - [20/Jul/2009:21:24:04 -0700] "GET /gallery/main.php?g2_view=core.UserAdmin&g2_subView=core.UserLogin&g2_return=%2Fgallery%2Fmain.php%3Fg2_itemId%3D32802&g2_returnName=photo HTTP/1.1" 200 4004 "-" "Mozilla/5.0 (compatible; Googlebot/2.1; +http://www.google.com/bot.html)"
66.249.67.87 - - [20/Jul/2009:21:24:05 -0700] "GET /gallery/main.php?g2_controller=exif.SwitchDetailMode&g2_mode=detailed&g2_return=%2Fgallery%2Fmain.php%3Fg2_itemId%3D3367%26g2_imageViewsIndex%3D1&g2_returnName=photo HTTP/1.1" 302 5 "-" "Mozilla/5.0 (compatible; Googlebot/2.1; +http://www.google.com/bot.html)"
72.14.194.1 - - [20/Jul/2009:21:24:05 -0700] "GET /gwidgets/alexa.xml HTTP/1.1" 200 2969 "-" "Mozilla/5.0 (compatible) Feedfetcher-Google; (+http://www.google.com/feedfetcher.html)"
66.249.67.87 - - [20/Jul/2009:21:24:07 -0700] "GET /gallery/main.php?g2_controller=exif.SwitchDetailMode&g2_mode=detailed&g2_return=%2Fgallery%2Fmain.php%3Fg2_itemId%3D32802&g2_returnName=photo HTTP/1.1" 302 5 "-" "Mozilla/5.0 (compatible; Googlebot/2.1; +http://www.google.com/bot.html)"
66.249.67.87 - - [20/Jul/2009:21:24:09 -0700] "GET /gallery/main.php?g2_view=search.SearchScan&g2_form%5BuseDefaultSettings%5D=1&g2_return=%2Fgallery%2Fmain.php%3Fg2_itemId%3D32802&g2_returnName=photo HTTP/1.1" 200 6360 "-" "Mozilla/5.0 (compatible; Googlebot/2.1; +http://www.google.com/bot.html)"
66.249.67.87 - - [20/Jul/2009:21:24:11 -0700] "GET /gallery/main.php?g2_view=search.SearchScan&g2_form%5BuseDefaultSettings%5D=1&g2_return=%2Fgallery%2Fmain.php%3Fg2_itemId%3D3367%26g2_imageViewsIndex%3D1&g2_returnName=photo HTTP/1.1" 200 6360 "-" "Mozilla/5.0 (compatible; Googlebot/2.1; +http://www.google.com/bot.html)"
66.249.67.87 - - [20/Jul/2009:21:24:13 -0700] "GET /gallery/main.php?g2_view=core.UserAdmin&g2_subView=core.UserLogin&g2_return=%2Fgallery%2Fmain.php%3Fg2_itemId%3D3367%26g2_imageViewsIndex%3D1&g2_returnName=photo HTTP/1.1" 200 4076 "-" "Mozilla/5.0 (compatible; Googlebot/2.1; +http://www.google.com/bot.html)"
66.249.67.3 - - [20/Jul/2009:21:24:15 -0700] "GET /gallery/main.php?g2_view=comment.ShowAllComments&g2_itemId=18056&g2_fromNavId=x365ec48c HTTP/1.1" 200 5080 "-" "Mozilla/5.0 (compatible; Googlebot/2.1; +http://www.google.com/bot.html)"
66.249.67.87 - - [20/Jul/2009:21:24:17 -0700] "GET /gallery/main.php?g2_itemId=3367&g2_imageViewsIndex=1&g2_fromNavId=xc1f5c5c2 HTTP/1.1" 200 8195 "-" "Mozilla/5.0 (compatible; Googlebot/2.1; +http://www.google.com/bot.html)"
66.249.67.87 - - [20/Jul/2009:21:24:19 -0700] "GET /gallery/main.php?g2_itemId=32802&g2_fromNavId=x36d828d4 HTTP/1.1" 200 6947 "-" "Mozilla/5.0 (compatible; Googlebot/2.1; +http://www.google.com/bot.html)"
66.249.67.3 - - [20/Jul/2009:21:24:30 -0700] "GET /gallery/main.php?g2_controller=exif.SwitchDetailMode&g2_mode=detailed&g2_return=%2Fgallery%2Fmain.php%3Fg2_itemId%3D15765&g2_returnName=photo HTTP/1.1" 302 5 "-" "Mozilla/5.0 (compatible; Googlebot/2.1; +http://www.google.com/bot.html)"
122.160.162.2 - - [20/Jul/2009:21:24:31 -0700] "GET /rss.pl HTTP/1.0" 200 35867 "-" "Mozilla/4.0 (compatible; MSIE 7.0; Windows NT 6.0; Trident/4.0; SLCC1; .NET CLR 2.0.50727; .NET CLR 3.5.21022; InfoPath.2; .NET CLR 3.5.30729; .NET CLR 3.0.30618; OfficeLiveConnector.1.3; OfficeLivePatch.1.3; MSOffice 12)"
66.249.67.3 - - [20/Jul/2009:21:24:33 -0700] "GET /gallery/main.php?g2_itemId=15765&g2_fromNavId=x94aa35b4 HTTP/1.1" 200 8008 "-" "Mozilla/5.0 (compatible; Googlebot/2.1; +http://www.google.com/bot.html)"
72.14.192.65 - - [20/Jul/2009:21:24:34 -0700] "GET /gwidgets/alexa.xml HTTP/1.1" 200 2969 "-" "Mozilla/5.0 (compatible) Feedfetcher-Google; (+http://www.google.com/feedfetcher.html)"
74.125.16.65 - - [20/Jul/2009:21:24:37 -0700] "GET /gwidgets/alexa.xml HTTP/1.1" 200 2969 "-" "Mozilla/5.0 (compatible) Feedfetcher-Google; (+http://www.google.com/feedfetcher.html)"
66.249.67.3 - - [20/Jul/2009:21:25:22 -0700] "GET /gallery/main.php?g2_controller=exif.SwitchDetailMode&g2_mode=detailed&g2_return=%2Fgallery%2Fmain.php%3Fg2_itemId%3D14133&g2_returnName=photo HTTP/1.1" 302 5 "-" "Mozilla/5.0 (compatible; Googlebot/2.1; +http://www.google.com/bot.html)"
66.249.67.3 - - [20/Jul/2009:21:25:26 -0700] "GET /gallery/main.php?g2_itemId=14133&g2_fromNavId=x52e6b740 HTTP/1.1" 200 8154 "-" "Mozilla/5.0 (compatible; Googlebot/2.1; +http://www.google.com/bot.html)"
66.249.67.3 - - [20/Jul/2009:21:25:36 -0700] "GET /gallery/main.php?g2_controller=exif.SwitchDetailMode&g2_mode=detailed&g2_return=%2Fgallery%2Fmain.php%3Fg2_itemId%3D15678&g2_returnName=photo HTTP/1.1" 302 5 "-" "Mozilla/5.0 (compatible; Googlebot/2.1; +http://www.google.com/bot.html)"
66.249.67.3 - - [20/Jul/2009:21:25:40 -0700] "GET /gallery/main.php?g2_itemId=15678&g2_fromNavId=xacd8f866 HTTP/1.1" 200 8076 "-" "Mozilla/5.0 (compatible; Googlebot/2.1; +http://www.google.com/bot.html)"
64.81.161.15 - - [20/Jul/2009:21:26:24 -0700] "GET /rss.pl HTTP/1.1" 200 35942 "-" "NetNewsWire/3.1.7 (Mac OS X; http://www.newsgator.com/Individuals/NetNewsWire/)"
64.81.161.15 - - [20/Jul/2009:21:26:25 -0700] "GET /rss.pl HTTP/1.1" 200 35942 "-" "NetNewsWire/3.1.7 (Mac OS X; http://www.newsgator.com/Individuals/NetNewsWire/)"
122.160.162.2 - - [20/Jul/2009:21:26:39 -0700] "GET /rss.pl HTTP/1.0" 200 35867 "-" "Mozilla/4.0 (compatible; MSIE 7.0; Windows NT 6.0; Trident/4.0; SLCC1; .NET CLR 2.0.50727; .NET CLR 3.5.21022; InfoPath.2; .NET CLR 3.5.30729; .NET CLR 3.0.30618; OfficeLiveConnector.1.3; OfficeLivePatch.1.3; MSOffice 12)"
66.249.67.3 - - [20/Jul/2009:21:26:43 -0700] "GET /gallery/main.php?g2_view=core.UserAdmin&g2_subView=core.UserLogin&g2_return=%2Fgallery%2Fmain.php%3Fg2_itemId%3D19651&g2_returnName=photo HTTP/1.1" 200 4004 "-" "Mozilla/5.0 (compatible; Googlebot/2.1; +http://www.google.com/bot.html)"
64.233.172.17 - - [20/Jul/2009:21:26:45 -0700] "GET /gadgets/adpowers/AlexaRank/g.xml HTTP/1.1" 200 3164 "-" "Mozilla/5.0 (compatible) Feedfetcher-Google; (+http://www.google.com/feedfetcher.html)"
64.233.173.2 - - [20/Jul/2009:21:26:46 -0700] "GET /gadgets/adpowers/AlexaRank/ALL_ALL.xml HTTP/1.1" 200 1160 "-" "Mozilla/5.0 (compatible) Feedfetcher-Google; (+http://www.google.com/feedfetcher.html)"
66.249.67.3 - - [20/Jul/2009:21:27:50 -0700] "GET /gallery/main.php?g2_view=core.UserAdmin&g2_subView=core.UserLogin&g2_return=%2Fgallery%2Fmain.php%3Fg2_itemId%3D15687&g2_returnName=photo HTTP/1.1" 200 4004 "-" "Mozilla/5.0 (compatible; Googlebot/2.1; +http://www.google.com/bot.html)"
72.30.142.87 - - [20/Jul/2009:21:28:13 -0700] "GET /?post=256 HTTP/1.0" 200 5437 "-" "Mozilla/5.0 (compatible; Yahoo! Slurp/3.0; http://help.yahoo.com/help/us/ysearch/slurp)"
72.30.142.87 - - [20/Jul/2009:21:28:15 -0700] "GET /style.css HTTP/1.0" 304 - "http://example.org/?post=256" "Mozilla/5.0 (compatible; Yahoo! Slurp/3.0; http://help.yahoo.com/help/us/ysearch/slurp)"
122.160.162.2 - - [20/Jul/2009:21:28:49 -0700] "GET /rss.pl HTTP/1.0" 200 35867 "-" "Mozilla/4.0 (compatible; MSIE 7.0; Windows NT 6.0; Trident/4.0; SLCC1; .NET CLR 2.0.50727; .NET CLR 3.5.21022; InfoPath.2; .NET CLR 3.5.30729; .NET CLR 3.0.30618; OfficeLiveConnector.1.3; OfficeLivePatch.1.3; MSOffice 12)"
66.249.67.3 - - [20/Jul/2009:21:28:56 -0700] "GET /gallery/main.php?g2_view=core.UserAdmin&g2_subView=core.UserLogin&g2_return=%2Fgallery%2Fmain.php%3Fg2_itemId%3D15720&g2_returnName=photo HTTP/1.1" 200 4004 "-" "Mozilla/5.0 (compatible; Googlebot/2.1; +http://www.google.com/bot.html)"
193.189.143.163 - - [20/Jul/2009:21:29:37 -0700] "GET /rss.pl HTTP/1.0" 200 35867 "-" "Netvibes (http://www.netvibes.com/; 6 subscribers; feedId: 422917)"
64.233.172.17 - - [20/Jul/2009:21:29:37 -0700] "GET /gwidgets/alexa.xml HTTP/1.1" 200 2969 "-" "Mozilla/5.0 (compatible) Feedfetcher-Google; (+http://www.google.com/feedfetcher.html)"
65.55.106.146 - - [20/Jul/2009:21:29:38 -0700] "GET /gallery/main.php?g2_itemId=26693&g2_imageViewsIndex=1 HTTP/1.1" 200 8330 "-" "msnbot/2.0b (+http://search.msn.com/msnbot.htm)"
72.82.117.242 - - [20/Jul/2009:21:30:02 -0700] "GET /rss.pl HTTP/1.1" 200 35942 "-" "NetNewsWire/3.1 (Mac OS X; http://www.newsgator.com/Individuals/NetNewsWire/)"
66.249.67.3 - - [20/Jul/2009:21:30:03 -0700] "GET /gallery/main.php?g2_itemId=17878&g2_highlightId=18010 HTTP/1.1" 302 5 "-" "Mozilla/5.0 (compatible; Googlebot/2.1; +http://www.google.com/bot.html)"
66.249.67.3 - - [20/Jul/2009:21:30:10 -0700] "GET /gallery/main.php?g2_controller=exif.SwitchDetailMode&g2_mode=detailed&g2_return=%2Fgallery%2Fmain.php%3Fg2_itemId%3D12150%26g2_imageViewsIndex%3D1&g2_returnName=photo HTTP/1.1" 302 5 "-" "Mozilla/5.0 (compatible; Googlebot/2.1; +http://www.google.com/bot.html)"
66.249.67.3 - - [20/Jul/2009:21:30:14 -0700] "GET /gallery/main.php?g2_itemId=12150&g2_imageViewsIndex=1&g2_fromNavId=xc436d17a HTTP/1.1" 200 8252 "-" "Mozilla/5.0 (compatible; Googlebot/2.1; +http://www.google.com/bot.html)"
74.125.75.17 - - [20/Jul/2009:21:30:40 -0700] "GET /gadgets/adpowers/AlexaRank/ALL_ALL.xml HTTP/1.1" 200 1160 "-" "FeedFetcher-Google; (+http://www.google.com/feedfetcher.html)"
64.233.172.17 - - [20/Jul/2009:21:30:43 -0700] "GET /gwidgets/alexa.xml HTTP/1.1" 200 2969 "-" "Mozilla/5.0 (compatible) Feedfetcher-Google; (+http://www.google.com/feedfetcher.html)"
122.160.162.2 - - [20/Jul/2009:21:31:00 -0700] "GET /rss.pl HTTP/1.0" 200 35867 "-" "Mozilla/4.0 (compatible; MSIE 7.0; Windows NT 6.0; Trident/4.0; SLCC1; .NET CLR 2.0.50727; .NET CLR 3.5.21022; InfoPath.2; .NET CLR 3.5.30729; .NET CLR 3.0.30618; OfficeLiveConnector.1.3; OfficeLivePatch.1.3; MSOffice 12)"
72.14.192.65 - - [20/Jul/2009:21:31:02 -0700] "GET /gwidgets/alexa.xml HTTP/1.1" 200 2969 "-" "FeedFetcher-Google; (+http://www.google.com/feedfetcher.html)"
72.14.192.65 - - [20/Jul/2009:21:31:03 -0700] "GET /gwidgets/alexa.xml HTTP/1.1" 200 2969 "-" "Mozilla/5.0 (compatible) Feedfetcher-Google; (+http://www.google.com/feedfetcher.html)"
72.14.192.65 - - [20/Jul/2009:21:31:06 -0700] "GET /gadgets/adpowers/AlexaRank/g.xml HTTP/1.1" 200 3164 "-" "Mozilla/5.0 (compatible) Feedfetcher-Google; (+http://www.google.com/feedfetcher.html)"
72.14.192.65 - - [20/Jul/2009:21:31:06 -0700] "GET /gadgets/adpowers/AlexaRank/ALL_ALL.xml HTTP/1.1" 200 1160 "-" "Mozilla/5.0 (compatible) Feedfetcher-Google; (+http://www.google.com/feedfetcher.html)"
74.125.74.193 - - [20/Jul/2009:21:31:09 -0700] "GET /gwidgets/alexa.xml HTTP/1.1" 200 2969 "-" "FeedFetcher-Google; (+http://www.google.com/feedfetcher.html)"
74.125.74.193 - - [20/Jul/2009:21:31:10 -0700] "GET /gwidgets/alexa.xml HTTP/1.1" 200 2969 "-" "Mozilla/5.0 (compatible) Feedfetcher-Google; (+http://www.google.com/feedfetcher.html)"
64.233.172.17 - - [20/Jul/2009:21:31:27 -0700] "GET /gadgets/adpowers/AlexaRank/ALL_ALL.xml HTTP/1.1" 200 1160 "-" "FeedFetcher-Google; (+http://www.google.com/feedfetcher.html)"
66.249.67.3 - - [20/Jul/2009:21:32:04 -0700] "GET /gallery/main.php?g2_view=comment.ShowAllComments&g2_itemId=32456&g2_return=%2Fgallery%2Fmain.php%3Fg2_itemId%3D32456&g2_returnName=photo HTTP/1.1" 200 5059 "-" "Mozilla/5.0 (compatible; Googlebot/2.1; +http://www.google.com/bot.html)"
66.249.67.3 - - [20/Jul/2009:21:32:16 -0700] "GET /gallery/main.php?g2_view=core.UserAdmin&g2_subView=core.UserLogin&g2_return=%2Fgallery%2Fmain.php%3Fg2_itemId%3D17968&g2_returnName=photo HTTP/1.1" 200 4004 "-" "Mozilla/5.0 (compatible; Googlebot/2.1; +http://www.google.com/bot.html)"
72.30.142.87 - - [20/Jul/2009:21:32:20 -0700] "GET /gallery/main.php?g2_view=comment.ShowAllComments&g2_itemId=27017&g2_return=%2Fgallery%2Fmain.php%3Fg2_itemId%3D27017&g2_returnName=photo HTTP/1.0" 200 4957 "-" "Mozilla/5.0 (compatible; Yahoo! Slurp/3.0; http://help.yahoo.com/help/us/ysearch/slurp)"
72.30.142.87 - - [20/Jul/2009:21:32:21 -0700] "GET /gallery/modules/comment/comment.css HTTP/1.0" 304 - "http://example.org/gallery/main.php?g2_view=comment.ShowAllComments&g2_itemId=27017&g2_return=%2Fgallery%2Fmain.php%3Fg2_itemId%3D27017&g2_returnName=photo" "Mozilla/5.0 (compatible; Yahoo! Slurp/3.0; http://help.yahoo.com/help/us/ysearch/slurp)"
198.161.30.188 - - [20/Jul/2009:21:32:30 -0700] "GET /rss.pl HTTP/1.1" 200 35942 "-" "NetNewsWire/3.1.1 (Mac OS X; http://www.newsgator.com/Individuals/NetNewsWire/)"
64.233.172.17 - - [20/Jul/2009:21:32:42 -0700] "GET /gadgets/adpowers/AlexaRank/ALL_ALL.xml HTTP/1.1" 200 1160 "-" "Mozilla/5.0 (compatible) Feedfetcher-Google; (+http://www.google.com/feedfetcher.html)"
65.55.208.181 - - [20/Jul/2009:21:33:03 -0700] "GET /gallery/main.php?g2_itemId=26901 HTTP/1.1" 200 8301 "-" "msnbot/1.1 (+http://search.msn.com/msnbot.htm)"
122.160.162.2 - - [20/Jul/2009:21:33:05 -0700] "GET /rss.pl HTTP/1.0" 200 35867 "-" "Mozilla/4.0 (compatible; MSIE 7.0; Windows NT 6.0; Trident/4.0; SLCC1; .NET CLR 2.0.50727; .NET CLR 3.5.21022; InfoPath.2; .NET CLR 3.5.30729; .NET CLR 3.0.30618; OfficeLiveConnector.1.3; OfficeLivePatch.1.3; MSOffice 12)"
74.125.74.193 - - [20/Jul/2009:21:33:14 -0700] "GET /gadgets/adpowers/AlexaRank/g.xml HTTP/1.1" 200 3164 "-" "Mozilla/5.0 (compatible) Feedfetcher-Google; (+http://www.google.com/feedfetcher.html)"
74.125.74.193 - - [20/Jul/2009:21:33:15 -0700] "GET /gadgets/adpowers/AlexaRank/ALL_ALL.xml HTTP/1.1" 200 1160 "-" "Mozilla/5.0 (compatible) Feedfetcher-Google; (+http://www.google.com/feedfetcher.html)"
74.125.74.193 - - [20/Jul/2009:21:33:16 -0700] "GET /gadgets/adpowers/AlexaRank/ja_ALL.xml HTTP/1.1" 200 1264 "-" "Mozilla/5.0 (compatible) Feedfetcher-Google; (+http://www.google.com/feedfetcher.html)"
74.125.16.65 - - [20/Jul/2009:21:33:40 -0700] "GET /gwidgets/alexa.xml HTTP/1.1" 200 2969 "-" "Mozilla/5.0 (compatible) Feedfetcher-Google; (+http://www.google.com/feedfetcher.html)"
92.241.182.24 - - [20/Jul/2009:21:33:41 -0700] "GET /index.pl?page=switch HTTP/1.1" 200 4886 "-" "Mozilla/4.0 (compatible; MSIE 5.01; Windows NT 5.0)"
174.36.241.155 - - [20/Jul/2009:21:33:56 -0700] "GET / HTTP/1.1" 200 17935 "-" "Mozilla/5.0 (X11; U; Linux i686; en-US; rv:1.2.1; aggregator:Spinn3r (Spinn3r 3.1); http://spinn3r.com/robot) Gecko/20021130"
72.14.192.65 - - [20/Jul/2009:21:34:24 -0700] "GET /gadgets/adpowers/AlexaRank/ALL_ALL.xml HTTP/1.1" 200 1160 "-" "FeedFetcher-Google; (+http://www.google.com/feedfetcher.html)"
