66.249.67.3 - - [20/Jul/2009:20:12:22 -0700] "GET /gallery/main.php?g2_controller=exif.SwitchDetailMode&g2_mode=detailed&g2_return=%2Fgallery%2Fmain.php%3Fg2_itemId%3D15741&g2_returnName=photo HTTP/1.1" 302 5 "-" "Mozilla/5.0 (compatible; Googlebot/2.1; +http://www.google.com/bot.html)"
66.249.67.3 - - [20/Jul/2009:20:12:25 -0700] "GET /gallery/main.php?g2_itemId=15741&g2_fromNavId=x8fa12efc HTTP/1.1" 200 8068 "-" "Mozilla/5.0 (compatible; Googlebot/2.1; +http://www.google.com/bot.html)"
64.233.172.17 - - [20/Jul/2009:20:12:26 -0700] "GET /gwidgets/alexa.xml HTTP/1.1" 200 2969 "-" "Mozilla/5.0 (compatible) Feedfetcher-Google; (+http://www.google.com/feedfetcher.html)"
74.125.74.193 - - [20/Jul/2009:20:13:01 -0700] "GET /gwidgets/alexa.xml HTTP/1.1" 200 2969 "-" "Mozilla/5.0 (compatible) Feedfetcher-Google; (+http://www.google.com/feedfetcher.html)"
192.168.1.198 - - [20/Jul/2009:20:13:18 -0700] "GET / HTTP/1.1" 200 17935 "-" "Mozilla/5.0 (Macintosh; U; Intel Mac OS X 10_5_7; en-us) AppleWebKit/530.17 (KHTML, like Gecko) Version/4.0 Safari/530.17"
192.168.1.198 - - [20/Jul/2009:20:13:18 -0700] "GET /style.css HTTP/1.1" 200 1504 "http://example.org/" "Mozilla/5.0 (Macintosh; U; Intel Mac OS X 10_5_7; en-us) AppleWebKit/530.17 (KHTML, like Gecko) Version/4.0 Safari/530.17"
192.168.1.198 - - [20/Jul/2009:20:13:19 -0700] "GET /favicon.ico HTTP/1.1" 404 146 "http://example.org/" "Mozilla/5.0 (Macintosh; U; Intel Mac OS X 10_5_7; en-us) AppleWebKit/530.17 (KHTML, like Gecko) Version/4.0 Safari/530.17"
66.249.67.3 - - [20/Jul/2009:20:13:21 -0700] "GET /gallery/main.php?g2_controller=exif.SwitchDetailMode&g2_mode=detailed&g2_return=%2Fgallery%2Fmain.php%3Fg2_itemId%3D30893&g2_returnName=photo HTTP/1.1" 302 5 "-" "Mozilla/5.0 (compatible; Googlebot/2.1; +http://www.google.com/bot.html)"
66.249.67.3 - - [20/Jul/2009:20:13:24 -0700] "GET /gallery/main.php?g2_itemId=30893&g2_fromNavId=xfc647d65 HTTP/1.1" 200 8196 "-" "Mozilla/5.0 (compatible; Googlebot/2.1; +http://www.google.com/bot.html)"
66.249.67.3 - - [20/Jul/2009:20:13:29 -0700] "GET /gallery/main.php?g2_view=search.SearchScan&g2_form%5BuseDefaultSettings%5D=1&g2_return=%2Fgallery%2Fmain.php%3Fg2_itemId%3D15789&g2_returnName=photo HTTP/1.1" 200 6360 "-" "Mozilla/5.0 (compatible; Googlebot/2.1; +http://www.google.com/bot.html)"
192.168.1.198 - - [20/Jul/2009:20:13:34 -0700] "GET /?page=aboutme HTTP/1.1" 200 7255 "http://example.org/" "Mozilla/5.0 (Macintosh; U; Intel Mac OS X 10_5_7; en-us) AppleWebKit/530.17 (KHTML, like Gecko) Version/4.0 Safari/530.17"
192.168.1.198 - - [20/Jul/2009:20:13:34 -0700] "GET /images/pigtam.jpg HTTP/1.1" 200 13122 "http://example.org/?page=aboutme" "Mozilla/5.0 (Macintosh; U; Intel Mac OS X 10_5_7; en-us) AppleWebKit/530.17 (KHTML, like Gecko) Version/4.0 Safari/530.17"
65.55.106.230 - - [20/Jul/2009:20:13:41 -0700] "GET /gallery/main.php?g2_itemId=33214&g2_imageViewsIndex=3 HTTP/1.1" 200 8122 "-" "msnbot/2.0b (+http://search.msn.com/msnbot.htm)"
64.233.173.2 - - [20/Jul/2009:20:13:49 -0700] "GET /gadgets/adpowers/AlexaRank/g.xml HTTP/1.1" 200 3164 "-" "Mozilla/5.0 (compatible) Feedfetcher-Google; (+http://www.google.com/feedfetcher.html)"
64.233.173.2 - - [20/Jul/2009:20:13:49 -0700] "GET /gadgets/adpowers/AlexaRank/ALL_ALL.xml HTTP/1.1" 200 1160 "-" "Mozilla/5.0 (compatible) Feedfetcher-Google; (+http://www.google.com/feedfetcher.html)"
65.55.106.132 - - [20/Jul/2009:20:13:52 -0700] "GET /?post=277 HTTP/1.1" 200 4876 "-" "msnbot/2.0b (+http://search.msn.com/msnbot.htm)"
192.168.1.198 - - [20/Jul/2009:20:13:55 -0700] "GET /?page=humor HTTP/1.1" 200 5273 "http://example.org/?page=aboutme" "Mozilla/5.0 (Macintosh; U; Intel Mac OS X 10_5_7; en-us) AppleWebKit/530.17 (KHTML, like Gecko) Version/4.0 Safari/530.17"
192.168.1.198 - - [20/Jul/2009:20:13:55 -0700] "GET /images/beatsgraph.png HTTP/1.1" 200 8767 "http://example.org/?page=humor" "Mozilla/5.0 (Macintosh; U; Intel Mac OS X 10_5_7; en-us) AppleWebKit/530.17 (KHTML, like Gecko) Version/4.0 Safari/530.17"
72.14.192.65 - - [20/Jul/2009:20:14:04 -0700] "GET /gadgets/adpowers/AlexaRank/g.xml HTTP/1.1" 200 3164 "-" "FeedFetcher-Google; (+http://www.google.com/feedfetcher.html)"
65.55.106.160 - - [20/Jul/2009:20:14:15 -0700] "GET /gallery/main.php?g2_itemId=24659&g2_highlightId=24674 HTTP/1.1" 302 5 "-" "msnbot/2.0b (+http://search.msn.com/msnbot.htm)"
65.55.106.160 - - [20/Jul/2009:20:14:24 -0700] "GET /gallery/main.php?g2_itemId=24659 HTTP/1.1" 200 23229 "-" "msnbot/2.0b (+http://search.msn.com/msnbot.htm)"
66.249.67.3 - - [20/Jul/2009:20:14:36 -0700] "GET /gallery/main.php?g2_view=comment.ShowAllComments&g2_itemId=22575&g2_return=%2Fgallery%2Fmain.php%3Fg2_itemId%3D22575&g2_returnName=photo HTTP/1.1" 200 5099 "-" "Mozilla/5.0 (compatible; Googlebot/2.1; +http://www.google.com/bot.html)"
220.181.7.30 - - [20/Jul/2009:20:14:36 -0700] "GET /?page=humor HTTP/1.1" 200 5275 "-" "Baiduspider+(+http://www.baidu.com/search/spider.htm)"
72.30.142.87 - - [20/Jul/2009:20:14:54 -0700] "GET /?post=109 HTTP/1.0" 200 5391 "-" "Mozilla/5.0 (compatible; Yahoo! Slurp/3.0; http://help.yahoo.com/help/us/ysearch/slurp)"
66.249.67.3 - - [20/Jul/2009:20:15:42 -0700] "GET /gallery/main.php?g2_view=search.SearchScan&g2_form%5BuseDefaultSettings%5D=1&g2_return=%2Fgallery%2Fmain.php%3Fg2_itemId%3D15525&g2_returnName=photo HTTP/1.1" 200 6360 "-" "Mozilla/5.0 (compatible; Googlebot/2.1; +http://www.google.com/bot.html)"
74.125.74.193 - - [20/Jul/2009:20:15:44 -0700] "GET /gadgets/adpowers/AlexaRank/g.xml HTTP/1.1" 200 3164 "-" "Mozilla/5.0 (compatible) Feedfetcher-Google; (+http://www.google.com/feedfetcher.html)"
74.125.74.193 - - [20/Jul/2009:20:15:45 -0700] "GET /gadgets/adpowers/AlexaRank/ALL_ALL.xml HTTP/1.1" 200 1160 "-" "Mozilla/5.0 (compatible) Feedfetcher-Google; (+http://www.google.com/feedfetcher.html)"
74.125.74.193 - - [20/Jul/2009:20:15:46 -0700] "GET /gadgets/adpowers/AlexaRank/ja_ALL.xml HTTP/1.1" 200 1264 "-" "Mozilla/5.0 (compatible) Feedfetcher-Google; (+http://www.google.com/feedfetcher.html)"
66.249.67.3 - - [20/Jul/2009:20:15:54 -0700] "GET /?post=227 HTTP/1.1" 200 5082 "-" "Mozilla/5.0 (compatible; Googlebot/2.1; +http://www.google.com/bot.html)"
203.82.79.101 - - [20/Jul/2009:20:16:03 -0700] "GET /gnucache/index.php?get=1&net=gnutella&client=GNUC&version=1.1.1.6 HTTP/1.1" 404 146 "-" "Mozilla/4.0"
72.14.192.65 - - [20/Jul/2009:20:16:28 -0700] "GET /gwidgets/alexa.xml HTTP/1.1" 200 2969 "-" "Mozilla/5.0 (compatible) Feedfetcher-Google; (+http://www.google.com/feedfetcher.html)"
65.55.208.183 - - [20/Jul/2009:20:16:31 -0700] "GET /gallery/main.php?g2_view=keyalbum.KeywordAlbum&g2_keyword=robert+hui&g2_highlightId=26963 HTTP/1.1" 302 5 "-" "msnbot/1.1 (+http://search.msn.com/msnbot.htm)"
65.55.208.183 - - [20/Jul/2009:20:16:35 -0700] "GET /gallery/main.php?g2_itemId=24659&g2_highlightId=32933 HTTP/1.1" 302 5 "-" "msnbot/1.1 (+http://search.msn.com/msnbot.htm)"
66.249.67.87 - - [20/Jul/2009:20:16:44 -0700] "GET /gallery/main.php?g2_view=comment.ShowAllComments&g2_itemId=537&g2_return=%2Fgallery%2Fmain.php%3Fg2_itemId%3D537&g2_returnName=photo HTTP/1.1" 200 4864 "-" "Mozilla/5.0 (compatible; Googlebot/2.1; +http://www.google.com/bot.html)"
66.249.67.87 - - [20/Jul/2009:20:16:45 -0700] "GET /gallery/main.php?g2_view=search.SearchScan&g2_form%5BuseDefaultSettings%5D=1&g2_return=%2Fgallery%2Fmain.php%3Fg2_itemId%3D537&g2_returnName=photo HTTP/1.1" 200 6360 "-" "Mozilla/5.0 (compatible; Googlebot/2.1; +http://www.google.com/bot.html)"
66.249.67.87 - - [20/Jul/2009:20:16:46 -0700] "GET /gallery/main.php?g2_controller=exif.SwitchDetailMode&g2_mode=detailed&g2_return=%2Fgallery%2Fmain.php%3Fg2_itemId%3D537&g2_returnName=photo HTTP/1.1" 302 5 "-" "Mozilla/5.0 (compatible; Googlebot/2.1; +http://www.google.com/bot.html)"
66.249.67.87 - - [20/Jul/2009:20:16:50 -0700] "GET /gallery/main.php?g2_itemId=3367&g2_fromNavId=x250f7510 HTTP/1.1" 200 8093 "-" "Mozilla/5.0 (compatible; Googlebot/2.1; +http://www.google.com/bot.html)"
66.249.67.87 - - [20/Jul/2009:20:16:52 -0700] "GET /gallery/main.php?g2_view=core.UserAdmin&g2_subView=core.UserLogin&g2_return=%2Fgallery%2Fmain.php%3Fg2_itemId%3D537&g2_returnName=photo HTTP/1.1" 200 3998 "-" "Mozilla/5.0 (compatible; Googlebot/2.1; +http://www.google.com/bot.html)"
65.55.208.183 - - [20/Jul/2009:20:16:54 -0700] "GET /gallery/main.php?g2_view=keyalbum.KeywordAlbum&g2_keyword=robert+hui HTTP/1.1" 200 18558 "-" "msnbot/1.1 (+http://search.msn.com/msnbot.htm)"
66.249.67.87 - - [20/Jul/2009:20:16:54 -0700] "GET /gallery/main.php?g2_itemId=537&g2_fromNavId=xe894f58a HTTP/1.1" 200 7047 "-" "Mozilla/5.0 (compatible; Googlebot/2.1; +http://www.google.com/bot.html)"
66.249.67.3 - - [20/Jul/2009:20:16:56 -0700] "GET /gallery/main.php?g2_view=comment.ShowAllComments&g2_itemId=19648&g2_return=%2Fgallery%2Fmain.php%3Fg2_itemId%3D19648&g2_returnName=photo HTTP/1.1" 200 4965 "-" "Mozilla/5.0 (compatible; Googlebot/2.1; +http://www.google.com/bot.html)"
65.55.208.183 - - [20/Jul/2009:20:17:08 -0700] "GET /gallery/main.php?g2_itemId=24659 HTTP/1.1" 200 23229 "-" "msnbot/1.1 (+http://search.msn.com/msnbot.htm)"
72.14.192.65 - - [20/Jul/2009:20:17:13 -0700] "GET /gadgets/adpowers/AlexaRank/g.xml HTTP/1.1" 200 3164 "-" "Mozilla/5.0 (compatible) Feedfetcher-Google; (+http://www.google.com/feedfetcher.html)"
72.14.192.65 - - [20/Jul/2009:20:17:14 -0700] "GET /gadgets/adpowers/AlexaRank/ALL_ALL.xml HTTP/1.1" 200 1160 "-" "Mozilla/5.0 (compatible) Feedfetcher-Google; (+http://www.google.com/feedfetcher.html)"
67.183.157.181 - - [20/Jul/2009:20:17:38 -0700] "GET /rss.pl HTTP/1.1" 200 35942 "-" "Mozilla/5.0 (Windows; U; Windows NT 6.0; en-US; rv:1.8.1.22) Gecko/20090605 Thunderbird/2.0.0.22"
74.15.53.228 - - [20/Jul/2009:20:17:48 -0700] "GET /gallery/main.php?g2_itemId=http://217.218.225.2:2082/index.html? HTTP/1.1" 200 10561 "-" "Mozilla/4.0 (compatible; MSIE 6.0; Windows NT 5.1; .NET CLR 1.1.4322; .NET CLR 2.0.50727)"
72.30.142.87 - - [20/Jul/2009:20:17:53 -0700] "GET /gallery/main.php?g2_highlightId=685 HTTP/1.0" 302 0 "-" "Mozilla/5.0 (compatible; Yahoo! Slurp/3.0; http://help.yahoo.com/help/us/ysearch/slurp)"
66.249.67.87 - - [20/Jul/2009:20:17:55 -0700] "GET /gallery/main.php?g2_view=core.UserAdmin&g2_subView=core.UserLogin&g2_return=%2Fgallery%2Fmain.php%3Fg2_itemId%3D468%26g2_page%3D3&g2_returnName=album HTTP/1.1" 200 4040 "-" "Mozilla/5.0 (compatible; Googlebot/2.1; +http://www.google.com/bot.html)"
72.30.142.87 - - [20/Jul/2009:20:17:59 -0700] "GET /gallery/main.php HTTP/1.0" 200 10531 "-" "Mozilla/5.0 (compatible; Yahoo! Slurp/3.0; http://help.yahoo.com/help/us/ysearch/slurp)"
66.249.67.3 - - [20/Jul/2009:20:18:09 -0700] "GET /gallery/main.php?g2_controller=exif.SwitchDetailMode&g2_mode=detailed&g2_return=%2Fgallery%2Fmain.php%3Fg2_itemId%3D12804&g2_returnName=photo HTTP/1.1" 302 5 "-" "Mozilla/5.0 (compatible; Googlebot/2.1; +http://www.google.com/bot.html)"
66.249.67.3 - - [20/Jul/2009:20:18:13 -0700] "GET /gallery/main.php?g2_itemId=12804&g2_fromNavId=x755658c3 HTTP/1.1" 200 8196 "-" "Mozilla/5.0 (compatible; Googlebot/2.1; +http://www.google.com/bot.html)"
72.14.194.1 - - [20/Jul/2009:20:18:40 -0700] "GET /gadgets/adpowers/AlexaRank/g.xml HTTP/1.1" 200 3164 "-" "Mozilla/5.0 (compatible) Feedfetcher-Google; (+http://www.google.com/feedfetcher.html)"
72.14.194.1 - - [20/Jul/2009:20:18:40 -0700] "GET /gadgets/adpowers/AlexaRank/ALL_ALL.xml HTTP/1.1" 200 1160 "-" "Mozilla/5.0 (compatible) Feedfetcher-Google; (+http://www.google.com/feedfetcher.html)"
66.249.67.3 - - [20/Jul/2009:20:19:02 -0700] "GET /gallery/main.php?g2_itemId=17878&g2_highlightId=18013 HTTP/1.1" 302 5 "-" "Mozilla/5.0 (compatible; Googlebot/2.1; +http://www.google.com/bot.html)"
66.249.67.3 - - [20/Jul/2009:20:19:06 -0700] "GET /gallery/main.php?g2_itemId=17878&g2_page=2 HTTP/1.1" 200 20625 "-" "Mozilla/5.0 (compatible; Googlebot/2.1; +http://www.google.com/bot.html)"
66.249.67.87 - - [20/Jul/2009:20:19:18 -0700] "GET /gallery/main.php?g2_view=core.DownloadItem&g2_itemId=537&g2_serialNumber=2 HTTP/1.1" 200 49598 "-" "Googlebot-Image/1.0"
66.249.67.3 - - [20/Jul/2009:20:20:08 -0700] "GET /gallery/main.php?g2_itemId=17878&g2_highlightId=17974 HTTP/1.1" 302 5 "-" "Mozilla/5.0 (compatible; Googlebot/2.1; +http://www.google.com/bot.html)"
74.125.74.193 - - [20/Jul/2009:20:20:09 -0700] "GET /gadgets/adpowers/AlexaRank/ja_ALL.xml HTTP/1.1" 200 1264 "-" "FeedFetcher-Google; (+http://www.google.com/feedfetcher.html)"
66.249.67.3 - - [20/Jul/2009:20:21:15 -0700] "GET /gallery/main.php?g2_itemId=15371&g2_highlightId=15762 HTTP/1.1" 302 5 "-" "Mozilla/5.0 (compatible; Googlebot/2.1; +http://www.google.com/bot.html)"
72.14.194.1 - - [20/Jul/2009:20:21:18 -0700] "GET /gwidgets/alexa.xml HTTP/1.1" 200 2969 "-" "Mozilla/5.0 (compatible) Feedfetcher-Google; (+http://www.google.com/feedfetcher.html)"
66.249.67.3 - - [20/Jul/2009:20:21:21 -0700] "GET /gallery/main.php?g2_itemId=4330&g2_highlightId=5727 HTTP/1.1" 302 5 "-" "Mozilla/5.0 (compatible; Googlebot/2.1; +http://www.google.com/bot.html)"
66.249.67.3 - - [20/Jul/2009:20:22:22 -0700] "GET /gallery/main.php?g2_view=search.SearchScan&g2_form%5BuseDefaultSettings%5D=1&g2_return=%2Fgallery%2Fmain.php%3Fg2_view%3Dcomment.ShowAllComments%26g2_itemId%3D22616&g2_returnName=show+comments HTTP/1.1" 200 6360 "-" "Mozilla/5.0 (compatible; Googlebot/2.1; +http://www.google.com/bot.html)"
74.125.74.193 - - [20/Jul/2009:20:22:43 -0700] "GET /gadgets/adpowers/AlexaRank/g.xml HTTP/1.1" 200 3164 "-" "Mozilla/5.0 (compatible) Feedfetcher-Google; (+http://www.google.com/feedfetcher.html)"
74.125.74.193 - - [20/Jul/2009:20:22:44 -0700] "GET /gadgets/adpowers/AlexaRank/ALL_ALL.xml HTTP/1.1" 200 1160 "-" "Mozilla/5.0 (compatible) Feedfetcher-Google; (+http://www.google.com/feedfetcher.html)"
74.125.74.193 - - [20/Jul/2009:20:22:45 -0700] "GET /gadgets/adpowers/AlexaRank/ja_ALL.xml HTTP/1.1" 200 1264 "-" "Mozilla/5.0 (compatible) Feedfetcher-Google; (+http://www.google.com/feedfetcher.html)"
66.249.67.3 - - [20/Jul/2009:20:22:57 -0700] "GET /gallery/main.php?g2_controller=exif.SwitchDetailMode&g2_mode=detailed&g2_return=%2Fgallery%2Fmain.php%3Fg2_itemId%3D12150&g2_returnName=photo HTTP/1.1" 302 5 "-" "Mozilla/5.0 (compatible; Googlebot/2.1; +http://www.google.com/bot.html)"
66.249.67.3 - - [20/Jul/2009:20:23:01 -0700] "GET /gallery/main.php?g2_itemId=12150&g2_fromNavId=x0c80bbd9 HTTP/1.1" 200 8150 "-" "Mozilla/5.0 (compatible; Googlebot/2.1; +http://www.google.com/bot.html)"
72.14.192.65 - - [20/Jul/2009:20:23:05 -0700] "GET /gwidgets/alexa.xml HTTP/1.1" 200 2969 "-" "Mozilla/5.0 (compatible) Feedfetcher-Google; (+http://www.google.com/feedfetcher.html)"
74.125.75.17 - - [20/Jul/2009:20:23:17 -0700] "GET /gwidgets/alexa.xml HTTP/1.1" 200 2969 "-" "Mozilla/5.0 (compatible) Feedfetcher-Google; (+http://www.google.com/feedfetcher.html)"
64.233.173.2 - - [20/Jul/2009:20:23:22 -0700] "GET /gwidgets/alexa.xml HTTP/1.1" 200 2969 "-" "Mozilla/5.0 (compatible) Feedfetcher-Google; (+http://www.google.com/feedfetcher.html)"
66.249.67.3 - - [20/Jul/2009:20:23:28 -0700] "GET /gallery/main.php?g2_controller=exif.SwitchDetailMode&g2_mode=detailed&g2_return=%2Fgallery%2Fmain.php%3Fg2_itemId%3D15675&g2_returnName=photo HTTP/1.1" 302 5 "-" "Mozilla/5.0 (compatible; Googlebot/2.1; +http://www.google.com/bot.html)"
66.249.67.3 - - [20/Jul/2009:20:23:31 -0700] "GET /gallery/main.php?g2_itemId=15675&g2_fromNavId=xe0d7d3af HTTP/1.1" 200 8075 "-" "Mozilla/5.0 (compatible; Googlebot/2.1; +http://www.google.com/bot.html)"
64.233.173.2 - - [20/Jul/2009:20:23:35 -0700] "GET /gadgets/adpowers/AlexaRank/g.xml HTTP/1.1" 200 3164 "-" "Mozilla/5.0 (compatible) Feedfetcher-Google; (+http://www.google.com/feedfetcher.html)"
64.233.173.2 - - [20/Jul/2009:20:23:36 -0700] "GET /gadgets/adpowers/AlexaRank/ALL_ALL.xml HTTP/1.1" 200 1160 "-" "Mozilla/5.0 (compatible) Feedfetcher-Google; (+http://www.google.com/feedfetcher.html)"
74.125.74.193 - - [20/Jul/2009:20:23:59 -0700] "GET /gwidgets/alexa.xml HTTP/1.1" 200 2969 "-" "FeedFetcher-Google; (+http://www.google.com/feedfetcher.html)"
220.181.7.13 - - [20/Jul/2009:20:24:06 -0700] "GET /?post=313 HTTP/1.1" 200 5984 "-" "Baiduspider+(+http://www.baidu.com/search/spider.htm)"
74.125.16.65 - - [20/Jul/2009:20:24:33 -0700] "GET /gwidgets/alexa.xml HTTP/1.1" 200 2969 "-" "Mozilla/5.0 (compatible) Feedfetcher-Google; (+http://www.google.com/feedfetcher.html)"
193.252.118.176 - - [20/Jul/2009:20:24:33 -0700] "GET /companystats/ HTTP/1.1" 200 8676 "-" "Mozilla/5.0 (Windows; U; Windows NT 5.1; fr; rv:1.8.1) VoilaBot BETA 1.2 (support.voilabot@orange-ftgroup.com)"
66.249.67.3 - - [20/Jul/2009:20:24:35 -0700] "GET /gallery/main.php?g2_view=comment.ShowAllComments&g2_itemId=32272&g2_return=%2Fgallery%2Fmain.php%3Fg2_itemId%3D32272&g2_returnName=photo HTTP/1.1" 200 5059 "-" "Mozilla/5.0 (compatible; Googlebot/2.1; +http://www.google.com/bot.html)"
84.109.41.133 - - [20/Jul/2009:20:25:10 -0700] "GET /?news=all HTTP/1.0" 200 257524 "-" "Mozilla/4.0 (compatible; MSIE 6.0; Windows NT 5.1)"
209.85.238.36 - - [20/Jul/2009:20:25:30 -0700] "GET /rss.pl HTTP/1.1" 200 35942 "-" "Feedfetcher-Google; (+http://www.google.com/feedfetcher.html; 1 subscribers; feed-id=1729723878840499015)"
74.125.74.193 - - [20/Jul/2009:20:25:37 -0700] "GET /gwidgets/alexa.xml HTTP/1.1" 200 2969 "-" "Mozilla/5.0 (compatible) Feedfetcher-Google; (+http://www.google.com/feedfetcher.html)"
66.249.67.87 - - [20/Jul/2009:20:25:42 -0700] "GET /gallery/main.php?g2_itemId=32804 HTTP/1.1" 200 6933 "-" "Mozilla/5.0 (compatible; Googlebot/2.1; +http://www.google.com/bot.html)"
220.181.7.26 - - [20/Jul/2009:20:26:27 -0700] "GET /?post=298 HTTP/1.1" 200 5848 "-" "Baiduspider+(+http://www.baidu.com/search/spider.htm)"
64.81.161.15 - - [20/Jul/2009:20:26:27 -0700] "GET /rss.pl HTTP/1.1" 200 35942 "-" "NetNewsWire/3.1.7 (Mac OS X; http://www.newsgator.com/Individuals/NetNewsWire/)"
64.81.161.15 - - [20/Jul/2009:20:26:29 -0700] "GET /rss.pl HTTP/1.1" 200 35942 "-" "NetNewsWire/3.1.7 (Mac OS X; http://www.newsgator.com/Individuals/NetNewsWire/)"
66.249.67.3 - - [20/Jul/2009:20:26:48 -0700] "GET /gallery/main.php?g2_itemId=27023 HTTP/1.1" 200 8277 "-" "Mozilla/5.0 (compatible; Googlebot/2.1; +http://www.google.com/bot.html)"
66.249.67.3 - - [20/Jul/2009:20:26:50 -0700] "GET /gallery/main.php?g2_itemId=15371&g2_highlightId=15786 HTTP/1.1" 302 5 "-" "Mozilla/5.0 (compatible; Googlebot/2.1; +http://www.google.com/bot.html)"
74.125.16.65 - - [20/Jul/2009:20:27:24 -0700] "GET /gadgets/adpowers/AlexaRank/g.xml HTTP/1.1" 200 3164 "-" "Mozilla/5.0 (compatible) Feedfetcher-Google; (+http://www.google.com/feedfetcher.html)"
74.125.16.65 - - [20/Jul/2009:20:27:25 -0700] "GET /gadgets/adpowers/AlexaRank/ALL_ALL.xml HTTP/1.1" 200 1160 "-" "Mozilla/5.0 (compatible) Feedfetcher-Google; (+http://www.google.com/feedfetcher.html)"
66.249.67.3 - - [20/Jul/2009:20:27:45 -0700] "GET /gallery/main.php?g2_controller=exif.SwitchDetailMode&g2_mode=detailed&g2_return=%2Fgallery%2Fmain.php%3Fg2_itemId%3D30881%26g2_imageViewsIndex%3D1&g2_returnName=photo HTTP/1.1" 302 5 "-" "Mozilla/5.0 (compatible; Googlebot/2.1; +http://www.google.com/bot.html)"
66.249.67.3 - - [20/Jul/2009:20:27:49 -0700] "GET /gallery/main.php?g2_itemId=30881&g2_imageViewsIndex=1&g2_fromNavId=x9d97bdb4 HTTP/1.1" 200 8290 "-" "Mozilla/5.0 (compatible; Googlebot/2.1; +http://www.google.com/bot.html)"
66.249.67.87 - - [20/Jul/2009:20:27:55 -0700] "GET /gallery/main.php?g2_itemId=32619 HTTP/1.1" 200 7378 "-" "Mozilla/5.0 (compatible; Googlebot/2.1; +http://www.google.com/bot.html)"
66.249.67.3 - - [20/Jul/2009:20:28:14 -0700] "GET /gallery/main.php?g2_view=core.DownloadItem&g2_itemId=10534&g2_serialNumber=2 HTTP/1.1" 304 0 "-" "Googlebot-Image/1.0"
220.181.7.14 - - [20/Jul/2009:20:28:49 -0700] "GET /?page=panoramas HTTP/1.1" 200 5829 "-" "Baiduspider+(+http://www.baidu.com/search/spider.htm)"
64.233.172.17 - - [20/Jul/2009:20:29:23 -0700] "GET /gwidgets/alexa.xml HTTP/1.1" 200 2969 "-" "Mozilla/5.0 (compatible) Feedfetcher-Google; (+http://www.google.com/feedfetcher.html)"
65.55.106.142 - - [20/Jul/2009:20:29:42 -0700] "GET /rss.pl HTTP/1.1" 200 35942 "-" "msnbot/2.0b (+http://search.msn.com/msnbot.htm)"
72.14.192.65 - - [20/Jul/2009:20:29:52 -0700] "GET /gwidgets/alexa.xml HTTP/1.1" 200 2969 "-" "Mozilla/5.0 (compatible) Feedfetcher-Google; (+http://www.google.com/feedfetcher.html)"
64.233.172.17 - - [20/Jul/2009:20:30:09 -0700] "GET /gadgets/adpowers/AlexaRank/g.xml HTTP/1.1" 200 3164 "-" "Mozilla/5.0 (compatible) Feedfetcher-Google; (+http://www.google.com/feedfetcher.html)"
64.233.172.17 - - [20/Jul/2009:20:30:09 -0700] "GET /gadgets/adpowers/AlexaRank/ALL_ALL.xml HTTP/1.1" 200 1160 "-" "Mozilla/5.0 (compatible) Feedfetcher-Google; (+http://www.google.com/feedfetcher.html)"
72.14.192.65 - - [20/Jul/2009:20:30:10 -0700] "GET /gadgets/adpowers/AlexaRank/g.xml HTTP/1.1" 200 3164 "-" "Mozilla/5.0 (compatible) Feedfetcher-Google; (+http://www.google.com/feedfetcher.html)"
72.14.192.65 - - [20/Jul/2009:20:30:11 -0700] "GET /gadgets/adpowers/AlexaRank/ALL_ALL.xml HTTP/1.1" 200 1160 "-" "Mozilla/5.0 (compatible) Feedfetcher-Google; (+http://www.google.com/feedfetcher.html)"
72.14.192.65 - - [20/Jul/2009:20:30:19 -0700] "GET /gwidgets/alexa.xml HTTP/1.1" 200 2969 "-" "FeedFetcher-Google; (+http://www.google.com/feedfetcher.html)"
72.14.194.1 - - [20/Jul/2009:20:30:51 -0700] "GET /gwidgets/alexa.xml HTTP/1.1" 200 2969 "-" "Mozilla/5.0 (compatible) Feedfetcher-Google; (+http://www.google.com/feedfetcher.html)"
74.125.74.193 - - [20/Jul/2009:20:30:55 -0700] "GET /gwidgets/alexa.xml HTTP/1.1" 200 2969 "-" "Mozilla/5.0 (compatible) Feedfetcher-Google; (+http://www.google.com/feedfetcher.html)"
220.181.7.39 - - [20/Jul/2009:20:31:12 -0700] "GET /?page=aboutme HTTP/1.1" 200 7255 "-" "Baiduspider+(+http://www.baidu.com/search/spider.htm)"
66.249.67.3 - - [20/Jul/2009:20:31:14 -0700] "GET /gallery/main.php?g2_itemId=17878&g2_highlightId=18059 HTTP/1.1" 302 5 "-" "Mozilla/5.0 (compatible; Googlebot/2.1; +http://www.google.com/bot.html)"
65.55.106.173 - - [20/Jul/2009:20:31:18 -0700] "GET /gallery/main.php?g2_view=comment.ShowAllComments&g2_itemId=33415&g2_return=%2Fgallery%2Fmain.php%3Fg2_itemId%3D33415&g2_returnName=photo HTTP/1.1" 200 4653 "-" "msnbot/2.0b (+http://search.msn.com/msnbot.htm)"
64.233.172.17 - - [20/Jul/2009:20:31:25 -0700] "GET /gadgets/adpowers/AlexaRank/ALL_ALL.xml HTTP/1.1" 200 1160 "-" "FeedFetcher-Google; (+http://www.google.com/feedfetcher.html)"
64.233.173.2 - - [20/Jul/2009:20:31:26 -0700] "GET /gadgets/adpowers/AlexaRank/g.xml HTTP/1.1" 200 3164 "-" "Mozilla/5.0 (compatible) Feedfetcher-Google; (+http://www.google.com/feedfetcher.html)"
64.233.172.17 - - [20/Jul/2009:20:31:27 -0700] "GET /gadgets/adpowers/AlexaRank/ALL_ALL.xml HTTP/1.1" 200 1160 "-" "Mozilla/5.0 (compatible) Feedfetcher-Google; (+http://www.google.com/feedfetcher.html)"
64.233.172.17 - - [20/Jul/2009:20:31:56 -0700] "GET /gadgets/adpowers/AlexaRank/g.xml HTTP/1.1" 200 3164 "-" "FeedFetcher-Google; (+http://www.google.com/feedfetcher.html)"
66.249.67.3 - - [20/Jul/2009:20:32:13 -0700] "GET /?post=205 HTTP/1.1" 200 5927 "-" "Mozilla/5.0 (compatible; Googlebot/2.1; +http://www.google.com/bot.html)"
66.249.67.3 - - [20/Jul/2009:20:32:20 -0700] "GET /gallery/main.php?g2_controller=exif.SwitchDetailMode&g2_mode=detailed&g2_return=%2Fgallery%2Fmain.php%3Fg2_itemId%3D32272&g2_returnName=photo HTTP/1.1" 302 5 "-" "Mozilla/5.0 (compatible; Googlebot/2.1; +http://www.google.com/bot.html)"
66.249.67.3 - - [20/Jul/2009:20:32:22 -0700] "GET /gallery/main.php?g2_itemId=32272&g2_fromNavId=xda3df940 HTTP/1.1" 200 8387 "-" "Mozilla/5.0 (compatible; Googlebot/2.1; +http://www.google.com/bot.html)"
72.14.192.65 - - [20/Jul/2009:20:32:25 -0700] "GET /gadgets/adpowers/AlexaRank/ALL_ALL.xml HTTP/1.1" 200 1160 "-" "FeedFetcher-Google; (+http://www.google.com/feedfetcher.html)"
64.233.173.2 - - [20/Jul/2009:20:32:30 -0700] "GET /gadgets/adpowers/AlexaRank/g.xml HTTP/1.1" 200 3164 "-" "Mozilla/5.0 (compatible) Feedfetcher-Google; (+http://www.google.com/feedfetcher.html)"
65.55.106.193 - - [20/Jul/2009:20:32:30 -0700] "GET /gallery/main.php?g2_itemId=14939 HTTP/1.1" 200 8057 "-" "msnbot/2.0b (+http://search.msn.com/msnbot.htm)"
74.125.75.17 - - [20/Jul/2009:20:32:31 -0700] "GET /gadgets/adpowers/AlexaRank/ALL_ALL.xml HTTP/1.1" 200 1160 "-" "Mozilla/5.0 (compatible) Feedfetcher-Google; (+http://www.google.com/feedfetcher.html)"
66.249.67.3 - - [20/Jul/2009:20:32:33 -0700] "GET /gallery/main.php?g2_controller=exif.SwitchDetailMode&g2_mode=detailed&g2_return=%2Fgallery%2Fmain.php%3Fg2_itemId%3D10616&g2_returnName=photo HTTP/1.1" 302 5 "-" "Mozilla/5.0 (compatible; Googlebot/2.1; +http://www.google.com/bot.html)"
66.249.67.3 - - [20/Jul/2009:20:32:36 -0700] "GET /gallery/main.php?g2_itemId=10616&g2_fromNavId=xa8112752 HTTP/1.1" 200 8070 "-" "Mozilla/5.0 (compatible; Googlebot/2.1; +http://www.google.com/bot.html)"
65.55.106.181 - - [20/Jul/2009:20:32:59 -0700] "GET /gallery/main.php?g2_itemId=27865 HTTP/1.1" 200 7414 "-" "msnbot/2.0b (+http://search.msn.com/msnbot.htm)"
66.249.67.3 - - [20/Jul/2009:20:33:27 -0700] "GET /gallery/main.php?g2_itemId=15371&g2_highlightId=15672 HTTP/1.1" 302 5 "-" "Mozilla/5.0 (compatible; Googlebot/2.1; +http://www.google.com/bot.html)"
64.233.172.17 - - [20/Jul/2009:20:33:29 -0700] "GET /gwidgets/alexa.xml HTTP/1.1" 200 2969 "-" "Mozilla/5.0 (compatible) Feedfetcher-Google; (+http://www.google.com/feedfetcher.html)"
174.36.228.156 - - [20/Jul/2009:20:33:48 -0700] "GET / HTTP/1.1" 200 17933 "-" "Mozilla/5.0 (X11; U; Linux i686; en-US; rv:1.2.1; aggregator:Spinn3r (Spinn3r 3.1); http://spinn3r.com/robot) Gecko/20021130"
66.249.67.3 - - [20/Jul/2009:20:34:34 -0700] "GET /gallery/main.php?g2_view=search.SearchScan&g2_form%5BuseDefaultSettings%5D=1&g2_return=%2Fgallery%2Fmain.php%3Fg2_itemId%3D15591&g2_returnName=photo HTTP/1.1" 200 6360 "-" "Mozilla/5.0 (compatible; Googlebot/2.1; +http://www.google.com/bot.html)"
65.55.106.193 - - [20/Jul/2009:20:34:36 -0700] "GET /gallery/main.php?g2_view=search.SearchScan&g2_form%5BuseDefaultSettings%5D=1&g2_return=%2Fgallery%2Fmain.php%3Fg2_itemId%3D549&g2_returnName=photo HTTP/1.1" 200 6360 "-" "msnbot/2.0b (+http://search.msn.com/msnbot.htm)"
74.125.74.193 - - [20/Jul/2009:20:35:21 -0700] "GET /gadgets/adpowers/AlexaRank/g.xml HTTP/1.1" 200 3164 "-" "Mozilla/5.0 (compatible) Feedfetcher-Google; (+http://www.google.com/feedfetcher.html)"
74.125.74.193 - - [20/Jul/2009:20:35:22 -0700] "GET /gadgets/adpowers/AlexaRank/ALL_ALL.xml HTTP/1.1" 200 1160 "-" "Mozilla/5.0 (compatible) Feedfetcher-Google; (+http://www.google.com/feedfetcher.html)"
74.125.74.193 - - [20/Jul/2009:20:35:23 -0700] "GET /gadgets/adpowers/AlexaRank/ja_ALL.xml HTTP/1.1" 200 1264 "-" "Mozilla/5.0 (compatible) Feedfetcher-Google; (+http://www.google.com/feedfetcher.html)"
66.249.67.3 - - [20/Jul/2009:20:35:41 -0700] "GET /gallery/main.php?g2_view=search.SearchScan&g2_form%5BuseDefaultSettings%5D=1&g2_return=%2Fgallery%2Fmain.php%3Fg2_itemId%3D15684&g2_returnName=photo HTTP/1.1" 200 6360 "-" "Mozilla/5.0 (compatible; Googlebot/2.1; +http://www.google.com/bot.html)"
72.14.192.65 - - [20/Jul/2009:20:36:28 -0700] "GET /gwidgets/alexa.xml HTTP/1.1" 200 2969 "-" "Mozilla/5.0 (compatible) Feedfetcher-Google; (+http://www.google.com/feedfetcher.html)"
66.249.67.3 - - [20/Jul/2009:20:36:46 -0700] "GET /gallery/main.php?g2_controller=exif.SwitchDetailMode&g2_mode=detailed&g2_return=%2Fgallery%2Fmain.php%3Fg2_itemId%3D15750&g2_returnName=photo HTTP/1.1" 302 5 "-" "Mozilla/5.0 (compatible; Googlebot/2.1; +http://www.google.com/bot.html)"
74.125.74.193 - - [20/Jul/2009:20:36:49 -0700] "GET /gwidgets/alexa.xml HTTP/1.1" 200 2969 "-" "Mozilla/5.0 (compatible) Feedfetcher-Google; (+http://www.google.com/feedfetcher.html)"
64.233.173.2 - - [20/Jul/2009:20:36:50 -0700] "GET /gadgets/adpowers/AlexaRank/g.xml HTTP/1.1" 200 3164 "-" "FeedFetcher-Google; (+http://www.google.com/feedfetcher.html)"
66.249.67.3 - - [20/Jul/2009:20:36:50 -0700] "GET /gallery/main.php?g2_itemId=15750&g2_fromNavId=x93007fa9 HTTP/1.1" 200 8069 "-" "Mozilla/5.0 (compatible; Googlebot/2.1; +http://www.google.com/bot.html)"
65.55.51.111 - - [20/Jul/2009:20:36:51 -0700] "GET /robots.txt HTTP/1.1" 200 590 "-" "msnbot/2.0b (+http://search.msn.com/msnbot.htm)"
72.14.194.1 - - [20/Jul/2009:20:37:16 -0700] "GET /gwidgets/alexa.xml HTTP/1.1" 200 2969 "-" "Mozilla/5.0 (compatible) Feedfetcher-Google; (+http://www.google.com/feedfetcher.html)"
65.55.208.190 - - [20/Jul/2009:20:37:18 -0700] "GET /gallery/main.php?g2_itemId=16360 HTTP/1.1" 200 8099 "-" "msnbot/1.1 (+http://search.msn.com/msnbot.htm)"
66.249.67.3 - - [20/Jul/2009:20:37:21 -0700] "GET /gallery/main.php?g2_controller=exif.SwitchDetailMode&g2_mode=detailed&g2_return=%2Fgallery%2Fmain.php%3Fg2_itemId%3D30893%26g2_imageViewsIndex%3D1&g2_returnName=photo HTTP/1.1" 302 5 "-" "Mozilla/5.0 (compatible; Googlebot/2.1; +http://www.google.com/bot.html)"
66.249.67.3 - - [20/Jul/2009:20:37:24 -0700] "GET /gallery/main.php?g2_itemId=30893&g2_imageViewsIndex=1&g2_fromNavId=x708095df HTTP/1.1" 200 8298 "-" "Mozilla/5.0 (compatible; Googlebot/2.1; +http://www.google.com/bot.html)"
64.233.172.17 - - [20/Jul/2009:20:37:28 -0700] "GET /gwidgets/alexa.xml HTTP/1.1" 200 2969 "-" "Mozilla/5.0 (compatible) Feedfetcher-Google; (+http://www.google.com/feedfetcher.html)"
64.233.172.17 - - [20/Jul/2009:20:37:48 -0700] "GET /gwidgets/alexa.xml HTTP/1.1" 200 2969 "-" "Mozilla/5.0 (compatible) Feedfetcher-Google; (+http://www.google.com/feedfetcher.html)"
72.30.142.87 - - [20/Jul/2009:20:37:51 -0700] "GET /gallery/main.php?g2_itemId=26148 HTTP/1.0" 200 7245 "-" "Mozilla/5.0 (compatible; Yahoo! Slurp/3.0; http://help.yahoo.com/help/us/ysearch/slurp)"
66.249.67.3 - - [20/Jul/2009:20:37:54 -0700] "GET /gallery/main.php?g2_itemId=15371&g2_highlightId=15789 HTTP/1.1" 302 5 "-" "Mozilla/5.0 (compatible; Googlebot/2.1; +http://www.google.com/bot.html)"
174.36.241.155 - - [20/Jul/2009:20:38:25 -0700] "GET /rss.pl HTTP/1.1" 200 35942 "-" "Mozilla/5.0 (X11; U; Linux i686; en-US; rv:1.2.1; aggregator:Spinn3r (Spinn3r 3.1); http://spinn3r.com/robot) Gecko/20021130"
220.181.7.18 - - [20/Jul/2009:20:38:39 -0700] "GET /style.css HTTP/1.1" 200 1504 "-" "Baiduspider+(+http://www.baidu.com/search/spider.htm)"
74.125.16.65 - - [20/Jul/2009:20:38:51 -0700] "GET /gadgets/adpowers/AlexaRank/g.xml HTTP/1.1" 200 3164 "-" "Mozilla/5.0 (compatible) Feedfetcher-Google; (+http://www.google.com/feedfetcher.html)"
74.125.16.65 - - [20/Jul/2009:20:38:52 -0700] "GET /gadgets/adpowers/AlexaRank/ALL_ALL.xml HTTP/1.1" 200 1160 "-" "Mozilla/5.0 (compatible) Feedfetcher-Google; (+http://www.google.com/feedfetcher.html)"
66.249.67.3 - - [20/Jul/2009:20:39:00 -0700] "GET /gallery/main.php?g2_view=search.SearchScan&g2_form%5BuseDefaultSettings%5D=1&g2_return=%2Fgallery%2Fmain.php%3Fg2_itemId%3D32272&g2_returnName=photo HTTP/1.1" 200 6360 "-" "Mozilla/5.0 (compatible; Googlebot/2.1; +http://www.google.com/bot.html)"
74.125.74.193 - - [20/Jul/2009:20:39:04 -0700] "GET /gadgets/adpowers/AlexaRank/g.xml HTTP/1.1" 200 3164 "-" "FeedFetcher-Google; (+http://www.google.com/feedfetcher.html)"
65.55.217.54 - - [20/Jul/2009:20:39:46 -0700] "GET /robots.txt HTTP/1.1" 200 590 "-" "Mozilla/4.0"
65.55.217.54 - - [20/Jul/2009:20:39:47 -0700] "GET /images/blueman.png HTTP/1.1" 200 63876 "-" "Mozilla/4.0"
66.249.67.3 - - [20/Jul/2009:20:40:07 -0700] "GET /gallery/main.php?g2_view=search.SearchScan&g2_form%5BuseDefaultSettings%5D=1&g2_return=%2Fgallery%2Fmain.php%3Fg2_itemId%3D22566&g2_returnName=photo HTTP/1.1" 200 6360 "-" "Mozilla/5.0 (compatible; Googlebot/2.1; +http://www.google.com/bot.html)"
24.183.197.231 - - [20/Jul/2009:20:40:24 -0700] "GET /gnucache/index.php?get=1&net=gnutella&client=GNUC&version=1.1.1.6 HTTP/1.1" 404 146 "-" "Mozilla/4.0"
74.125.74.193 - - [20/Jul/2009:20:40:26 -0700] "GET /gadgets/adpowers/AlexaRank/g.xml HTTP/1.1" 200 3164 "-" "Mozilla/5.0 (compatible) Feedfetcher-Google; (+http://www.google.com/feedfetcher.html)"
74.125.74.193 - - [20/Jul/2009:20:40:27 -0700] "GET /gadgets/adpowers/AlexaRank/ALL_ALL.xml HTTP/1.1" 200 1160 "-" "Mozilla/5.0 (compatible) Feedfetcher-Google; (+http://www.google.com/feedfetcher.html)"
74.125.74.193 - - [20/Jul/2009:20:40:28 -0700] "GET /gadgets/adpowers/AlexaRank/ja_ALL.xml HTTP/1.1" 200 1264 "-" "Mozilla/5.0 (compatible) Feedfetcher-Google; (+http://www.google.com/feedfetcher.html)"
72.30.142.87 - - [20/Jul/2009:20:40:40 -0700] "GET /gallery/main.php?g2_itemId=24850&g2_fromNavId=x3f67a032 HTTP/1.0" 200 7936 "-" "Mozilla/5.0 (compatible; Yahoo! Slurp/3.0; http://help.yahoo.com/help/us/ysearch/slurp)"
64.233.172.17 - - [20/Jul/2009:20:40:43 -0700] "GET /gadgets/adpowers/AlexaRank/g.xml HTTP/1.1" 200 3164 "-" "Mozilla/5.0 (compatible) Feedfetcher-Google; (+http://www.google.com/feedfetcher.html)"
74.125.75.17 - - [20/Jul/2009:20:40:44 -0700] "GET /gadgets/adpowers/AlexaRank/ALL_ALL.xml HTTP/1.1" 200 1160 "-" "Mozilla/5.0 (compatible) Feedfetcher-Google; (+http://www.google.com/feedfetcher.html)"
220.181.7.38 - - [20/Jul/2009:20:41:00 -0700] "GET /?tag=rant HTTP/1.1" 200 8159 "-" "Baiduspider+(+http://www.baidu.com/search/spider.htm)"
66.249.67.3 - - [20/Jul/2009:20:41:13 -0700] "GET /gallery/main.php?g2_itemId=19463&g2_highlightId=19651 HTTP/1.1" 302 5 "-" "Mozilla/5.0 (compatible; Googlebot/2.1; +http://www.google.com/bot.html)"
66.249.67.3 - - [20/Jul/2009:20:41:17 -0700] "GET /gallery/main.php?g2_itemId=19463&g2_page=3 HTTP/1.1" 200 20244 "-" "Mozilla/5.0 (compatible; Googlebot/2.1; +http://www.google.com/bot.html)"
66.249.67.3 - - [20/Jul/2009:20:42:09 -0700] "GET /gallery/main.php?g2_controller=exif.SwitchDetailMode&g2_mode=detailed&g2_return=%2Fgallery%2Fmain.php%3Fg2_itemId%3D10742%26g2_imageViewsIndex%3D1&g2_returnName=photo HTTP/1.1" 302 5 "-" "Mozilla/5.0 (compatible; Googlebot/2.1; +http://www.google.com/bot.html)"
66.249.67.3 - - [20/Jul/2009:20:42:13 -0700] "GET /gallery/main.php?g2_itemId=10742&g2_imageViewsIndex=1&g2_fromNavId=xe07ec4bb HTTP/1.1" 200 8171 "-" "Mozilla/5.0 (compatible; Googlebot/2.1; +http://www.google.com/bot.html)"
66.249.67.3 - - [20/Jul/2009:20:42:20 -0700] "GET /gallery/main.php?g2_itemId=15371&g2_highlightId=15684 HTTP/1.1" 302 5 "-" "Mozilla/5.0 (compatible; Googlebot/2.1; +http://www.google.com/bot.html)"
65.55.208.191 - - [20/Jul/2009:20:42:37 -0700] "GET /gallery/main.php?g2_view=search.SearchScan&g2_form%5BuseDefaultSettings%5D=1&g2_return=%2Fgallery%2Fmain.php%3Fg2_itemId%3D32078&g2_returnName=album HTTP/1.1" 200 6360 "-" "msnbot/1.1 (+http://search.msn.com/msnbot.htm)"
64.233.173.2 - - [20/Jul/2009:20:42:43 -0700] "GET /gwidgets/alexa.xml HTTP/1.1" 200 2969 "-" "Mozilla/5.0 (compatible) Feedfetcher-Google; (+http://www.google.com/feedfetcher.html)"
66.249.67.3 - - [20/Jul/2009:20:43:06 -0700] "GET /gallery/main.php?g2_itemId=33491&g2_highlightId=33503 HTTP/1.1" 302 5 "-" "Mozilla/5.0 (compatible; Googlebot/2.1; +http://www.google.com/bot.html)"
220.181.7.40 - - [20/Jul/2009:20:43:22 -0700] "GET /?post=317 HTTP/1.1" 200 7593 "-" "Baiduspider+(+http://www.baidu.com/search/spider.htm)"
66.249.67.3 - - [20/Jul/2009:20:43:26 -0700] "GET /gallery/main.php?g2_controller=exif.SwitchDetailMode&g2_mode=detailed&g2_return=%2Fgallery%2Fmain.php%3Fg2_itemId%3D15777&g2_returnName=photo HTTP/1.1" 302 5 "-" "Mozilla/5.0 (compatible; Googlebot/2.1; +http://www.google.com/bot.html)"
66.249.67.3 - - [20/Jul/2009:20:43:29 -0700] "GET /gallery/main.php?g2_itemId=15777&g2_fromNavId=x491a1647 HTTP/1.1" 200 8069 "-" "Mozilla/5.0 (compatible; Googlebot/2.1; +http://www.google.com/bot.html)"
72.30.142.87 - - [20/Jul/2009:20:43:37 -0700] "GET /gallery/main.php?g2_itemId=32105 HTTP/1.0" 200 19144 "-" "Mozilla/5.0 (compatible; Yahoo! Slurp/3.0; http://help.yahoo.com/help/us/ysearch/slurp)"
64.233.172.17 - - [20/Jul/2009:20:43:50 -0700] "GET /gadgets/adpowers/AlexaRank/g.xml HTTP/1.1" 200 3164 "-" "Mozilla/5.0 (compatible) Feedfetcher-Google; (+http://www.google.com/feedfetcher.html)"
64.233.172.17 - - [20/Jul/2009:20:43:51 -0700] "GET /gadgets/adpowers/AlexaRank/ALL_ALL.xml HTTP/1.1" 200 1160 "-" "Mozilla/5.0 (compatible) Feedfetcher-Google; (+http://www.google.com/feedfetcher.html)"
74.125.75.17 - - [20/Jul/2009:20:43:57 -0700] "GET /gadgets/adpowers/AlexaRank/g.xml HTTP/1.1" 200 3164 "-" "FeedFetcher-Google; (+http://www.google.com/feedfetcher.html)"
64.233.172.17 - - [20/Jul/2009:20:43:59 -0700] "GET /gadgets/adpowers/AlexaRank/g.xml HTTP/1.1" 200 3164 "-" "Mozilla/5.0 (compatible) Feedfetcher-Google; (+http://www.google.com/feedfetcher.html)"
64.233.173.2 - - [20/Jul/2009:20:44:00 -0700] "GET /gadgets/adpowers/AlexaRank/ALL_ALL.xml HTTP/1.1" 200 1160 "-" "Mozilla/5.0 (compatible) Feedfetcher-Google; (+http://www.google.com/feedfetcher.html)"
72.14.192.65 - - [20/Jul/2009:20:44:24 -0700] "GET /gadgets/adpowers/AlexaRank/g.xml HTTP/1.1" 200 3164 "-" "Mozilla/5.0 (compatible) Feedfetcher-Google; (+http://www.google.com/feedfetcher.html)"
72.14.192.65 - - [20/Jul/2009:20:44:24 -0700] "GET /gadgets/adpowers/AlexaRank/ALL_ALL.xml HTTP/1.1" 200 1160 "-" "Mozilla/5.0 (compatible) Feedfetcher-Google; (+http://www.google.com/feedfetcher.html)"
74.125.74.193 - - [20/Jul/2009:20:44:28 -0700] "GET /gwidgets/alexa.xml HTTP/1.1" 200 2969 "-" "Mozilla/5.0 (compatible) Feedfetcher-Google; (+http://www.google.com/feedfetcher.html)"
66.249.67.3 - - [20/Jul/2009:20:44:33 -0700] "GET /gallery/main.php?g2_view=search.SearchScan&g2_form%5BuseDefaultSettings%5D=1&g2_return=%2Fgallery%2Fmain.php%3Fg2_itemId%3D15744&g2_returnName=photo HTTP/1.1" 200 6360 "-" "Mozilla/5.0 (compatible; Googlebot/2.1; +http://www.google.com/bot.html)"
65.55.110.28 - - [20/Jul/2009:20:44:39 -0700] "GET /gallery/main.php?g2_itemId=16360 HTTP/1.1" 200 8119 "http://www.bing.com/search?q=value" "Mozilla/4.0 (compatible;  MSIE 6.0;  Windows NT 5.1;  SLCC1;  .NET CLR 1.1.4325;  .NET CLR 2.0.40607;  .NET CLR 3.0.04506.648)"
65.55.110.28 - - [20/Jul/2009:20:44:40 -0700] "GET /gallery/modules/rating/rating.css HTTP/1.1" 200 1355 "http://example.org/gallery/main.php?g2_itemId=16360" "Mozilla/4.0 (compatible;  MSIE 6.0;  Windows NT 5.1;  SLCC1;  .NET CLR 1.1.4325;  .NET CLR 2.0.40607;  .NET CLR 3.0.04506.648)"
65.55.110.28 - - [20/Jul/2009:20:44:41 -0700] "GET /gallery/modules/icons/iconpacks/paularmstrongdesigns/icons.css HTTP/1.1" 200 8847 "http://example.org/gallery/main.php?g2_itemId=16360" "Mozilla/4.0 (compatible;  MSIE 6.0;  Windows NT 5.1;  SLCC1;  .NET CLR 1.1.4325;  .NET CLR 2.0.40607;  .NET CLR 3.0.04506.648)"
173.19.25.221 - - [20/Jul/2009:20:44:42 -0700] "GET /gnucache/index.php?ip=173.19.25.221%3A5846&url=http%3A%2F%2Fgcache.c0re.net%2F&net=gnutella&client=GNUC&version=1.1.1.6&update=1 HTTP/1.1" 404 146 "-" "Mozilla/4.0"
65.55.110.28 - - [20/Jul/2009:20:44:43 -0700] "GET /gallery/modules/search/SearchBlock.js HTTP/1.1" 200 992 "http://example.org/gallery/main.php?g2_itemId=16360" "Mozilla/4.0 (compatible;  MSIE 6.0;  Windows NT 5.1;  SLCC1;  .NET CLR 1.1.4325;  .NET CLR 2.0.40607;  .NET CLR 3.0.04506.648)"
65.55.110.28 - - [20/Jul/2009:20:44:43 -0700] "GET /gallery/modules/core/data/gallery.css HTTP/1.1" 200 9535 "http://example.org/gallery/main.php?g2_itemId=16360" "Mozilla/4.0 (compatible;  MSIE 6.0;  Windows NT 5.1;  SLCC1;  .NET CLR 1.1.4325;  .NET CLR 2.0.40607;  .NET CLR 3.0.04506.648)"
65.55.110.28 - - [20/Jul/2009:20:44:47 -0700] "GET /gallery/lib/yui/yahoo-min.js HTTP/1.1" 200 1419 "http://example.org/gallery/main.php?g2_itemId=16360" "Mozilla/4.0 (compatible;  MSIE 6.0;  Windows NT 5.1;  SLCC1;  .NET CLR 1.1.4325;  .NET CLR 2.0.40607;  .NET CLR 3.0.04506.648)"
65.55.110.28 - - [20/Jul/2009:20:44:48 -0700] "GET /gallery/lib/yui/connection-min.js HTTP/1.1" 200 7959 "http://example.org/gallery/main.php?g2_itemId=16360" "Mozilla/4.0 (compatible;  MSIE 6.0;  Windows NT 5.1;  SLCC1;  .NET CLR 1.1.4325;  .NET CLR 2.0.40607;  .NET CLR 3.0.04506.648)"
65.55.110.28 - - [20/Jul/2009:20:44:51 -0700] "GET /gallery/modules/rating/rating.js HTTP/1.1" 200 3066 "http://example.org/gallery/main.php?g2_itemId=16360" "Mozilla/4.0 (compatible;  MSIE 6.0;  Windows NT 5.1;  SLCC1;  .NET CLR 1.1.4325;  .NET CLR 2.0.40607;  .NET CLR 3.0.04506.648)"
65.55.110.28 - - [20/Jul/2009:20:44:53 -0700] "GET /gallery/themes/matrix/theme.css HTTP/1.1" 200 12605 "http://example.org/gallery/main.php?g2_itemId=16360" "Mozilla/4.0 (compatible;  MSIE 6.0;  Windows NT 5.1;  SLCC1;  .NET CLR 1.1.4325;  .NET CLR 2.0.40607;  .NET CLR 3.0.04506.648)"
72.30.142.87 - - [20/Jul/2009:20:45:17 -0700] "GET /gallery/main.php?g2_itemId=18146 HTTP/1.0" 200 8263 "-" "Mozilla/5.0 (compatible; Yahoo! Slurp/3.0; http://help.yahoo.com/help/us/ysearch/slurp)"
66.249.67.3 - - [20/Jul/2009:20:45:21 -0700] "GET /gallery/main.php?g2_view=core.DownloadItem&g2_itemId=13850&g2_serialNumber=1 HTTP/1.1" 200 113846 "-" "Googlebot-Image/1.0"
64.233.172.17 - - [20/Jul/2009:20:45:26 -0700] "GET /images/alexarankthumb.jpg HTTP/1.1" 200 2307 "-" "Mozilla/5.0 (compatible) Feedfetcher-Google; (+http://www.google.com/feedfetcher.html)"
66.249.67.3 - - [20/Jul/2009:20:45:40 -0700] "GET /gallery/main.php?g2_itemId=15371&g2_highlightId=15717 HTTP/1.1" 302 5 "-" "Mozilla/5.0 (compatible; Googlebot/2.1; +http://www.google.com/bot.html)"
220.181.7.50 - - [20/Jul/2009:20:45:43 -0700] "GET /?post=307 HTTP/1.1" 200 4812 "-" "Baiduspider+(+http://www.baidu.com/search/spider.htm)"
65.55.106.232 - - [20/Jul/2009:20:45:47 -0700] "GET /gallery/main.php?g2_itemId=26801 HTTP/1.1" 200 8297 "-" "msnbot/2.0b (+http://search.msn.com/msnbot.htm)"
66.249.67.3 - - [20/Jul/2009:20:46:46 -0700] "GET /gallery/main.php?g2_view=core.UserAdmin&g2_subView=core.UserLogin&g2_return=%2Fgallery%2Fmain.php%3Fg2_itemId%3D15795&g2_returnName=photo HTTP/1.1" 200 4004 "-" "Mozilla/5.0 (compatible; Googlebot/2.1; +http://www.google.com/bot.html)"
72.14.192.65 - - [20/Jul/2009:20:46:47 -0700] "GET /gwidgets/alexa.xml HTTP/1.1" 200 2969 "-" "Mozilla/5.0 (compatible) Feedfetcher-Google; (+http://www.google.com/feedfetcher.html)"
72.14.194.1 - - [20/Jul/2009:20:46:52 -0700] "GET /gwidgets/alexa.xml HTTP/1.1" 200 2969 "-" "Mozilla/5.0 (compatible) Feedfetcher-Google; (+http://www.google.com/feedfetcher.html)"
66.249.67.3 - - [20/Jul/2009:20:46:57 -0700] "GET /gallery/main.php?g2_controller=exif.SwitchDetailMode&g2_mode=detailed&g2_return=%2Fgallery%2Fmain.php%3Fg2_itemId%3D30911&g2_returnName=photo HTTP/1.1" 302 5 "-" "Mozilla/5.0 (compatible; Googlebot/2.1; +http://www.google.com/bot.html)"
66.249.67.3 - - [20/Jul/2009:20:47:02 -0700] "GET /gallery/main.php?g2_itemId=30911&g2_fromNavId=xcbcac8c7 HTTP/1.1" 200 8186 "-" "Mozilla/5.0 (compatible; Googlebot/2.1; +http://www.google.com/bot.html)"
74.125.16.65 - - [20/Jul/2009:20:47:24 -0700] "GET /gwidgets/alexa.xml HTTP/1.1" 200 2969 "-" "Mozilla/5.0 (compatible) Feedfetcher-Google; (+http://www.google.com/feedfetcher.html)"
72.14.194.1 - - [20/Jul/2009:20:47:37 -0700] "GET /gadgets/adpowers/AlexaRank/ALL_ALL.xml HTTP/1.1" 200 1160 "-" "FeedFetcher-Google; (+http://www.google.com/feedfetcher.html)"
72.14.194.1 - - [20/Jul/2009:20:47:37 -0700] "GET /gadgets/adpowers/AlexaRank/g.xml HTTP/1.1" 200 3164 "-" "FeedFetcher-Google; (+http://www.google.com/feedfetcher.html)"
220.181.7.16 - - [20/Jul/2009:20:48:04 -0700] "GET /?page=tshirts HTTP/1.1" 200 6011 "-" "Baiduspider+(+http://www.baidu.com/search/spider.htm)"
72.14.194.1 - - [20/Jul/2009:20:48:13 -0700] "GET /gadgets/adpowers/AlexaRank/g.xml HTTP/1.1" 200 3164 "-" "Mozilla/5.0 (compatible) Feedfetcher-Google; (+http://www.google.com/feedfetcher.html)"
72.14.194.1 - - [20/Jul/2009:20:48:14 -0700] "GET /gadgets/adpowers/AlexaRank/ALL_ALL.xml HTTP/1.1" 200 1160 "-" "Mozilla/5.0 (compatible) Feedfetcher-Google; (+http://www.google.com/feedfetcher.html)"
74.125.74.193 - - [20/Jul/2009:20:48:57 -0700] "GET /gadgets/adpowers/AlexaRank/g.xml HTTP/1.1" 200 3164 "-" "Mozilla/5.0 (compatible) Feedfetcher-Google; (+http://www.google.com/feedfetcher.html)"
74.125.74.193 - - [20/Jul/2009:20:48:58 -0700] "GET /gadgets/adpowers/AlexaRank/ALL_ALL.xml HTTP/1.1" 200 1160 "-" "Mozilla/5.0 (compatible) Feedfetcher-Google; (+http://www.google.com/feedfetcher.html)"
74.125.74.193 - - [20/Jul/2009:20:48:59 -0700] "GET /gadgets/adpowers/AlexaRank/ja_ALL.xml HTTP/1.1" 200 1264 "-" "Mozilla/5.0 (compatible) Feedfetcher-Google; (+http://www.google.com/feedfetcher.html)"
66.249.67.3 - - [20/Jul/2009:20:49:00 -0700] "GET /gallery/main.php?g2_view=search.SearchScan&g2_form%5BuseDefaultSettings%5D=1&g2_return=%2Fgallery%2Fmain.php%3Fg2_itemId%3D15690&g2_returnName=photo HTTP/1.1" 200 6360 "-" "Mozilla/5.0 (compatible; Googlebot/2.1; +http://www.google.com/bot.html)"
193.189.143.245 - - [20/Jul/2009:20:49:23 -0700] "GET /rss.pl HTTP/1.0" 200 35867 "-" "Netvibes (http://www.netvibes.com/; 6 subscribers; feedId: 422917)"
74.125.74.193 - - [20/Jul/2009:20:49:23 -0700] "GET /gadgets/adpowers/AlexaRank/ALL_ALL.xml HTTP/1.1" 200 1160 "-" "FeedFetcher-Google; (+http://www.google.com/feedfetcher.html)"
74.125.75.17 - - [20/Jul/2009:20:49:29 -0700] "GET /gwidgets/alexa.xml HTTP/1.1" 200 2969 "-" "FeedFetcher-Google; (+http://www.google.com/feedfetcher.html)"
83.119.231.95 - - [20/Jul/2009:20:49:37 -0700] "GET /rss.pl HTTP/1.1" 200 35942 "-" "Mozilla/5.0 (X11; U; Linux i686; nl; rv:1.9.0.10) Gecko/2009050616 Gentoo Firefox/3.0.10"
66.249.67.87 - - [20/Jul/2009:20:50:07 -0700] "GET /gallery/main.php?g2_itemId=32812 HTTP/1.1" 200 6959 "-" "Mozilla/5.0 (compatible; Googlebot/2.1; +http://www.google.com/bot.html)"
65.55.208.186 - - [20/Jul/2009:20:50:10 -0700] "GET /gallery/main.php?g2_controller=exif.SwitchDetailMode&g2_mode=detailed&g2_return=%2Fgallery%2Fmain.php%3Fg2_itemId%3D3346&g2_returnName=photo HTTP/1.1" 302 5 "-" "msnbot/1.1 (+http://search.msn.com/msnbot.htm)"
94.231.80.100 - - [20/Jul/2009:20:50:14 -0700] "GET /gnucache/index.php?get=1&net=gnutella&client=GNUC&version=1.1.1.6 HTTP/1.0" 404 146 "-" "Mozilla/4.0"
65.55.208.191 - - [20/Jul/2009:20:50:30 -0700] "GET /gallery/main.php?g2_controller=exif.SwitchDetailMode&g2_mode=detailed&g2_return=%2Fgallery%2Fmain.php%3Fg2_itemId%3D3705&g2_returnName=photo HTTP/1.1" 302 5 "-" "msnbot/1.1 (+http://search.msn.com/msnbot.htm)"
74.125.74.193 - - [20/Jul/2009:20:50:34 -0700] "GET /gwidgets/alexa.xml HTTP/1.1" 200 2969 "-" "Mozilla/5.0 (compatible) Feedfetcher-Google; (+http://www.google.com/feedfetcher.html)"
65.55.208.191 - - [20/Jul/2009:20:50:38 -0700] "GET /gallery/main.php?g2_view=core.UserAdmin&g2_subView=core.UserLogin&g2_return=%2Fgallery%2Fmain.php%3Fg2_itemId%3D3684&g2_returnName=photo HTTP/1.1" 200 4001 "-" "msnbot/1.1 (+http://search.msn.com/msnbot.htm)"
220.181.7.47 - - [20/Jul/2009:20:50:40 -0700] "GET /?news=all HTTP/1.1" 200 588111 "-" "Baiduspider+(+http://www.baidu.com/search/spider.htm)"
66.249.67.87 - - [20/Jul/2009:20:50:51 -0700] "GET /gallery/main.php?g2_itemId=26579&g2_imageViewsIndex=1&g2_fromNavId=x7e1f21db HTTP/1.1" 200 8774 "-" "Mozilla/5.0 (compatible; Googlebot/2.1; +http://www.google.com/bot.html)"
66.249.67.87 - - [20/Jul/2009:20:50:53 -0700] "GET /gallery/main.php?g2_view=core.UserAdmin&g2_subView=core.UserLogin&g2_return=%2Fgallery%2Fmain.php%3Fg2_view%3Dcomment.ShowAllComments%26g2_itemId%3D26541&g2_returnName=show+comments HTTP/1.1" 200 4121 "-" "Mozilla/5.0 (compatible; Googlebot/2.1; +http://www.google.com/bot.html)"
72.30.142.87 - - [20/Jul/2009:20:50:55 -0700] "GET /r.pl?http://www.eff.org/privacy/cappsii/ HTTP/1.0" 302 291 "-" "Mozilla/5.0 (compatible; Yahoo! Slurp/3.0; http://help.yahoo.com/help/us/ysearch/slurp)"
66.249.67.87 - - [20/Jul/2009:20:50:57 -0700] "GET /gallery/main.php?g2_itemId=3301&g2_imageViewsIndex=1&g2_fromNavId=x0a5e0311 HTTP/1.1" 200 8148 "-" "Mozilla/5.0 (compatible; Googlebot/2.1; +http://www.google.com/bot.html)"
66.249.67.87 - - [20/Jul/2009:20:51:00 -0700] "GET /gallery/main.php?g2_view=core.UserAdmin&g2_subView=core.UserLogin&g2_return=%2Fgallery%2Fmain.php%3Fg2_view%3Dcomment.ShowAllComments%26g2_itemId%3D26579&g2_returnName=show+comments HTTP/1.1" 200 4121 "-" "Mozilla/5.0 (compatible; Googlebot/2.1; +http://www.google.com/bot.html)"
66.249.67.3 - - [20/Jul/2009:20:51:03 -0700] "GET /gallery/main.php?g2_view=comment.ShowAllComments&g2_itemId=20089&g2_fromNavId=xdb3838bd HTTP/1.1" 200 5099 "-" "Mozilla/5.0 (compatible; Googlebot/2.1; +http://www.google.com/bot.html)"
66.249.67.87 - - [20/Jul/2009:20:51:07 -0700] "GET /gallery/main.php?g2_itemId=26541&g2_imageViewsIndex=1&g2_fromNavId=xaef34eac HTTP/1.1" 200 8123 "-" "Mozilla/5.0 (compatible; Googlebot/2.1; +http://www.google.com/bot.html)"
66.249.67.3 - - [20/Jul/2009:20:51:13 -0700] "GET /gallery/main.php?g2_itemId=15371&g2_highlightId=15699 HTTP/1.1" 302 5 "-" "Mozilla/5.0 (compatible; Googlebot/2.1; +http://www.google.com/bot.html)"
65.55.106.164 - - [20/Jul/2009:20:51:28 -0700] "GET /gallery/main.php?g2_view=keyalbum.KeywordAlbum&g2_keyword=robert+hui&g2_itemId=2915 HTTP/1.1" 200 9704 "-" "msnbot/2.0b (+http://search.msn.com/msnbot.htm)"
72.14.192.65 - - [20/Jul/2009:20:51:37 -0700] "GET /gadgets/adpowers/AlexaRank/g.xml HTTP/1.1" 200 3164 "-" "Mozilla/5.0 (compatible) Feedfetcher-Google; (+http://www.google.com/feedfetcher.html)"
72.14.192.65 - - [20/Jul/2009:20:51:38 -0700] "GET /gadgets/adpowers/AlexaRank/ALL_ALL.xml HTTP/1.1" 200 1160 "-" "Mozilla/5.0 (compatible) Feedfetcher-Google; (+http://www.google.com/feedfetcher.html)"
72.30.142.87 - - [20/Jul/2009:20:51:38 -0700] "GET /gallery/main.php?g2_itemId=33112 HTTP/1.0" 200 15642 "-" "Mozilla/5.0 (compatible; Yahoo! Slurp/3.0; http://help.yahoo.com/help/us/ysearch/slurp)"
66.249.67.3 - - [20/Jul/2009:20:51:45 -0700] "GET /gallery/main.php?g2_controller=exif.SwitchDetailMode&g2_mode=detailed&g2_return=%2Fgallery%2Fmain.php%3Fg2_itemId%3D7603%26g2_imageViewsIndex%3D1&g2_returnName=photo HTTP/1.1" 302 5 "-" "Mozilla/5.0 (compatible; Googlebot/2.1; +http://www.google.com/bot.html)"
